Archive member included to satisfy reference by file (symbol)

/Users/choqy/workspace/xiaomi_dog/.toolchains/arm-gnu-15.3/bin/../lib/gcc/arm-none-eabi/15.3.1/../../../../arm-none-eabi/lib/thumb/v7e-m+fp/hard/libc_nano.a(libc_a-atof.o)
                              build/release-normal/unsafe/fsm.o (atof)
/Users/choqy/workspace/xiaomi_dog/.toolchains/arm-gnu-15.3/bin/../lib/gcc/arm-none-eabi/15.3.1/../../../../arm-none-eabi/lib/thumb/v7e-m+fp/hard/libc_nano.a(libc_a-atoi.o)
                              build/release-normal/unsafe/fsm.o (atoi)
/Users/choqy/workspace/xiaomi_dog/.toolchains/arm-gnu-15.3/bin/../lib/gcc/arm-none-eabi/15.3.1/../../../../arm-none-eabi/lib/thumb/v7e-m+fp/hard/libc_nano.a(libc_a-exit.o)
                              /Users/choqy/workspace/xiaomi_dog/.toolchains/arm-gnu-15.3/bin/../lib/gcc/arm-none-eabi/15.3.1/../../../../arm-none-eabi/lib/thumb/v7e-m+fp/hard/crt0.o (exit)
/Users/choqy/workspace/xiaomi_dog/.toolchains/arm-gnu-15.3/bin/../lib/gcc/arm-none-eabi/15.3.1/../../../../arm-none-eabi/lib/thumb/v7e-m+fp/hard/libc_nano.a(libc_a-nano-vfprintf_float.o)
                              (_printf_float)
/Users/choqy/workspace/xiaomi_dog/.toolchains/arm-gnu-15.3/bin/../lib/gcc/arm-none-eabi/15.3.1/../../../../arm-none-eabi/lib/thumb/v7e-m+fp/hard/libc_nano.a(libc_a-nano-vfprintf_i.o)
                              /Users/choqy/workspace/xiaomi_dog/.toolchains/arm-gnu-15.3/bin/../lib/gcc/arm-none-eabi/15.3.1/../../../../arm-none-eabi/lib/thumb/v7e-m+fp/hard/libc_nano.a(libc_a-nano-vfprintf_float.o) (_printf_common)
/Users/choqy/workspace/xiaomi_dog/.toolchains/arm-gnu-15.3/bin/../lib/gcc/arm-none-eabi/15.3.1/../../../../arm-none-eabi/lib/thumb/v7e-m+fp/hard/libc_nano.a(libc_a-findfp.o)
                              /Users/choqy/workspace/xiaomi_dog/.toolchains/arm-gnu-15.3/bin/../lib/gcc/arm-none-eabi/15.3.1/../../../../arm-none-eabi/lib/thumb/v7e-m+fp/hard/libc_nano.a(libc_a-exit.o) (__stdio_exit_handler)
/Users/choqy/workspace/xiaomi_dog/.toolchains/arm-gnu-15.3/bin/../lib/gcc/arm-none-eabi/15.3.1/../../../../arm-none-eabi/lib/thumb/v7e-m+fp/hard/libc_nano.a(libc_a-strtod.o)
                              /Users/choqy/workspace/xiaomi_dog/.toolchains/arm-gnu-15.3/bin/../lib/gcc/arm-none-eabi/15.3.1/../../../../arm-none-eabi/lib/thumb/v7e-m+fp/hard/libc_nano.a(libc_a-atof.o) (strtod)
/Users/choqy/workspace/xiaomi_dog/.toolchains/arm-gnu-15.3/bin/../lib/gcc/arm-none-eabi/15.3.1/../../../../arm-none-eabi/lib/thumb/v7e-m+fp/hard/libc_nano.a(libc_a-strtol.o)
                              /Users/choqy/workspace/xiaomi_dog/.toolchains/arm-gnu-15.3/bin/../lib/gcc/arm-none-eabi/15.3.1/../../../../arm-none-eabi/lib/thumb/v7e-m+fp/hard/libc_nano.a(libc_a-atoi.o) (_strtol_r)
/Users/choqy/workspace/xiaomi_dog/.toolchains/arm-gnu-15.3/bin/../lib/gcc/arm-none-eabi/15.3.1/../../../../arm-none-eabi/lib/thumb/v7e-m+fp/hard/libc_nano.a(libc_a-fwalk.o)
                              /Users/choqy/workspace/xiaomi_dog/.toolchains/arm-gnu-15.3/bin/../lib/gcc/arm-none-eabi/15.3.1/../../../../arm-none-eabi/lib/thumb/v7e-m+fp/hard/libc_nano.a(libc_a-findfp.o) (_fwalk_sglue)
/Users/choqy/workspace/xiaomi_dog/.toolchains/arm-gnu-15.3/bin/../lib/gcc/arm-none-eabi/15.3.1/../../../../arm-none-eabi/lib/thumb/v7e-m+fp/hard/libc_nano.a(libc_a-printf.o)
                              build/release-normal/unsafe/main.o (printf)
/Users/choqy/workspace/xiaomi_dog/.toolchains/arm-gnu-15.3/bin/../lib/gcc/arm-none-eabi/15.3.1/../../../../arm-none-eabi/lib/thumb/v7e-m+fp/hard/libc_nano.a(libc_a-puts.o)
                              build/release-normal/unsafe/main.o (puts)
/Users/choqy/workspace/xiaomi_dog/.toolchains/arm-gnu-15.3/bin/../lib/gcc/arm-none-eabi/15.3.1/../../../../arm-none-eabi/lib/thumb/v7e-m+fp/hard/libc_nano.a(libc_a-memmove.o)
                              build/release-normal/unsafe/position_sensor.o (memmove)
/Users/choqy/workspace/xiaomi_dog/.toolchains/arm-gnu-15.3/bin/../lib/gcc/arm-none-eabi/15.3.1/../../../../arm-none-eabi/lib/thumb/v7e-m+fp/hard/libc_nano.a(libc_a-memset.o)
                              /Users/choqy/workspace/xiaomi_dog/.toolchains/arm-gnu-15.3/bin/../lib/gcc/arm-none-eabi/15.3.1/../../../../arm-none-eabi/lib/thumb/v7e-m+fp/hard/crt0.o (memset)
/Users/choqy/workspace/xiaomi_dog/.toolchains/arm-gnu-15.3/bin/../lib/gcc/arm-none-eabi/15.3.1/../../../../arm-none-eabi/lib/thumb/v7e-m+fp/hard/libc_nano.a(libc_a-strncmp.o)
                              /Users/choqy/workspace/xiaomi_dog/.toolchains/arm-gnu-15.3/bin/../lib/gcc/arm-none-eabi/15.3.1/../../../../arm-none-eabi/lib/thumb/v7e-m+fp/hard/libc_nano.a(libc_a-strtod.o) (strncmp)
/Users/choqy/workspace/xiaomi_dog/.toolchains/arm-gnu-15.3/bin/../lib/gcc/arm-none-eabi/15.3.1/../../../../arm-none-eabi/lib/thumb/v7e-m+fp/hard/libc_nano.a(libc_a-errno.o)
                              build/release-normal/unsafe/syscalls.o (__errno)
[...]
Memory Configuration

Name             Origin             Length             Attributes
RAM              0x20000000         0x00010000         xrw
FLASH            0x08000000         0x0003c000         xr
CONFIG           0x0803c000         0x00001000         r
*default*        0x00000000         0xffffffff

Linker script and memory map

LOAD /Users/choqy/workspace/xiaomi_dog/.toolchains/arm-gnu-15.3/bin/../lib/gcc/arm-none-eabi/15.3.1/thumb/v7e-m+fp/hard/crti.o
LOAD /Users/choqy/workspace/xiaomi_dog/.toolchains/arm-gnu-15.3/bin/../lib/gcc/arm-none-eabi/15.3.1/thumb/v7e-m+fp/hard/crtbegin.o
LOAD /Users/choqy/workspace/xiaomi_dog/.toolchains/arm-gnu-15.3/bin/../lib/gcc/arm-none-eabi/15.3.1/../../../../arm-none-eabi/lib/thumb/v7e-m+fp/hard/crt0.o
LOAD build/release-normal/unsafe/main.o
LOAD build/release-normal/unsafe/safety.o
LOAD build/release-normal/unsafe/ivt_protection.o
LOAD build/release-normal/unsafe/gpio.o
LOAD build/release-normal/unsafe/adc.o
LOAD build/release-normal/unsafe/can.o
LOAD build/release-normal/unsafe/config_store.o
LOAD build/release-normal/unsafe/normal_can_protocol.o
LOAD build/release-normal/unsafe/as5047_protocol.o
LOAD build/release-normal/unsafe/diag_protocol.o
LOAD build/release-normal/unsafe/diagnostics.o
LOAD build/release-normal/unsafe/spi.o
LOAD build/release-normal/unsafe/tim.o
LOAD build/release-normal/unsafe/usart.o
LOAD build/release-normal/unsafe/calibration.o
LOAD build/release-normal/unsafe/drv8323.o
LOAD build/release-normal/unsafe/flash_writer.o
LOAD build/release-normal/unsafe/foc.o
LOAD build/release-normal/unsafe/fsm.o
LOAD build/release-normal/unsafe/math_ops.o
LOAD build/release-normal/unsafe/position_sensor.o
LOAD build/release-normal/unsafe/preference_writer.o
LOAD build/release-normal/unsafe/motor_gate.o
LOAD build/release-normal/unsafe/syscalls.o
LOAD build/release-normal/unsafe/sysmem.o
LOAD build/release-normal/unsafe/systick.o
LOAD build/release-normal/unsafe/runtime_watchdog.o
LOAD build/release-normal/unsafe/gd32f30x_it.o
LOAD build/release-normal/unsafe/gd32f30x_adc.o
LOAD build/release-normal/unsafe/gd32f30x_bkp.o
LOAD build/release-normal/unsafe/gd32f30x_can.o
LOAD build/release-normal/unsafe/gd32f30x_crc.o
LOAD build/release-normal/unsafe/gd32f30x_ctc.o
LOAD build/release-normal/unsafe/gd32f30x_dac.o
LOAD build/release-normal/unsafe/gd32f30x_dbg.o
LOAD build/release-normal/unsafe/gd32f30x_dma.o
LOAD build/release-normal/unsafe/gd32f30x_enet.o
LOAD build/release-normal/unsafe/gd32f30x_exmc.o
LOAD build/release-normal/unsafe/gd32f30x_exti.o
LOAD build/release-normal/unsafe/gd32f30x_fmc.o
LOAD build/release-normal/unsafe/gd32f30x_fwdgt.o
LOAD build/release-normal/unsafe/gd32f30x_gpio.o
LOAD build/release-normal/unsafe/gd32f30x_i2c.o
LOAD build/release-normal/unsafe/gd32f30x_misc.o
LOAD build/release-normal/unsafe/gd32f30x_pmu.o
LOAD build/release-normal/unsafe/gd32f30x_rcu.o
LOAD build/release-normal/unsafe/gd32f30x_rtc.o
LOAD build/release-normal/unsafe/gd32f30x_sdio.o
LOAD build/release-normal/unsafe/gd32f30x_spi.o
LOAD build/release-normal/unsafe/gd32f30x_timer.o
LOAD build/release-normal/unsafe/gd32f30x_usart.o
LOAD build/release-normal/unsafe/gd32f30x_wwdgt.o
LOAD build/release-normal/unsafe/system_gd32f30x.o
LOAD build/release-normal/unsafe/startup_gd32f30x_hd.o
LOAD /Users/choqy/workspace/xiaomi_dog/.toolchains/arm-gnu-15.3/bin/../lib/gcc/arm-none-eabi/15.3.1/../../../../arm-none-eabi/lib/thumb/v7e-m+fp/hard/libc_nano.a
LOAD /Users/choqy/workspace/xiaomi_dog/.toolchains/arm-gnu-15.3/bin/../lib/gcc/arm-none-eabi/15.3.1/../../../../arm-none-eabi/lib/thumb/v7e-m+fp/hard/libm.a
LOAD /Users/choqy/workspace/xiaomi_dog/.toolchains/arm-gnu-15.3/bin/../lib/gcc/arm-none-eabi/15.3.1/../../../../arm-none-eabi/lib/thumb/v7e-m+fp/hard/libnosys.a
START GROUP
LOAD /Users/choqy/workspace/xiaomi_dog/.toolchains/arm-gnu-15.3/bin/../lib/gcc/arm-none-eabi/15.3.1/thumb/v7e-m+fp/hard/libgcc.a
LOAD /Users/choqy/workspace/xiaomi_dog/.toolchains/arm-gnu-15.3/bin/../lib/gcc/arm-none-eabi/15.3.1/../../../../arm-none-eabi/lib/thumb/v7e-m+fp/hard/libc_nano.a
END GROUP
START GROUP
LOAD /Users/choqy/workspace/xiaomi_dog/.toolchains/arm-gnu-15.3/bin/../lib/gcc/arm-none-eabi/15.3.1/thumb/v7e-m+fp/hard/libgcc.a
LOAD /Users/choqy/workspace/xiaomi_dog/.toolchains/arm-gnu-15.3/bin/../lib/gcc/arm-none-eabi/15.3.1/../../../../arm-none-eabi/lib/thumb/v7e-m+fp/hard/libc_nano.a
END GROUP
LOAD /Users/choqy/workspace/xiaomi_dog/.toolchains/arm-gnu-15.3/bin/../lib/gcc/arm-none-eabi/15.3.1/thumb/v7e-m+fp/hard/crtend.o
LOAD /Users/choqy/workspace/xiaomi_dog/.toolchains/arm-gnu-15.3/bin/../lib/gcc/arm-none-eabi/15.3.1/thumb/v7e-m+fp/hard/crtn.o
                0x20010000                        _estack = (ORIGIN (RAM) + LENGTH (RAM))
                0x00000200                        _Min_Heap_Size = 0x200
                0x00000400                        _Min_Stack_Size = 0x400

.isr_vector     0x08000000      0x130
                0x08000000                        . = ALIGN (0x4)
 *(.isr_vector)
 .isr_vector    0x08000000      0x130 build/release-normal/unsafe/startup_gd32f30x_hd.o
                0x08000000                g_pfnVectors
                0x08000130                        . = ALIGN (0x4)

.text           0x08000130     0xf72c
                0x08000130                        . = ALIGN (0x4)
 *(.text)
 .text          0x08000130       0xa0 /Users/choqy/workspace/xiaomi_dog/.toolchains/arm-gnu-15.3/bin/../lib/gcc/arm-none-eabi/15.3.1/../../../../arm-none-eabi/lib/thumb/v7e-m+fp/hard/libc_nano.a(libc_a-memchr.o)
                0x08000130                memchr
 .text          0x080001d0       0x10 /Users/choqy/workspace/xiaomi_dog/.toolchains/arm-gnu-15.3/bin/../lib/gcc/arm-none-eabi/15.3.1/../../../../arm-none-eabi/lib/thumb/v7e-m+fp/hard/libc_nano.a(libc_a-strlen.o)
                0x080001d0                strlen
 .text          0x080001e0      0x378 /Users/choqy/workspace/xiaomi_dog/.toolchains/arm-gnu-15.3/bin/../lib/gcc/arm-none-eabi/15.3.1/thumb/v7e-m+fp/hard/libgcc.a(_arm_addsubdf3.o)
                0x080001e0                __aeabi_drsub
                0x080001e8                __subdf3
                0x080001e8                __aeabi_dsub
                0x080001ec                __aeabi_dadd
                0x080001ec                __adddf3
                0x08000464                __aeabi_ui2d
                0x08000464                __floatunsidf
                0x08000484                __floatsidf
                0x08000484                __aeabi_i2d
                0x080004a8                __extendsfdf2
                0x080004a8                __aeabi_f2d
                0x080004ec                __aeabi_ul2d
                0x080004ec                __floatundidf
                0x080004fc                __aeabi_l2d
                0x080004fc                __floatdidf
 .text          0x08000558      0x424 /Users/choqy/workspace/xiaomi_dog/.toolchains/arm-gnu-15.3/bin/../lib/gcc/arm-none-eabi/15.3.1/thumb/v7e-m+fp/hard/libgcc.a(_arm_muldivdf3.o)
                0x08000558                __aeabi_dmul
                0x08000558                __muldf3
                0x080007ac                __aeabi_ddiv
                0x080007ac                __divdf3
 .text          0x0800097c      0x110 /Users/choqy/workspace/xiaomi_dog/.toolchains/arm-gnu-15.3/bin/../lib/gcc/arm-none-eabi/15.3.1/thumb/v7e-m+fp/hard/libgcc.a(_arm_cmpdf2.o)
                0x0800097c                __gedf2
                0x0800097c                __gtdf2
                0x08000984                __ledf2
                0x08000984                __ltdf2
                0x0800098c                __cmpdf2
                0x0800098c                __eqdf2
                0x0800098c                __nedf2
                0x08000a08                __aeabi_cdrcmple
                0x08000a18                __aeabi_cdcmple
                0x08000a18                __aeabi_cdcmpeq
                0x08000a28                __aeabi_dcmpeq
                0x08000a3c                __aeabi_dcmplt
                0x08000a50                __aeabi_dcmple
                0x08000a64                __aeabi_dcmpge
                0x08000a78                __aeabi_dcmpgt
 .text          0x08000a8c       0x2c /Users/choqy/workspace/xiaomi_dog/.toolchains/arm-gnu-15.3/bin/../lib/gcc/arm-none-eabi/15.3.1/thumb/v7e-m+fp/hard/libgcc.a(_arm_unorddf2.o)
                0x08000a8c                __aeabi_dcmpun
                0x08000a8c                __unorddf2
 .text          0x08000ab8       0x50 /Users/choqy/workspace/xiaomi_dog/.toolchains/arm-gnu-15.3/bin/../lib/gcc/arm-none-eabi/15.3.1/thumb/v7e-m+fp/hard/libgcc.a(_arm_fixdfsi.o)
                0x08000ab8                __fixdfsi
                0x08000ab8                __aeabi_d2iz
 .text          0x08000b08       0x40 /Users/choqy/workspace/xiaomi_dog/.toolchains/arm-gnu-15.3/bin/../lib/gcc/arm-none-eabi/15.3.1/thumb/v7e-m+fp/hard/libgcc.a(_arm_fixunsdfsi.o)
                0x08000b08                __fixunsdfsi
                0x08000b08                __aeabi_d2uiz
 .text          0x08000b48       0xa0 /Users/choqy/workspace/xiaomi_dog/.toolchains/arm-gnu-15.3/bin/../lib/gcc/arm-none-eabi/15.3.1/thumb/v7e-m+fp/hard/libgcc.a(_arm_truncdfsf2.o)
                0x08000b48                __aeabi_d2f
                0x08000b48                __truncdfsf2
 *(.text*)
 .text.deregister_tm_clones
                0x08000be8       0x1c /Users/choqy/workspace/xiaomi_dog/.toolchains/arm-gnu-15.3/bin/../lib/gcc/arm-none-eabi/15.3.1/thumb/v7e-m+fp/hard/crtbegin.o
 .text.register_tm_clones
                0x08000c04       0x24 /Users/choqy/workspace/xiaomi_dog/.toolchains/arm-gnu-15.3/bin/../lib/gcc/arm-none-eabi/15.3.1/thumb/v7e-m+fp/hard/crtbegin.o
 .text.__do_global_dtors_aux
                0x08000c28       0x28 /Users/choqy/workspace/xiaomi_dog/.toolchains/arm-gnu-15.3/bin/../lib/gcc/arm-none-eabi/15.3.1/thumb/v7e-m+fp/hard/crtbegin.o
 .text.frame_dummy
                0x08000c50       0x24 /Users/choqy/workspace/xiaomi_dog/.toolchains/arm-gnu-15.3/bin/../lib/gcc/arm-none-eabi/15.3.1/thumb/v7e-m+fp/hard/crtbegin.o
 .text.MX_RCU_Init
                0x08000c74       0x7c build/release-normal/unsafe/main.o
                0x08000c74                MX_RCU_Init
 .text.startup.main
                0x08000cf0      0x40c build/release-normal/unsafe/main.o
                0x08000cf0                main
 .text.safety_outputs_off
                0x080010fc       0x5c build/release-normal/unsafe/safety.o
                0x080010fc                safety_outputs_off
 .text.safety_force_outputs_off
                0x08001158       0x10 build/release-normal/unsafe/safety.o
                0x08001158                safety_force_outputs_off
 .text.safety_get_faults
                0x08001168        0xc build/release-normal/unsafe/safety.o
                0x08001168                safety_get_faults
 .text.safety_clear_faults
                0x08001174       0x10 build/release-normal/unsafe/safety.o
                0x08001174                safety_clear_faults
 .text.ivt_protection_evaluate
                0x08001184      0x17c build/release-normal/unsafe/ivt_protection.o
                0x08001184                ivt_protection_evaluate
 .text.MX_GPIO_Init
                0x08001300      0x158 build/release-normal/unsafe/gpio.o
                0x08001300                MX_GPIO_Init
 .text.MX_ADC01_Init
                0x08001458      0x1d8 build/release-normal/unsafe/adc.o
                0x08001458                MX_ADC01_Init
 .text.MX_ADC2_Init
                0x08001630       0xf4 build/release-normal/unsafe/adc.o
                0x08001630                MX_ADC2_Init
 .text.MX_CAN0_Init
                0x08001724       0x40 build/release-normal/unsafe/can.o
                0x08001724                MX_CAN0_Init
 .text.can_rx_init
                0x08001764       0x34 build/release-normal/unsafe/can.o
                0x08001764                can_rx_init
 .text.can_tx_init
                0x08001798       0x28 build/release-normal/unsafe/can.o
                0x08001798                can_tx_init
 .text.pack_reply
                0x080017c0       0x7c build/release-normal/unsafe/can.o
                0x080017c0                pack_reply
 .text.unpack_cmd
                0x0800183c       0xdc build/release-normal/unsafe/can.o
                0x0800183c                unpack_cmd
 .text.config_apply_defaults
                0x08001918       0xc8 build/release-normal/unsafe/config_store.o
                0x08001918                config_apply_defaults
 .text.config_payload_crc32
                0x080019e0       0x84 build/release-normal/unsafe/config_store.o
                0x080019e0                config_payload_crc32
 .text.config_payload_valid
                0x08001a64      0x590 build/release-normal/unsafe/config_store.o
                0x08001a64                config_payload_valid
 .text.config_metadata_valid
                0x08001ff4       0x44 build/release-normal/unsafe/config_store.o
                0x08001ff4                config_metadata_valid
 .text.config_sequence_newer
                0x08002038        0xc build/release-normal/unsafe/config_store.o
                0x08002038                config_sequence_newer
 .text.config_select_slot
                0x08002044       0x20 build/release-normal/unsafe/config_store.o
                0x08002044                config_select_slot
 .text.normal_can_frame_matches
                0x08002064       0x24 build/release-normal/unsafe/normal_can_protocol.o
                0x08002064                normal_can_frame_matches
 .text.normal_can_special_command
                0x08002088       0x28 build/release-normal/unsafe/normal_can_protocol.o
                0x08002088                normal_can_special_command
 .text.as5047_make_read_command
                0x080020b0       0x20 build/release-normal/unsafe/as5047_protocol.o
                0x080020b0                as5047_make_read_command
 .text.as5047_make_write_command
                0x080020d0       0x18 build/release-normal/unsafe/as5047_protocol.o
                0x080020d0                as5047_make_write_command
 .text.as5047_response_status
                0x080020e8       0x1c build/release-normal/unsafe/as5047_protocol.o
                0x080020e8                as5047_response_status
 .text.as5047_wrapped_delta
                0x08002104       0x28 build/release-normal/unsafe/as5047_protocol.o
                0x08002104                as5047_wrapped_delta
 .text.diag_protocol_parse
                0x0800212c       0x6c build/release-normal/unsafe/diag_protocol.o
                0x0800212c                diag_protocol_parse
 .text.diag_protocol_response
                0x08002198       0x30 build/release-normal/unsafe/diag_protocol.o
                0x08002198                diag_protocol_response
 .text.config_stage_begin.part.0
                0x080021c8       0x38 build/release-normal/unsafe/diagnostics.o
 .text.diagnostics_service
                0x08002200       0xd4 build/release-normal/unsafe/diagnostics.o
                0x08002200                diagnostics_service
 .text.diagnostics_debug_record
                0x080022d4       0x70 build/release-normal/unsafe/diagnostics.o
                0x080022d4                diagnostics_debug_record
 .text.diagnostics_handle_can
                0x08002344     0x1e70 build/release-normal/unsafe/diagnostics.o
                0x08002344                diagnostics_handle_can
 .text.diagnostics_drv_wake_service
                0x080041b4       0xac build/release-normal/unsafe/diagnostics.o
                0x080041b4                diagnostics_drv_wake_service
 .text.diagnostics_drv_wake_window_active
                0x08004260        0xc build/release-normal/unsafe/diagnostics.o
                0x08004260                diagnostics_drv_wake_window_active
 *fill*         0x0800426c        0x4 
 .text.MX_SPI1_Init
                0x08004270       0x4c build/release-normal/unsafe/spi.o
                0x08004270                MX_SPI1_Init
 *fill*         0x080042bc        0x4 
 .text.MX_SPI2_Init
                0x080042c0       0x4c build/release-normal/unsafe/spi.o
                0x080042c0                MX_SPI2_Init
 .text.MX_TIM0_Init
                0x0800430c      0x128 build/release-normal/unsafe/tim.o
                0x0800430c                MX_TIM0_Init
 .text.MX_USART1_Init
                0x08004434       0x3c build/release-normal/unsafe/usart.o
                0x08004434                MX_USART1_Init
 .text.__io_putchar
                0x08004470       0x40 build/release-normal/unsafe/usart.o
                0x08004470                __io_putchar
 .text.order_phases
                0x080044b0      0x2ec build/release-normal/unsafe/calibration.o
                0x080044b0                order_phases
 .text.calibrate_encoder
                0x0800479c      0x3e4 build/release-normal/unsafe/calibration.o
                0x0800479c                calibrate_encoder
 .text.drv_init_window_active
                0x08004b80       0x10 build/release-normal/unsafe/drv8323.o
                0x08004b80                drv_init_window_active
 .text.drv_init_record_nfault_edge
                0x08004b90       0x1c build/release-normal/unsafe/drv8323.o
                0x08004b90                drv_init_record_nfault_edge
 .text.drv_init_reason
                0x08004bac        0xc build/release-normal/unsafe/drv8323.o
                0x08004bac                drv_init_reason
 .text.drv_init_pre_fsr
                0x08004bb8        0xc build/release-normal/unsafe/drv8323.o
                0x08004bb8                drv_init_pre_fsr
 .text.drv_init_final_fsr
                0x08004bc4        0xc build/release-normal/unsafe/drv8323.o
                0x08004bc4                drv_init_final_fsr
 .text.drv_init_readback_dcr_csacr
                0x08004bd0        0xc build/release-normal/unsafe/drv8323.o
                0x08004bd0                drv_init_readback_dcr_csacr
 .text.drv_init_readback_ocpcr
                0x08004bdc        0xc build/release-normal/unsafe/drv8323.o
                0x08004bdc                drv_init_readback_ocpcr
 .text.drv_init_spi_rx
                0x08004be8       0x14 build/release-normal/unsafe/drv8323.o
                0x08004be8                drv_init_spi_rx
 .text.drv_enable_evidence
                0x08004bfc       0x14 build/release-normal/unsafe/drv8323.o
                0x08004bfc                drv_enable_evidence
 .text.drv_runtime_fault_evidence
                0x08004c10       0x14 build/release-normal/unsafe/drv8323.o
                0x08004c10                drv_runtime_fault_evidence
 .text.drv_enable_window_active
                0x08004c24       0x10 build/release-normal/unsafe/drv8323.o
                0x08004c24                drv_enable_window_active
 .text.drv_enable_record_nfault_edge
                0x08004c34        0xc build/release-normal/unsafe/drv8323.o
                0x08004c34                drv_enable_record_nfault_edge
 .text.drv_spi_transfer
                0x08004c40       0xf0 build/release-normal/unsafe/drv8323.o
                0x08004c40                drv_spi_transfer
 .text.drv_capture_fsr_pair
                0x08004d30       0x6c build/release-normal/unsafe/drv8323.o
 .text.drv_capture_runtime_fault
                0x08004d9c       0xf8 build/release-normal/unsafe/drv8323.o
                0x08004d9c                drv_capture_runtime_fault
 .text.drv_verify_configuration
                0x08004e94      0x124 build/release-normal/unsafe/drv8323.o
 .text.drv_read_FSR1
                0x08004fb8       0x20 build/release-normal/unsafe/drv8323.o
                0x08004fb8                drv_read_FSR1
 .text.drv_read_FSR2
                0x08004fd8       0x20 build/release-normal/unsafe/drv8323.o
                0x08004fd8                drv_read_FSR2
 .text.drv_enable_gd
                0x08004ff8       0x7c build/release-normal/unsafe/drv8323.o
                0x08004ff8                drv_enable_gd
 .text.drv_enable_ready
                0x08005074       0x28 build/release-normal/unsafe/drv8323.o
                0x08005074                drv_enable_ready
 .text.drv_disable_gd
                0x0800509c       0x6c build/release-normal/unsafe/drv8323.o
                0x0800509c                drv_disable_gd
 .text.drv_service_enable
                0x08005108      0x2cc build/release-normal/unsafe/drv8323.o
                0x08005108                drv_service_enable
 .text.drv_print_faults
                0x080053d4      0x1d4 build/release-normal/unsafe/drv8323.o
                0x080053d4                drv_print_faults
 .text.drv_init_config
                0x080055a8      0x214 build/release-normal/unsafe/drv8323.o
                0x080055a8                drv_init_config
 .text.MX_EXTI_Init
                0x080057bc       0x24 build/release-normal/unsafe/drv8323.o
                0x080057bc                MX_EXTI_Init
 .text.flash_writer_init
                0x080057e0       0x18 build/release-normal/unsafe/flash_writer.o
                0x080057e0                flash_writer_init
 .text.flash_writer_open
                0x080057f8       0x1c build/release-normal/unsafe/flash_writer.o
                0x080057f8                flash_writer_open
 .text.flash_writer_write_int
                0x08005814       0x18 build/release-normal/unsafe/flash_writer.o
                0x08005814                flash_writer_write_int
 .text.flash_writer_write_uint
                0x0800582c       0x18 build/release-normal/unsafe/flash_writer.o
                0x0800582c                flash_writer_write_uint
 .text.flash_writer_write_float
                0x08005844       0x1c build/release-normal/unsafe/flash_writer.o
                0x08005844                flash_writer_write_float
 .text.flash_writer_close
                0x08005860       0x14 build/release-normal/unsafe/flash_writer.o
                0x08005860                flash_writer_close
 .text.flash_read_int
                0x08005874       0x14 build/release-normal/unsafe/flash_writer.o
                0x08005874                flash_read_int
 .text.flash_read_uint
                0x08005888       0x14 build/release-normal/unsafe/flash_writer.o
                0x08005888                flash_read_uint
 .text.flash_read_float
                0x0800589c       0x18 build/release-normal/unsafe/flash_writer.o
                0x0800589c                flash_read_float
 .text.adc_baseline_test_start
                0x080058b4       0x70 build/release-normal/unsafe/foc.o
                0x080058b4                adc_baseline_test_start
 .text.adc_baseline_test_active
                0x08005924        0xc build/release-normal/unsafe/foc.o
                0x08005924                adc_baseline_test_active
 .text.adc_baseline_test_snapshot
                0x08005930       0xc0 build/release-normal/unsafe/foc.o
                0x08005930                adc_baseline_test_snapshot
 .text.zero_current_live_active
                0x080059f0        0xc build/release-normal/unsafe/foc.o
                0x080059f0                zero_current_live_active
 .text.zero_current_live_cancel
                0x080059fc       0x30 build/release-normal/unsafe/foc.o
                0x080059fc                zero_current_live_cancel
 .text.zero_current_live_snapshot
                0x08005a2c       0x60 build/release-normal/unsafe/foc.o
                0x08005a2c                zero_current_live_snapshot
 .text.current_loop_test_start
                0x08005a8c      0x26c build/release-normal/unsafe/foc.o
                0x08005a8c                current_loop_test_start
 .text.current_loop_test_set_gains
                0x08005cf8       0x74 build/release-normal/unsafe/foc.o
                0x08005cf8                current_loop_test_set_gains
 .text.current_loop_test_active
                0x08005d6c        0xc build/release-normal/unsafe/foc.o
                0x08005d6c                current_loop_test_active
 .text.current_loop_test_snapshot
                0x08005d78      0x400 build/release-normal/unsafe/foc.o
                0x08005d78                current_loop_test_snapshot
 .text.set_dtc  0x08006178       0x88 build/release-normal/unsafe/foc.o
                0x08006178                set_dtc
 .text.analog_sample
                0x08006200      0x388 build/release-normal/unsafe/foc.o
                0x08006200                analog_sample
 .text.abc      0x08006588       0x98 build/release-normal/unsafe/foc.o
                0x08006588                abc
 .text.dq0      0x08006620       0xa8 build/release-normal/unsafe/foc.o
                0x08006620                dq0
 .text.svm      0x080066c8       0xf0 build/release-normal/unsafe/foc.o
                0x080066c8                svm
 .text.zero_current
                0x080067b8        0x4 build/release-normal/unsafe/foc.o
                0x080067b8                zero_current
 .text.zero_current_live
                0x080067bc       0x54 build/release-normal/unsafe/foc.o
                0x080067bc                zero_current_live
 .text.init_controller_params
                0x08006810      0x110 build/release-normal/unsafe/foc.o
                0x08006810                init_controller_params
 .text.reset_foc
                0x08006920       0x68 build/release-normal/unsafe/foc.o
                0x08006920                reset_foc
 .text.field_weaken
                0x08006988       0x90 build/release-normal/unsafe/foc.o
                0x08006988                field_weaken
 .text.commutate
                0x08006a18      0xa70 build/release-normal/unsafe/foc.o
                0x08006a18                commutate
 .text.torque_control
                0x08007488       0xb0 build/release-normal/unsafe/foc.o
                0x08007488                torque_control
 .text.zero_commands
                0x08007538       0x2c build/release-normal/unsafe/foc.o
                0x08007538                zero_commands
 .text.motor_gate_preflight
                0x08007564       0x44 build/release-normal/unsafe/fsm.o
 .text.fsm_save_preferences
                0x080075a8       0x60 build/release-normal/unsafe/fsm.o
                0x080075a8                fsm_save_preferences
 .text.fsm_exit_state
                0x08007608       0xa0 build/release-normal/unsafe/fsm.o
                0x08007608                fsm_exit_state
 .text.enter_menu_state
                0x080076a8       0x58 build/release-normal/unsafe/fsm.o
                0x080076a8                enter_menu_state
 .text.enter_setup_state
                0x08007700      0x2b0 build/release-normal/unsafe/fsm.o
                0x08007700                enter_setup_state
 .text.fsm_enter_state
                0x080079b0      0x108 build/release-normal/unsafe/fsm.o
                0x080079b0                fsm_enter_state
 .text.run_fsm  0x08007ab8      0x394 build/release-normal/unsafe/fsm.o
                0x08007ab8                run_fsm
 .text.process_user_input
                0x08007e4c      0x3b4 build/release-normal/unsafe/fsm.o
                0x08007e4c                process_user_input
 .text.update_fsm
                0x08008200      0x128 build/release-normal/unsafe/fsm.o
                0x08008200                update_fsm
 .text.fast_fmaxf
                0x08008328       0x10 build/release-normal/unsafe/math_ops.o
                0x08008328                fast_fmaxf
 .text.fast_fminf
                0x08008338       0x10 build/release-normal/unsafe/math_ops.o
                0x08008338                fast_fminf
 .text.fmaxf3   0x08008348       0x30 build/release-normal/unsafe/math_ops.o
                0x08008348                fmaxf3
 .text.fminf3   0x08008378       0x30 build/release-normal/unsafe/math_ops.o
                0x08008378                fminf3
 .text.limit_norm
                0x080083a8       0x3c build/release-normal/unsafe/math_ops.o
                0x080083a8                limit_norm
 .text.float_to_uint
                0x080083e4       0x28 build/release-normal/unsafe/math_ops.o
                0x080083e4                float_to_uint
 .text.uint_to_float
                0x0800840c       0x28 build/release-normal/unsafe/math_ops.o
                0x0800840c                uint_to_float
 .text.sin_lut  0x08008434       0x4c build/release-normal/unsafe/math_ops.o
                0x08008434                sin_lut
 .text.cos_lut  0x08008480       0x58 build/release-normal/unsafe/math_ops.o
                0x08008480                cos_lut
 .text.as5047_exchange
                0x080084d8       0xe4 build/release-normal/unsafe/position_sensor.o
 .text.as5047_read_register
                0x080085bc       0x90 build/release-normal/unsafe/position_sensor.o
 .text.ps_clear_errors
                0x0800864c       0x50 build/release-normal/unsafe/position_sensor.o
                0x0800864c                ps_clear_errors
 .text.ps_read_diagnostics
                0x0800869c       0x5c build/release-normal/unsafe/position_sensor.o
                0x0800869c                ps_read_diagnostics
 .text.ps_warmup
                0x080086f8      0x15c build/release-normal/unsafe/position_sensor.o
                0x080086f8                ps_warmup
 .text.ps_sample
                0x08008854      0x2e4 build/release-normal/unsafe/position_sensor.o
                0x08008854                ps_sample
 .text.ps_print
                0x08008b38       0xc0 build/release-normal/unsafe/position_sensor.o
                0x08008b38                ps_print
 .text.preference_read_payload
                0x08008bf8       0x58 build/release-normal/unsafe/preference_writer.o
 .text.preference_slot_valid
                0x08008c50       0x64 build/release-normal/unsafe/preference_writer.o
 .text.preference_writer_init
                0x08008cb4       0x1c build/release-normal/unsafe/preference_writer.o
                0x08008cb4                preference_writer_init
 .text.preference_writer_open
                0x08008cd0       0x78 build/release-normal/unsafe/preference_writer.o
                0x08008cd0                preference_writer_open
 .text.preference_writer_flush
                0x08008d48      0x160 build/release-normal/unsafe/preference_writer.o
                0x08008d48                preference_writer_flush
 .text.preference_writer_load
                0x08008ea8      0x180 build/release-normal/unsafe/preference_writer.o
                0x08008ea8                preference_writer_load
 .text.preference_writer_close
                0x08009028        0x8 build/release-normal/unsafe/preference_writer.o
                0x08009028                preference_writer_close
 .text.motor_gate_check
                0x08009030       0x24 build/release-normal/unsafe/motor_gate.o
                0x08009030                motor_gate_check
 .text.motor_gate_precharge_complete
                0x08009054        0xc build/release-normal/unsafe/motor_gate.o
                0x08009054                motor_gate_precharge_complete
 .text._getpid  0x08009060        0x4 build/release-normal/unsafe/syscalls.o
                0x08009060                _getpid
 .text._kill    0x08009064       0x10 build/release-normal/unsafe/syscalls.o
                0x08009064                _kill
 .text._exit    0x08009074        0xc build/release-normal/unsafe/syscalls.o
                0x08009074                _exit
 .text._read    0x08009080       0x1c build/release-normal/unsafe/syscalls.o
                0x08009080                _read
 .text._write   0x0800909c       0x1c build/release-normal/unsafe/syscalls.o
                0x0800909c                _write
 .text._close   0x080090b8        0x8 build/release-normal/unsafe/syscalls.o
                0x080090b8                _close
 .text._fstat   0x080090c0        0xc build/release-normal/unsafe/syscalls.o
                0x080090c0                _fstat
 .text._isatty  0x080090cc        0x4 build/release-normal/unsafe/syscalls.o
                0x080090cc                _isatty
 .text._lseek   0x080090d0        0x4 build/release-normal/unsafe/syscalls.o
                0x080090d0                _lseek
 .text._sbrk    0x080090d4       0x3c build/release-normal/unsafe/sysmem.o
                0x080090d4                _sbrk
 .text.systick_config
                0x08009110       0x44 build/release-normal/unsafe/systick.o
                0x08009110                systick_config
 .text.delay_1ms
                0x08009154       0x10 build/release-normal/unsafe/systick.o
                0x08009154                delay_1ms
 .text.delay_decrement
                0x08009164       0x20 build/release-normal/unsafe/systick.o
                0x08009164                delay_decrement
 .text.systick_uptime_ms
                0x08009184        0xc build/release-normal/unsafe/systick.o
                0x08009184                systick_uptime_ms
 .text.runtime_watchdog_init
                0x08009190       0x44 build/release-normal/unsafe/runtime_watchdog.o
                0x08009190                runtime_watchdog_init
 .text.runtime_watchdog_main_heartbeat
                0x080091d4       0x10 build/release-normal/unsafe/runtime_watchdog.o
                0x080091d4                runtime_watchdog_main_heartbeat
 .text.runtime_watchdog_timer_service
                0x080091e4       0x28 build/release-normal/unsafe/runtime_watchdog.o
                0x080091e4                runtime_watchdog_timer_service
 .text.NMI_Handler
                0x0800920c        0x4 build/release-normal/unsafe/gd32f30x_it.o
                0x0800920c                NMI_Handler
 .text.HardFault_Handler
                0x08009210        0xc build/release-normal/unsafe/gd32f30x_it.o
                0x08009210                HardFault_Handler
 .text.MemManage_Handler
                0x0800921c        0xc build/release-normal/unsafe/gd32f30x_it.o
                0x0800921c                MemManage_Handler
 .text.BusFault_Handler
                0x08009228        0xc build/release-normal/unsafe/gd32f30x_it.o
                0x08009228                BusFault_Handler
 .text.UsageFault_Handler
                0x08009234        0xc build/release-normal/unsafe/gd32f30x_it.o
                0x08009234                UsageFault_Handler
 .text.SVC_Handler
                0x08009240        0x4 build/release-normal/unsafe/gd32f30x_it.o
                0x08009240                SVC_Handler
 .text.DebugMon_Handler
                0x08009244        0x4 build/release-normal/unsafe/gd32f30x_it.o
                0x08009244                DebugMon_Handler
 .text.PendSV_Handler
                0x08009248        0x4 build/release-normal/unsafe/gd32f30x_it.o
                0x08009248                PendSV_Handler
 .text.SysTick_Handler
                0x0800924c        0x4 build/release-normal/unsafe/gd32f30x_it.o
                0x0800924c                SysTick_Handler
 .text.USBD_LP_CAN0_RX0_IRQHandler
                0x08009250      0x180 build/release-normal/unsafe/gd32f30x_it.o
                0x08009250                USBD_LP_CAN0_RX0_IRQHandler
 .text.TIMER0_UP_IRQHandler
                0x080093d0       0x88 build/release-normal/unsafe/gd32f30x_it.o
                0x080093d0                TIMER0_UP_IRQHandler
 .text.EXTI10_15_IRQHandler
                0x08009458       0x74 build/release-normal/unsafe/gd32f30x_it.o
                0x08009458                EXTI10_15_IRQHandler
 .text.USART1_IRQHandler
                0x080094cc       0x2c build/release-normal/unsafe/gd32f30x_it.o
                0x080094cc                USART1_IRQHandler
 .text.adc_deinit
                0x080094f8       0x5c build/release-normal/unsafe/gd32f30x_adc.o
                0x080094f8                adc_deinit
 .text.adc_enable
                0x08009554       0x10 build/release-normal/unsafe/gd32f30x_adc.o
                0x08009554                adc_enable
 .text.adc_calibration_enable
                0x08009564       0x24 build/release-normal/unsafe/gd32f30x_adc.o
                0x08009564                adc_calibration_enable
 .text.adc_dma_mode_enable
                0x08009588        0xc build/release-normal/unsafe/gd32f30x_adc.o
                0x08009588                adc_dma_mode_enable
 .text.adc_mode_config
                0x08009594       0x20 build/release-normal/unsafe/gd32f30x_adc.o
                0x08009594                adc_mode_config
 .text.adc_special_function_config
                0x080095b4       0x50 build/release-normal/unsafe/gd32f30x_adc.o
                0x080095b4                adc_special_function_config
 .text.adc_data_alignment_config
                0x08009604       0x14 build/release-normal/unsafe/gd32f30x_adc.o
                0x08009604                adc_data_alignment_config
 .text.adc_channel_length_config
                0x08009618       0x3c build/release-normal/unsafe/gd32f30x_adc.o
                0x08009618                adc_channel_length_config
 .text.adc_regular_channel_config
                0x08009654       0xb0 build/release-normal/unsafe/gd32f30x_adc.o
                0x08009654                adc_regular_channel_config
 .text.adc_inserted_channel_config
                0x08009704       0x70 build/release-normal/unsafe/gd32f30x_adc.o
                0x08009704                adc_inserted_channel_config
 .text.adc_external_trigger_config
                0x08009774       0x38 build/release-normal/unsafe/gd32f30x_adc.o
                0x08009774                adc_external_trigger_config
 .text.adc_external_trigger_source_config
                0x080097ac       0x2c build/release-normal/unsafe/gd32f30x_adc.o
                0x080097ac                adc_external_trigger_source_config
 .text.adc_software_trigger_enable
                0x080097d8       0x1c build/release-normal/unsafe/gd32f30x_adc.o
                0x080097d8                adc_software_trigger_enable
 .text.adc_inserted_data_read
                0x080097f4       0x28 build/release-normal/unsafe/gd32f30x_adc.o
                0x080097f4                adc_inserted_data_read
 .text.adc_flag_get
                0x0800981c        0xc build/release-normal/unsafe/gd32f30x_adc.o
                0x0800981c                adc_flag_get
 .text.adc_flag_clear
                0x08009828        0xc build/release-normal/unsafe/gd32f30x_adc.o
                0x08009828                adc_flag_clear
 .text.can_deinit
                0x08009834       0x24 build/release-normal/unsafe/gd32f30x_can.o
                0x08009834                can_deinit
 .text.can_struct_para_init
                0x08009858       0x64 build/release-normal/unsafe/gd32f30x_can.o
                0x08009858                can_struct_para_init
 .text.can_init
                0x080098bc      0x124 build/release-normal/unsafe/gd32f30x_can.o
                0x080098bc                can_init
 .text.can_filter_init
                0x080099e0       0xf4 build/release-normal/unsafe/gd32f30x_can.o
                0x080099e0                can_filter_init
 .text.can_message_transmit
                0x08009ad4       0xa8 build/release-normal/unsafe/gd32f30x_can.o
                0x08009ad4                can_message_transmit
 .text.can_message_receive
                0x08009b7c       0xc0 build/release-normal/unsafe/gd32f30x_can.o
                0x08009b7c                can_message_receive
 .text.can_interrupt_enable
                0x08009c3c        0x8 build/release-normal/unsafe/gd32f30x_can.o
                0x08009c3c                can_interrupt_enable
 .text.dma_deinit
                0x08009c44       0x3c build/release-normal/unsafe/gd32f30x_dma.o
                0x08009c44                dma_deinit
 .text.dma_init
                0x08009c80       0x7c build/release-normal/unsafe/gd32f30x_dma.o
                0x08009c80                dma_init
 .text.dma_circulation_enable
                0x08009cfc       0x24 build/release-normal/unsafe/gd32f30x_dma.o
                0x08009cfc                dma_circulation_enable
 .text.dma_channel_enable
                0x08009d20       0x24 build/release-normal/unsafe/gd32f30x_dma.o
                0x08009d20                dma_channel_enable
 .text.exti_init
                0x08009d44       0xb0 build/release-normal/unsafe/gd32f30x_exti.o
                0x08009d44                exti_init
 .text.exti_interrupt_flag_clear
                0x08009df4        0xc build/release-normal/unsafe/gd32f30x_exti.o
                0x08009df4                exti_interrupt_flag_clear
 .text.fmc_unlock
                0x08009e00       0x40 build/release-normal/unsafe/gd32f30x_fmc.o
                0x08009e00                fmc_unlock
 .text.fmc_lock
                0x08009e40       0x28 build/release-normal/unsafe/gd32f30x_fmc.o
                0x08009e40                fmc_lock
 .text.fmc_page_erase
                0x08009e68      0x140 build/release-normal/unsafe/gd32f30x_fmc.o
                0x08009e68                fmc_page_erase
 .text.fmc_word_program
                0x08009fa8      0x128 build/release-normal/unsafe/gd32f30x_fmc.o
                0x08009fa8                fmc_word_program
 .text.fmc_flag_clear
                0x0800a0d0       0x1c build/release-normal/unsafe/gd32f30x_fmc.o
                0x0800a0d0                fmc_flag_clear
 .text.fwdgt_enable
                0x0800a0ec       0x10 build/release-normal/unsafe/gd32f30x_fwdgt.o
                0x0800a0ec                fwdgt_enable
 .text.fwdgt_counter_reload
                0x0800a0fc       0x10 build/release-normal/unsafe/gd32f30x_fwdgt.o
                0x0800a0fc                fwdgt_counter_reload
 .text.fwdgt_config
                0x0800a10c       0x60 build/release-normal/unsafe/gd32f30x_fwdgt.o
                0x0800a10c                fwdgt_config
 .text.gpio_init
                0x0800a16c       0xac build/release-normal/unsafe/gd32f30x_gpio.o
                0x0800a16c                gpio_init
 .text.gpio_bit_set
                0x0800a218        0x4 build/release-normal/unsafe/gd32f30x_gpio.o
                0x0800a218                gpio_bit_set
 .text.gpio_bit_reset
                0x0800a21c        0x4 build/release-normal/unsafe/gd32f30x_gpio.o
                0x0800a21c                gpio_bit_reset
 .text.gpio_bit_write
                0x0800a220        0xc build/release-normal/unsafe/gd32f30x_gpio.o
                0x0800a220                gpio_bit_write
 .text.gpio_input_bit_get
                0x0800a22c        0xc build/release-normal/unsafe/gd32f30x_gpio.o
                0x0800a22c                gpio_input_bit_get
 .text.gpio_output_bit_get
                0x0800a238        0xc build/release-normal/unsafe/gd32f30x_gpio.o
                0x0800a238                gpio_output_bit_get
 .text.gpio_pin_remap_config
                0x0800a244       0x84 build/release-normal/unsafe/gd32f30x_gpio.o
                0x0800a244                gpio_pin_remap_config
 .text.gpio_exti_source_select
                0x0800a2c8       0x64 build/release-normal/unsafe/gd32f30x_gpio.o
                0x0800a2c8                gpio_exti_source_select
 .text.nvic_irq_enable
                0x0800a32c       0xa4 build/release-normal/unsafe/gd32f30x_misc.o
                0x0800a32c                nvic_irq_enable
 .text.rcu_periph_clock_enable
                0x0800a3d0       0x1c build/release-normal/unsafe/gd32f30x_rcu.o
                0x0800a3d0                rcu_periph_clock_enable
 .text.rcu_periph_reset_enable
                0x0800a3ec       0x1c build/release-normal/unsafe/gd32f30x_rcu.o
                0x0800a3ec                rcu_periph_reset_enable
 .text.rcu_periph_reset_disable
                0x0800a408       0x1c build/release-normal/unsafe/gd32f30x_rcu.o
                0x0800a408                rcu_periph_reset_disable
 .text.rcu_adc_clock_config
                0x0800a424       0x6c build/release-normal/unsafe/gd32f30x_rcu.o
                0x0800a424                rcu_adc_clock_config
 .text.rcu_clock_freq_get
                0x0800a490       0xec build/release-normal/unsafe/gd32f30x_rcu.o
                0x0800a490                rcu_clock_freq_get
 .text.spi_i2s_deinit
                0x0800a57c       0x5c build/release-normal/unsafe/gd32f30x_spi.o
                0x0800a57c                spi_i2s_deinit
 .text.spi_init
                0x0800a5d8       0x34 build/release-normal/unsafe/gd32f30x_spi.o
                0x0800a5d8                spi_init
 .text.spi_enable
                0x0800a60c        0xc build/release-normal/unsafe/gd32f30x_spi.o
                0x0800a60c                spi_enable
 .text.spi_i2s_data_transmit
                0x0800a618        0x4 build/release-normal/unsafe/gd32f30x_spi.o
                0x0800a618                spi_i2s_data_transmit
 .text.spi_i2s_data_receive
                0x0800a61c        0x8 build/release-normal/unsafe/gd32f30x_spi.o
                0x0800a61c                spi_i2s_data_receive
 .text.spi_i2s_flag_get
                0x0800a624        0xc build/release-normal/unsafe/gd32f30x_spi.o
                0x0800a624                spi_i2s_flag_get
 .text.timer_deinit
                0x0800a630       0xec build/release-normal/unsafe/gd32f30x_timer.o
                0x0800a630                timer_deinit
 .text.timer_struct_para_init
                0x0800a71c       0x10 build/release-normal/unsafe/gd32f30x_timer.o
                0x0800a71c                timer_struct_para_init
 .text.timer_init
                0x0800a72c       0xa4 build/release-normal/unsafe/gd32f30x_timer.o
                0x0800a72c                timer_init
 .text.timer_enable
                0x0800a7d0        0xc build/release-normal/unsafe/gd32f30x_timer.o
                0x0800a7d0                timer_enable
 .text.timer_auto_reload_shadow_enable
                0x0800a7dc        0xc build/release-normal/unsafe/gd32f30x_timer.o
                0x0800a7dc                timer_auto_reload_shadow_enable
 .text.timer_interrupt_enable
                0x0800a7e8        0x8 build/release-normal/unsafe/gd32f30x_timer.o
                0x0800a7e8                timer_interrupt_enable
 .text.timer_interrupt_flag_clear
                0x0800a7f0        0x8 build/release-normal/unsafe/gd32f30x_timer.o
                0x0800a7f0                timer_interrupt_flag_clear
 .text.timer_break_struct_para_init
                0x0800a7f8        0xc build/release-normal/unsafe/gd32f30x_timer.o
                0x0800a7f8                timer_break_struct_para_init
 .text.timer_break_config
                0x0800a804       0x2c build/release-normal/unsafe/gd32f30x_timer.o
                0x0800a804                timer_break_config
 .text.timer_primary_output_config
                0x0800a830       0x14 build/release-normal/unsafe/gd32f30x_timer.o
                0x0800a830                timer_primary_output_config
 .text.timer_channel_output_struct_para_init
                0x0800a844        0xc build/release-normal/unsafe/gd32f30x_timer.o
                0x0800a844                timer_channel_output_struct_para_init
 .text.timer_channel_output_config
                0x0800a850      0x204 build/release-normal/unsafe/gd32f30x_timer.o
                0x0800a850                timer_channel_output_config
 .text.timer_channel_output_mode_config
                0x0800aa54       0x50 build/release-normal/unsafe/gd32f30x_timer.o
                0x0800aa54                timer_channel_output_mode_config
 .text.timer_channel_output_pulse_value_config
                0x0800aaa4       0x1c build/release-normal/unsafe/gd32f30x_timer.o
                0x0800aaa4                timer_channel_output_pulse_value_config
 .text.timer_channel_output_shadow_config
                0x0800aac0       0x50 build/release-normal/unsafe/gd32f30x_timer.o
                0x0800aac0                timer_channel_output_shadow_config
 .text.timer_channel_output_fast_config
                0x0800ab10       0x50 build/release-normal/unsafe/gd32f30x_timer.o
                0x0800ab10                timer_channel_output_fast_config
 .text.timer_channel_output_state_config
                0x0800ab60       0x54 build/release-normal/unsafe/gd32f30x_timer.o
                0x0800ab60                timer_channel_output_state_config
 .text.timer_master_output_trigger_source_select
                0x0800abb4       0x10 build/release-normal/unsafe/gd32f30x_timer.o
                0x0800abb4                timer_master_output_trigger_source_select
 .text.timer_master_slave_mode_config
                0x0800abc4       0x1c build/release-normal/unsafe/gd32f30x_timer.o
                0x0800abc4                timer_master_slave_mode_config
 .text.timer_internal_clock_config
                0x0800abe0        0xc build/release-normal/unsafe/gd32f30x_timer.o
                0x0800abe0                timer_internal_clock_config
 .text.usart_deinit
                0x0800abec       0x98 build/release-normal/unsafe/gd32f30x_usart.o
                0x0800abec                usart_deinit
 .text.usart_baudrate_set
                0x0800ac84       0x68 build/release-normal/unsafe/gd32f30x_usart.o
                0x0800ac84                usart_baudrate_set
 .text.usart_enable
                0x0800acec        0xc build/release-normal/unsafe/gd32f30x_usart.o
                0x0800acec                usart_enable
 .text.usart_transmit_config
                0x0800acf8        0xc build/release-normal/unsafe/gd32f30x_usart.o
                0x0800acf8                usart_transmit_config
 .text.usart_receive_config
                0x0800ad04        0xc build/release-normal/unsafe/gd32f30x_usart.o
                0x0800ad04                usart_receive_config
 .text.usart_data_transmit
                0x0800ad10        0x8 build/release-normal/unsafe/gd32f30x_usart.o
                0x0800ad10                usart_data_transmit
 .text.usart_data_receive
                0x0800ad18        0x8 build/release-normal/unsafe/gd32f30x_usart.o
                0x0800ad18                usart_data_receive
 .text.usart_flag_get
                0x0800ad20       0x10 build/release-normal/unsafe/gd32f30x_usart.o
                0x0800ad20                usart_flag_get
 .text.usart_interrupt_enable
                0x0800ad30       0x18 build/release-normal/unsafe/gd32f30x_usart.o
                0x0800ad30                usart_interrupt_enable
 .text.usart_interrupt_flag_get
                0x0800ad48       0x34 build/release-normal/unsafe/gd32f30x_usart.o
                0x0800ad48                usart_interrupt_flag_get
 .text.SystemInit
                0x0800ad7c      0x118 build/release-normal/unsafe/system_gd32f30x.o
                0x0800ad7c                SystemInit
 .text.Reset_Handler
                0x0800ae94       0x50 build/release-normal/unsafe/startup_gd32f30x_hd.o
                0x0800ae94                Reset_Handler
 .text.Default_Handler
                0x0800aee4        0x2 build/release-normal/unsafe/startup_gd32f30x_hd.o
                0x0800aee4                DMA0_Channel4_IRQHandler
                0x0800aee4                EXTI2_IRQHandler
                0x0800aee4                TIMER2_IRQHandler
                0x0800aee4                TIMER5_IRQHandler
                0x0800aee4                LVD_IRQHandler
                0x0800aee4                TIMER0_BRK_IRQHandler
                0x0800aee4                ADC0_1_IRQHandler
                0x0800aee4                SDIO_IRQHandler
                0x0800aee4                EXTI3_IRQHandler
                0x0800aee4                TIMER3_IRQHandler
                0x0800aee4                DMA0_Channel6_IRQHandler
                0x0800aee4                I2C0_EV_IRQHandler
                0x0800aee4                EXTI0_IRQHandler
                0x0800aee4                TIMER4_IRQHandler
                0x0800aee4                SPI1_IRQHandler
                0x0800aee4                DMA0_Channel0_IRQHandler
                0x0800aee4                TAMPER_IRQHandler
                0x0800aee4                DMA1_Channel0_IRQHandler
                0x0800aee4                TIMER6_IRQHandler
                0x0800aee4                DMA0_Channel3_IRQHandler
                0x0800aee4                I2C0_ER_IRQHandler
                0x0800aee4                RTC_IRQHandler
                0x0800aee4                TIMER7_UP_IRQHandler
                0x0800aee4                DMA0_Channel2_IRQHandler
                0x0800aee4                USART0_IRQHandler
                0x0800aee4                TIMER1_IRQHandler
                0x0800aee4                TIMER7_TRG_CMT_IRQHandler
                0x0800aee4                TIMER0_TRG_CMT_IRQHandler
                0x0800aee4                I2C1_EV_IRQHandler
                0x0800aee4                UART4_IRQHandler
                0x0800aee4                DMA1_Channel1_IRQHandler
                0x0800aee4                Default_Handler
                0x0800aee4                TIMER7_Channel_IRQHandler
                0x0800aee4                WWDGT_IRQHandler
                0x0800aee4                EXMC_IRQHandler
                0x0800aee4                ADC2_IRQHandler
                0x0800aee4                SPI2_IRQHandler
                0x0800aee4                USBD_WKUP_IRQHandler
                0x0800aee4                RCU_CTC_IRQHandler
                0x0800aee4                TIMER7_BRK_IRQHandler
                0x0800aee4                EXTI4_IRQHandler
                0x0800aee4                USBD_HP_CAN0_TX_IRQHandler
                0x0800aee4                CAN0_RX1_IRQHandler
                0x0800aee4                DMA0_Channel5_IRQHandler
                0x0800aee4                EXTI5_9_IRQHandler
                0x0800aee4                DMA0_Channel1_IRQHandler
                0x0800aee4                TIMER0_Channel_IRQHandler
                0x0800aee4                EXTI1_IRQHandler
                0x0800aee4                SPI0_IRQHandler
                0x0800aee4                DMA1_Channel3_4_IRQHandler
                0x0800aee4                USART2_IRQHandler
                0x0800aee4                CAN0_EWMC_IRQHandler
                0x0800aee4                DMA1_Channel2_IRQHandler
                0x0800aee4                UART3_IRQHandler
                0x0800aee4                I2C1_ER_IRQHandler
                0x0800aee4                FMC_IRQHandler
                0x0800aee4                RTC_Alarm_IRQHandler
 .text.atof     0x0800aee6        0x6 /Users/choqy/workspace/xiaomi_dog/.toolchains/arm-gnu-15.3/bin/../lib/gcc/arm-none-eabi/15.3.1/../../../../arm-none-eabi/lib/thumb/v7e-m+fp/hard/libc_nano.a(libc_a-atof.o)
                0x0800aee6                atof
 .text.atoi     0x0800aeec        0x8 /Users/choqy/workspace/xiaomi_dog/.toolchains/arm-gnu-15.3/bin/../lib/gcc/arm-none-eabi/15.3.1/../../../../arm-none-eabi/lib/thumb/v7e-m+fp/hard/libc_nano.a(libc_a-atoi.o)
                0x0800aeec                atoi
 .text.__cvt    0x0800aef4       0xbe /Users/choqy/workspace/xiaomi_dog/.toolchains/arm-gnu-15.3/bin/../lib/gcc/arm-none-eabi/15.3.1/../../../../arm-none-eabi/lib/thumb/v7e-m+fp/hard/libc_nano.a(libc_a-nano-vfprintf_float.o)
                0x0800aef4                __cvt
 .text.__exponent
                0x0800afb2       0x76 /Users/choqy/workspace/xiaomi_dog/.toolchains/arm-gnu-15.3/bin/../lib/gcc/arm-none-eabi/15.3.1/../../../../arm-none-eabi/lib/thumb/v7e-m+fp/hard/libc_nano.a(libc_a-nano-vfprintf_float.o)
                0x0800afb2                __exponent
 .text._printf_float
                0x0800b028      0x448 /Users/choqy/workspace/xiaomi_dog/.toolchains/arm-gnu-15.3/bin/../lib/gcc/arm-none-eabi/15.3.1/../../../../arm-none-eabi/lib/thumb/v7e-m+fp/hard/libc_nano.a(libc_a-nano-vfprintf_float.o)
                0x0800b028                _printf_float
 .text._printf_common
                0x0800b470       0xea /Users/choqy/workspace/xiaomi_dog/.toolchains/arm-gnu-15.3/bin/../lib/gcc/arm-none-eabi/15.3.1/../../../../arm-none-eabi/lib/thumb/v7e-m+fp/hard/libc_nano.a(libc_a-nano-vfprintf_i.o)
                0x0800b470                _printf_common
 *fill*         0x0800b55a        0x2 
 .text._printf_i
                0x0800b55c      0x254 /Users/choqy/workspace/xiaomi_dog/.toolchains/arm-gnu-15.3/bin/../lib/gcc/arm-none-eabi/15.3.1/../../../../arm-none-eabi/lib/thumb/v7e-m+fp/hard/libc_nano.a(libc_a-nano-vfprintf_i.o)
                0x0800b55c                _printf_i
 .text.std      0x0800b7b0       0x6c /Users/choqy/workspace/xiaomi_dog/.toolchains/arm-gnu-15.3/bin/../lib/gcc/arm-none-eabi/15.3.1/../../../../arm-none-eabi/lib/thumb/v7e-m+fp/hard/libc_nano.a(libc_a-findfp.o)
 .text.stdio_exit_handler
                0x0800b81c       0x18 /Users/choqy/workspace/xiaomi_dog/.toolchains/arm-gnu-15.3/bin/../lib/gcc/arm-none-eabi/15.3.1/../../../../arm-none-eabi/lib/thumb/v7e-m+fp/hard/libc_nano.a(libc_a-findfp.o)
 .text.cleanup_stdio
                0x0800b834       0x40 /Users/choqy/workspace/xiaomi_dog/.toolchains/arm-gnu-15.3/bin/../lib/gcc/arm-none-eabi/15.3.1/../../../../arm-none-eabi/lib/thumb/v7e-m+fp/hard/libc_nano.a(libc_a-findfp.o)
 .text.global_stdio_init.part.0
                0x0800b874       0x40 /Users/choqy/workspace/xiaomi_dog/.toolchains/arm-gnu-15.3/bin/../lib/gcc/arm-none-eabi/15.3.1/../../../../arm-none-eabi/lib/thumb/v7e-m+fp/hard/libc_nano.a(libc_a-findfp.o)
 .text.__sfp_lock_acquire
                0x0800b8b4        0xc /Users/choqy/workspace/xiaomi_dog/.toolchains/arm-gnu-15.3/bin/../lib/gcc/arm-none-eabi/15.3.1/../../../../arm-none-eabi/lib/thumb/v7e-m+fp/hard/libc_nano.a(libc_a-findfp.o)
                0x0800b8b4                __sfp_lock_acquire
 .text.__sfp_lock_release
                0x0800b8c0        0xc /Users/choqy/workspace/xiaomi_dog/.toolchains/arm-gnu-15.3/bin/../lib/gcc/arm-none-eabi/15.3.1/../../../../arm-none-eabi/lib/thumb/v7e-m+fp/hard/libc_nano.a(libc_a-findfp.o)
                0x0800b8c0                __sfp_lock_release
 .text.__sinit  0x0800b8cc       0x30 /Users/choqy/workspace/xiaomi_dog/.toolchains/arm-gnu-15.3/bin/../lib/gcc/arm-none-eabi/15.3.1/../../../../arm-none-eabi/lib/thumb/v7e-m+fp/hard/libc_nano.a(libc_a-findfp.o)
                0x0800b8cc                __sinit
 .text.sulp     0x0800b8fc       0x3c /Users/choqy/workspace/xiaomi_dog/.toolchains/arm-gnu-15.3/bin/../lib/gcc/arm-none-eabi/15.3.1/../../../../arm-none-eabi/lib/thumb/v7e-m+fp/hard/libc_nano.a(libc_a-strtod.o)
 .text._strtod_l
                0x0800b938      0xbe0 /Users/choqy/workspace/xiaomi_dog/.toolchains/arm-gnu-15.3/bin/../lib/gcc/arm-none-eabi/15.3.1/../../../../arm-none-eabi/lib/thumb/v7e-m+fp/hard/libc_nano.a(libc_a-strtod.o)
                0x0800b938                _strtod_l
 .text.strtod   0x0800c518       0x18 /Users/choqy/workspace/xiaomi_dog/.toolchains/arm-gnu-15.3/bin/../lib/gcc/arm-none-eabi/15.3.1/../../../../arm-none-eabi/lib/thumb/v7e-m+fp/hard/libc_nano.a(libc_a-strtod.o)
                0x0800c518                strtod
 .text._strtol_l.isra.0
                0x0800c530       0xf4 /Users/choqy/workspace/xiaomi_dog/.toolchains/arm-gnu-15.3/bin/../lib/gcc/arm-none-eabi/15.3.1/../../../../arm-none-eabi/lib/thumb/v7e-m+fp/hard/libc_nano.a(libc_a-strtol.o)
 .text.strtol   0x0800c624       0x14 /Users/choqy/workspace/xiaomi_dog/.toolchains/arm-gnu-15.3/bin/../lib/gcc/arm-none-eabi/15.3.1/../../../../arm-none-eabi/lib/thumb/v7e-m+fp/hard/libc_nano.a(libc_a-strtol.o)
                0x0800c624                strtol
 .text._fwalk_sglue
                0x0800c638       0x3a /Users/choqy/workspace/xiaomi_dog/.toolchains/arm-gnu-15.3/bin/../lib/gcc/arm-none-eabi/15.3.1/../../../../arm-none-eabi/lib/thumb/v7e-m+fp/hard/libc_nano.a(libc_a-fwalk.o)
                0x0800c638                _fwalk_sglue
 *fill*         0x0800c672        0x2 
 .text.printf   0x0800c674       0x24 /Users/choqy/workspace/xiaomi_dog/.toolchains/arm-gnu-15.3/bin/../lib/gcc/arm-none-eabi/15.3.1/../../../../arm-none-eabi/lib/thumb/v7e-m+fp/hard/libc_nano.a(libc_a-printf.o)
                0x0800c674                printf
                0x0800c674                iprintf
 .text._puts_r  0x0800c698       0xaa /Users/choqy/workspace/xiaomi_dog/.toolchains/arm-gnu-15.3/bin/../lib/gcc/arm-none-eabi/15.3.1/../../../../arm-none-eabi/lib/thumb/v7e-m+fp/hard/libc_nano.a(libc_a-puts.o)
                0x0800c698                _puts_r
 *fill*         0x0800c742        0x2 
 .text.puts     0x0800c744       0x10 /Users/choqy/workspace/xiaomi_dog/.toolchains/arm-gnu-15.3/bin/../lib/gcc/arm-none-eabi/15.3.1/../../../../arm-none-eabi/lib/thumb/v7e-m+fp/hard/libc_nano.a(libc_a-puts.o)
                0x0800c744                puts
 .text.memmove  0x0800c754       0x32 /Users/choqy/workspace/xiaomi_dog/.toolchains/arm-gnu-15.3/bin/../lib/gcc/arm-none-eabi/15.3.1/../../../../arm-none-eabi/lib/thumb/v7e-m+fp/hard/libc_nano.a(libc_a-memmove.o)
                0x0800c754                memmove
 .text.memset   0x0800c786       0x10 /Users/choqy/workspace/xiaomi_dog/.toolchains/arm-gnu-15.3/bin/../lib/gcc/arm-none-eabi/15.3.1/../../../../arm-none-eabi/lib/thumb/v7e-m+fp/hard/libc_nano.a(libc_a-memset.o)
                0x0800c786                memset
 .text.strncmp  0x0800c796       0x24 /Users/choqy/workspace/xiaomi_dog/.toolchains/arm-gnu-15.3/bin/../lib/gcc/arm-none-eabi/15.3.1/../../../../arm-none-eabi/lib/thumb/v7e-m+fp/hard/libc_nano.a(libc_a-strncmp.o)
                0x0800c796                strncmp
 *fill*         0x0800c7ba        0x2 
 .text.__errno  0x0800c7bc        0xc /Users/choqy/workspace/xiaomi_dog/.toolchains/arm-gnu-15.3/bin/../lib/gcc/arm-none-eabi/15.3.1/../../../../arm-none-eabi/lib/thumb/v7e-m+fp/hard/libc_nano.a(libc_a-errno.o)
                0x0800c7bc                __errno
 .text.__libc_init_array
                0x0800c7c8       0x48 /Users/choqy/workspace/xiaomi_dog/.toolchains/arm-gnu-15.3/bin/../lib/gcc/arm-none-eabi/15.3.1/../../../../arm-none-eabi/lib/thumb/v7e-m+fp/hard/libc_nano.a(libc_a-init.o)
                0x0800c7c8                __libc_init_array
 .text.__retarget_lock_init_recursive
                0x0800c810        0x2 /Users/choqy/workspace/xiaomi_dog/.toolchains/arm-gnu-15.3/bin/../lib/gcc/arm-none-eabi/15.3.1/../../../../arm-none-eabi/lib/thumb/v7e-m+fp/hard/libc_nano.a(libc_a-lock.o)
                0x0800c810                __retarget_lock_init_recursive
 .text.__retarget_lock_acquire_recursive
                0x0800c812        0x2 /Users/choqy/workspace/xiaomi_dog/.toolchains/arm-gnu-15.3/bin/../lib/gcc/arm-none-eabi/15.3.1/../../../../arm-none-eabi/lib/thumb/v7e-m+fp/hard/libc_nano.a(libc_a-lock.o)
                0x0800c812                __retarget_lock_acquire_recursive
 .text.__retarget_lock_release_recursive
                0x0800c814        0x2 /Users/choqy/workspace/xiaomi_dog/.toolchains/arm-gnu-15.3/bin/../lib/gcc/arm-none-eabi/15.3.1/../../../../arm-none-eabi/lib/thumb/v7e-m+fp/hard/libc_nano.a(libc_a-lock.o)
                0x0800c814                __retarget_lock_release_recursive
 *fill*         0x0800c816        0x2 
 .text._localeconv_r
                0x0800c818        0x8 /Users/choqy/workspace/xiaomi_dog/.toolchains/arm-gnu-15.3/bin/../lib/gcc/arm-none-eabi/15.3.1/../../../../arm-none-eabi/lib/thumb/v7e-m+fp/hard/libc_nano.a(libc_a-localeconv.o)
                0x0800c818                _localeconv_r
 .text.memcpy   0x0800c820       0x1c /Users/choqy/workspace/xiaomi_dog/.toolchains/arm-gnu-15.3/bin/../lib/gcc/arm-none-eabi/15.3.1/../../../../arm-none-eabi/lib/thumb/v7e-m+fp/hard/libc_nano.a(libc_a-memcpy-stub.o)
                0x0800c820                memcpy
 *fill*         0x0800c83c        0x4 
 .text.nan      0x0800c840       0x10 /Users/choqy/workspace/xiaomi_dog/.toolchains/arm-gnu-15.3/bin/../lib/gcc/arm-none-eabi/15.3.1/../../../../arm-none-eabi/lib/thumb/v7e-m+fp/hard/libc_nano.a(libm_a-s_nan.o)
                0x0800c840                nan
 .text.quorem   0x0800c850      0x110 /Users/choqy/workspace/xiaomi_dog/.toolchains/arm-gnu-15.3/bin/../lib/gcc/arm-none-eabi/15.3.1/../../../../arm-none-eabi/lib/thumb/v7e-m+fp/hard/libc_nano.a(libc_a-dtoa.o)
 .text._dtoa_r  0x0800c960      0xbac /Users/choqy/workspace/xiaomi_dog/.toolchains/arm-gnu-15.3/bin/../lib/gcc/arm-none-eabi/15.3.1/../../../../arm-none-eabi/lib/thumb/v7e-m+fp/hard/libc_nano.a(libc_a-dtoa.o)
                0x0800c960                _dtoa_r
 .text.rshift   0x0800d50c       0xa0 /Users/choqy/workspace/xiaomi_dog/.toolchains/arm-gnu-15.3/bin/../lib/gcc/arm-none-eabi/15.3.1/../../../../arm-none-eabi/lib/thumb/v7e-m+fp/hard/libc_nano.a(libc_a-gdtoa-gethex.o)
 .text.__hexdig_fun
                0x0800d5ac       0x2a /Users/choqy/workspace/xiaomi_dog/.toolchains/arm-gnu-15.3/bin/../lib/gcc/arm-none-eabi/15.3.1/../../../../arm-none-eabi/lib/thumb/v7e-m+fp/hard/libc_nano.a(libc_a-gdtoa-gethex.o)
                0x0800d5ac                __hexdig_fun
 *fill*         0x0800d5d6        0x2 
 .text.__gethex
                0x0800d5d8      0x418 /Users/choqy/workspace/xiaomi_dog/.toolchains/arm-gnu-15.3/bin/../lib/gcc/arm-none-eabi/15.3.1/../../../../arm-none-eabi/lib/thumb/v7e-m+fp/hard/libc_nano.a(libc_a-gdtoa-gethex.o)
                0x0800d5d8                __gethex
 .text.L_shift  0x0800d9f0       0x24 /Users/choqy/workspace/xiaomi_dog/.toolchains/arm-gnu-15.3/bin/../lib/gcc/arm-none-eabi/15.3.1/../../../../arm-none-eabi/lib/thumb/v7e-m+fp/hard/libc_nano.a(libc_a-gdtoa-hexnan.o)
 .text.__match  0x0800da14       0x2a /Users/choqy/workspace/xiaomi_dog/.toolchains/arm-gnu-15.3/bin/../lib/gcc/arm-none-eabi/15.3.1/../../../../arm-none-eabi/lib/thumb/v7e-m+fp/hard/libc_nano.a(libc_a-gdtoa-hexnan.o)
                0x0800da14                __match
 .text.__hexnan
                0x0800da3e      0x138 /Users/choqy/workspace/xiaomi_dog/.toolchains/arm-gnu-15.3/bin/../lib/gcc/arm-none-eabi/15.3.1/../../../../arm-none-eabi/lib/thumb/v7e-m+fp/hard/libc_nano.a(libc_a-gdtoa-hexnan.o)
                0x0800da3e                __hexnan
 *fill*         0x0800db76        0x2 
 .text.malloc   0x0800db78       0x10 /Users/choqy/workspace/xiaomi_dog/.toolchains/arm-gnu-15.3/bin/../lib/gcc/arm-none-eabi/15.3.1/../../../../arm-none-eabi/lib/thumb/v7e-m+fp/hard/libc_nano.a(libc_a-malloc.o)
                0x0800db78                malloc
 .text.sbrk_aligned
                0x0800db88       0x44 /Users/choqy/workspace/xiaomi_dog/.toolchains/arm-gnu-15.3/bin/../lib/gcc/arm-none-eabi/15.3.1/../../../../arm-none-eabi/lib/thumb/v7e-m+fp/hard/libc_nano.a(libc_a-mallocr.o)
 .text._malloc_r
                0x0800dbcc       0xf8 /Users/choqy/workspace/xiaomi_dog/.toolchains/arm-gnu-15.3/bin/../lib/gcc/arm-none-eabi/15.3.1/../../../../arm-none-eabi/lib/thumb/v7e-m+fp/hard/libc_nano.a(libc_a-mallocr.o)
                0x0800dbcc                _malloc_r
 .text.__ascii_mbtowc
                0x0800dcc4       0x24 /Users/choqy/workspace/xiaomi_dog/.toolchains/arm-gnu-15.3/bin/../lib/gcc/arm-none-eabi/15.3.1/../../../../arm-none-eabi/lib/thumb/v7e-m+fp/hard/libc_nano.a(libc_a-mbtowc_r.o)
                0x0800dcc4                __ascii_mbtowc
 .text.__sfputc_r
                0x0800dce8       0x2a /Users/choqy/workspace/xiaomi_dog/.toolchains/arm-gnu-15.3/bin/../lib/gcc/arm-none-eabi/15.3.1/../../../../arm-none-eabi/lib/thumb/v7e-m+fp/hard/libc_nano.a(libc_a-nano-vfprintf.o)
 .text.__sfputs_r
                0x0800dd12       0x24 /Users/choqy/workspace/xiaomi_dog/.toolchains/arm-gnu-15.3/bin/../lib/gcc/arm-none-eabi/15.3.1/../../../../arm-none-eabi/lib/thumb/v7e-m+fp/hard/libc_nano.a(libc_a-nano-vfprintf.o)
                0x0800dd12                __sfputs_r
 *fill*         0x0800dd36        0x2 
 .text._vfprintf_r
                0x0800dd38      0x228 /Users/choqy/workspace/xiaomi_dog/.toolchains/arm-gnu-15.3/bin/../lib/gcc/arm-none-eabi/15.3.1/../../../../arm-none-eabi/lib/thumb/v7e-m+fp/hard/libc_nano.a(libc_a-nano-vfprintf.o)
                0x0800dd38                _vfiprintf_r
                0x0800dd38                _vfprintf_r
 .text.__malloc_lock
                0x0800df60        0xc /Users/choqy/workspace/xiaomi_dog/.toolchains/arm-gnu-15.3/bin/../lib/gcc/arm-none-eabi/15.3.1/../../../../arm-none-eabi/lib/thumb/v7e-m+fp/hard/libc_nano.a(libc_a-mlock.o)
                0x0800df60                __malloc_lock
 .text.__malloc_unlock
                0x0800df6c        0xc /Users/choqy/workspace/xiaomi_dog/.toolchains/arm-gnu-15.3/bin/../lib/gcc/arm-none-eabi/15.3.1/../../../../arm-none-eabi/lib/thumb/v7e-m+fp/hard/libc_nano.a(libc_a-mlock.o)
                0x0800df6c                __malloc_unlock
 .text._Balloc  0x0800df78       0x7c /Users/choqy/workspace/xiaomi_dog/.toolchains/arm-gnu-15.3/bin/../lib/gcc/arm-none-eabi/15.3.1/../../../../arm-none-eabi/lib/thumb/v7e-m+fp/hard/libc_nano.a(libc_a-mprec.o)
                0x0800df78                _Balloc
 .text._Bfree   0x0800dff4       0x44 /Users/choqy/workspace/xiaomi_dog/.toolchains/arm-gnu-15.3/bin/../lib/gcc/arm-none-eabi/15.3.1/../../../../arm-none-eabi/lib/thumb/v7e-m+fp/hard/libc_nano.a(libc_a-mprec.o)
                0x0800dff4                _Bfree
 .text.__multadd
                0x0800e038       0x8c /Users/choqy/workspace/xiaomi_dog/.toolchains/arm-gnu-15.3/bin/../lib/gcc/arm-none-eabi/15.3.1/../../../../arm-none-eabi/lib/thumb/v7e-m+fp/hard/libc_nano.a(libc_a-mprec.o)
                0x0800e038                __multadd
 .text.__s2b    0x0800e0c4       0x94 /Users/choqy/workspace/xiaomi_dog/.toolchains/arm-gnu-15.3/bin/../lib/gcc/arm-none-eabi/15.3.1/../../../../arm-none-eabi/lib/thumb/v7e-m+fp/hard/libc_nano.a(libc_a-mprec.o)
                0x0800e0c4                __s2b
 .text.__hi0bits
                0x0800e158       0x3c /Users/choqy/workspace/xiaomi_dog/.toolchains/arm-gnu-15.3/bin/../lib/gcc/arm-none-eabi/15.3.1/../../../../arm-none-eabi/lib/thumb/v7e-m+fp/hard/libc_nano.a(libc_a-mprec.o)
                0x0800e158                __hi0bits
 .text.__lo0bits
                0x0800e194       0x5c /Users/choqy/workspace/xiaomi_dog/.toolchains/arm-gnu-15.3/bin/../lib/gcc/arm-none-eabi/15.3.1/../../../../arm-none-eabi/lib/thumb/v7e-m+fp/hard/libc_nano.a(libc_a-mprec.o)
                0x0800e194                __lo0bits
 .text.__i2b    0x0800e1f0       0x2c /Users/choqy/workspace/xiaomi_dog/.toolchains/arm-gnu-15.3/bin/../lib/gcc/arm-none-eabi/15.3.1/../../../../arm-none-eabi/lib/thumb/v7e-m+fp/hard/libc_nano.a(libc_a-mprec.o)
                0x0800e1f0                __i2b
 .text.__multiply
                0x0800e21c      0x16c /Users/choqy/workspace/xiaomi_dog/.toolchains/arm-gnu-15.3/bin/../lib/gcc/arm-none-eabi/15.3.1/../../../../arm-none-eabi/lib/thumb/v7e-m+fp/hard/libc_nano.a(libc_a-mprec.o)
                0x0800e21c                __multiply
 .text.__pow5mult
                0x0800e388       0xb8 /Users/choqy/workspace/xiaomi_dog/.toolchains/arm-gnu-15.3/bin/../lib/gcc/arm-none-eabi/15.3.1/../../../../arm-none-eabi/lib/thumb/v7e-m+fp/hard/libc_nano.a(libc_a-mprec.o)
                0x0800e388                __pow5mult
 .text.__lshift
                0x0800e440       0xe4 /Users/choqy/workspace/xiaomi_dog/.toolchains/arm-gnu-15.3/bin/../lib/gcc/arm-none-eabi/15.3.1/../../../../arm-none-eabi/lib/thumb/v7e-m+fp/hard/libc_nano.a(libc_a-mprec.o)
                0x0800e440                __lshift
 .text.__mcmp   0x0800e524       0x36 /Users/choqy/workspace/xiaomi_dog/.toolchains/arm-gnu-15.3/bin/../lib/gcc/arm-none-eabi/15.3.1/../../../../arm-none-eabi/lib/thumb/v7e-m+fp/hard/libc_nano.a(libc_a-mprec.o)
                0x0800e524                __mcmp
 *fill*         0x0800e55a        0x2 
 .text.__mdiff  0x0800e55c      0x130 /Users/choqy/workspace/xiaomi_dog/.toolchains/arm-gnu-15.3/bin/../lib/gcc/arm-none-eabi/15.3.1/../../../../arm-none-eabi/lib/thumb/v7e-m+fp/hard/libc_nano.a(libc_a-mprec.o)
                0x0800e55c                __mdiff
 .text.__ulp    0x0800e68c       0x4c /Users/choqy/workspace/xiaomi_dog/.toolchains/arm-gnu-15.3/bin/../lib/gcc/arm-none-eabi/15.3.1/../../../../arm-none-eabi/lib/thumb/v7e-m+fp/hard/libc_nano.a(libc_a-mprec.o)
                0x0800e68c                __ulp
 .text.__b2d    0x0800e6d8       0x92 /Users/choqy/workspace/xiaomi_dog/.toolchains/arm-gnu-15.3/bin/../lib/gcc/arm-none-eabi/15.3.1/../../../../arm-none-eabi/lib/thumb/v7e-m+fp/hard/libc_nano.a(libc_a-mprec.o)
                0x0800e6d8                __b2d
 *fill*         0x0800e76a        0x2 
 .text.__d2b    0x0800e76c       0xb0 /Users/choqy/workspace/xiaomi_dog/.toolchains/arm-gnu-15.3/bin/../lib/gcc/arm-none-eabi/15.3.1/../../../../arm-none-eabi/lib/thumb/v7e-m+fp/hard/libc_nano.a(libc_a-mprec.o)
                0x0800e76c                __d2b
 .text.__ratio  0x0800e81c       0x62 /Users/choqy/workspace/xiaomi_dog/.toolchains/arm-gnu-15.3/bin/../lib/gcc/arm-none-eabi/15.3.1/../../../../arm-none-eabi/lib/thumb/v7e-m+fp/hard/libc_nano.a(libc_a-mprec.o)
                0x0800e81c                __ratio
 .text.__copybits
                0x0800e87e       0x46 /Users/choqy/workspace/xiaomi_dog/.toolchains/arm-gnu-15.3/bin/../lib/gcc/arm-none-eabi/15.3.1/../../../../arm-none-eabi/lib/thumb/v7e-m+fp/hard/libc_nano.a(libc_a-mprec.o)
                0x0800e87e                __copybits
 .text.__any_on
                0x0800e8c4       0x42 /Users/choqy/workspace/xiaomi_dog/.toolchains/arm-gnu-15.3/bin/../lib/gcc/arm-none-eabi/15.3.1/../../../../arm-none-eabi/lib/thumb/v7e-m+fp/hard/libc_nano.a(libc_a-mprec.o)
                0x0800e8c4                __any_on
 .text.__sread  0x0800e906       0x22 /Users/choqy/workspace/xiaomi_dog/.toolchains/arm-gnu-15.3/bin/../lib/gcc/arm-none-eabi/15.3.1/../../../../arm-none-eabi/lib/thumb/v7e-m+fp/hard/libc_nano.a(libc_a-stdio.o)
                0x0800e906                __sread
 .text.__swrite
                0x0800e928       0x38 /Users/choqy/workspace/xiaomi_dog/.toolchains/arm-gnu-15.3/bin/../lib/gcc/arm-none-eabi/15.3.1/../../../../arm-none-eabi/lib/thumb/v7e-m+fp/hard/libc_nano.a(libc_a-stdio.o)
                0x0800e928                __swrite
 .text.__sseek  0x0800e960       0x26 /Users/choqy/workspace/xiaomi_dog/.toolchains/arm-gnu-15.3/bin/../lib/gcc/arm-none-eabi/15.3.1/../../../../arm-none-eabi/lib/thumb/v7e-m+fp/hard/libc_nano.a(libc_a-stdio.o)
                0x0800e960                __sseek
 .text.__sclose
                0x0800e986        0x8 /Users/choqy/workspace/xiaomi_dog/.toolchains/arm-gnu-15.3/bin/../lib/gcc/arm-none-eabi/15.3.1/../../../../arm-none-eabi/lib/thumb/v7e-m+fp/hard/libc_nano.a(libc_a-stdio.o)
                0x0800e986                __sclose
 *fill*         0x0800e98e        0x2 
 .text.__sflush_r
                0x0800e990      0x100 /Users/choqy/workspace/xiaomi_dog/.toolchains/arm-gnu-15.3/bin/../lib/gcc/arm-none-eabi/15.3.1/../../../../arm-none-eabi/lib/thumb/v7e-m+fp/hard/libc_nano.a(libc_a-fflush.o)
                0x0800e990                __sflush_r
 .text._fflush_r
                0x0800ea90       0x50 /Users/choqy/workspace/xiaomi_dog/.toolchains/arm-gnu-15.3/bin/../lib/gcc/arm-none-eabi/15.3.1/../../../../arm-none-eabi/lib/thumb/v7e-m+fp/hard/libc_nano.a(libc_a-fflush.o)
                0x0800ea90                _fflush_r
 .text.__swbuf_r
                0x0800eae0       0x7a /Users/choqy/workspace/xiaomi_dog/.toolchains/arm-gnu-15.3/bin/../lib/gcc/arm-none-eabi/15.3.1/../../../../arm-none-eabi/lib/thumb/v7e-m+fp/hard/libc_nano.a(libc_a-wbuf.o)
                0x0800eae0                __swbuf_r
 *fill*         0x0800eb5a        0x2 
 .text.__swsetup_r
                0x0800eb5c       0xa8 /Users/choqy/workspace/xiaomi_dog/.toolchains/arm-gnu-15.3/bin/../lib/gcc/arm-none-eabi/15.3.1/../../../../arm-none-eabi/lib/thumb/v7e-m+fp/hard/libc_nano.a(libc_a-wsetup.o)
                0x0800eb5c                __swsetup_r
 .text.__ascii_wctomb
                0x0800ec04       0x1a /Users/choqy/workspace/xiaomi_dog/.toolchains/arm-gnu-15.3/bin/../lib/gcc/arm-none-eabi/15.3.1/../../../../arm-none-eabi/lib/thumb/v7e-m+fp/hard/libc_nano.a(libc_a-wctomb_r.o)
                0x0800ec04                __ascii_wctomb
 .text.__swhatbuf_r
                0x0800ec1e       0x48 /Users/choqy/workspace/xiaomi_dog/.toolchains/arm-gnu-15.3/bin/../lib/gcc/arm-none-eabi/15.3.1/../../../../arm-none-eabi/lib/thumb/v7e-m+fp/hard/libc_nano.a(libc_a-makebuf.o)
                0x0800ec1e                __swhatbuf_r
 .text.__smakebuf_r
                0x0800ec66       0x72 /Users/choqy/workspace/xiaomi_dog/.toolchains/arm-gnu-15.3/bin/../lib/gcc/arm-none-eabi/15.3.1/../../../../arm-none-eabi/lib/thumb/v7e-m+fp/hard/libc_nano.a(libc_a-makebuf.o)
                0x0800ec66                __smakebuf_r
 .text._isatty_r
                0x0800ecd8       0x20 /Users/choqy/workspace/xiaomi_dog/.toolchains/arm-gnu-15.3/bin/../lib/gcc/arm-none-eabi/15.3.1/../../../../arm-none-eabi/lib/thumb/v7e-m+fp/hard/libc_nano.a(libc_a-isattyr.o)
                0x0800ecd8                _isatty_r
 .text._lseek_r
                0x0800ecf8       0x24 /Users/choqy/workspace/xiaomi_dog/.toolchains/arm-gnu-15.3/bin/../lib/gcc/arm-none-eabi/15.3.1/../../../../arm-none-eabi/lib/thumb/v7e-m+fp/hard/libc_nano.a(libc_a-lseekr.o)
                0x0800ecf8                _lseek_r
 .text._read_r  0x0800ed1c       0x24 /Users/choqy/workspace/xiaomi_dog/.toolchains/arm-gnu-15.3/bin/../lib/gcc/arm-none-eabi/15.3.1/../../../../arm-none-eabi/lib/thumb/v7e-m+fp/hard/libc_nano.a(libc_a-readr.o)
                0x0800ed1c                _read_r
 .text._sbrk_r  0x0800ed40       0x20 /Users/choqy/workspace/xiaomi_dog/.toolchains/arm-gnu-15.3/bin/../lib/gcc/arm-none-eabi/15.3.1/../../../../arm-none-eabi/lib/thumb/v7e-m+fp/hard/libc_nano.a(libc_a-sbrkr.o)
                0x0800ed40                _sbrk_r
 .text._write_r
                0x0800ed60       0x24 /Users/choqy/workspace/xiaomi_dog/.toolchains/arm-gnu-15.3/bin/../lib/gcc/arm-none-eabi/15.3.1/../../../../arm-none-eabi/lib/thumb/v7e-m+fp/hard/libc_nano.a(libc_a-writer.o)
                0x0800ed60                _write_r
 .text._close_r
                0x0800ed84       0x20 /Users/choqy/workspace/xiaomi_dog/.toolchains/arm-gnu-15.3/bin/../lib/gcc/arm-none-eabi/15.3.1/../../../../arm-none-eabi/lib/thumb/v7e-m+fp/hard/libc_nano.a(libc_a-closer.o)
                0x0800ed84                _close_r
 .text._fstat_r
                0x0800eda4       0x24 /Users/choqy/workspace/xiaomi_dog/.toolchains/arm-gnu-15.3/bin/../lib/gcc/arm-none-eabi/15.3.1/../../../../arm-none-eabi/lib/thumb/v7e-m+fp/hard/libc_nano.a(libc_a-fstatr.o)
                0x0800eda4                _fstat_r
 .text.__assert_func
                0x0800edc8       0x3c /Users/choqy/workspace/xiaomi_dog/.toolchains/arm-gnu-15.3/bin/../lib/gcc/arm-none-eabi/15.3.1/../../../../arm-none-eabi/lib/thumb/v7e-m+fp/hard/libc_nano.a(libc_a-assert.o)
                0x0800edc8                __assert_func
 .text._calloc_r
                0x0800ee04       0x28 /Users/choqy/workspace/xiaomi_dog/.toolchains/arm-gnu-15.3/bin/../lib/gcc/arm-none-eabi/15.3.1/../../../../arm-none-eabi/lib/thumb/v7e-m+fp/hard/libc_nano.a(libc_a-callocr.o)
                0x0800ee04                _calloc_r
 .text._free_r  0x0800ee2c       0x98 /Users/choqy/workspace/xiaomi_dog/.toolchains/arm-gnu-15.3/bin/../lib/gcc/arm-none-eabi/15.3.1/../../../../arm-none-eabi/lib/thumb/v7e-m+fp/hard/libc_nano.a(libc_a-freer.o)
                0x0800ee2c                _free_r
 .text.fprintf  0x0800eec4       0x24 /Users/choqy/workspace/xiaomi_dog/.toolchains/arm-gnu-15.3/bin/../lib/gcc/arm-none-eabi/15.3.1/../../../../arm-none-eabi/lib/thumb/v7e-m+fp/hard/libc_nano.a(libc_a-fprintf.o)
                0x0800eec4                fprintf
                0x0800eec4                fiprintf
 .text.abort    0x0800eee8        0xe /Users/choqy/workspace/xiaomi_dog/.toolchains/arm-gnu-15.3/bin/../lib/gcc/arm-none-eabi/15.3.1/../../../../arm-none-eabi/lib/thumb/v7e-m+fp/hard/libc_nano.a(libc_a-abort.o)
                0x0800eee8                abort
 .text._raise_r
                0x0800eef6       0x50 /Users/choqy/workspace/xiaomi_dog/.toolchains/arm-gnu-15.3/bin/../lib/gcc/arm-none-eabi/15.3.1/../../../../arm-none-eabi/lib/thumb/v7e-m+fp/hard/libc_nano.a(libc_a-signal.o)
                0x0800eef6                _raise_r
 *fill*         0x0800ef46        0x2 
 .text.raise    0x0800ef48       0x10 /Users/choqy/workspace/xiaomi_dog/.toolchains/arm-gnu-15.3/bin/../lib/gcc/arm-none-eabi/15.3.1/../../../../arm-none-eabi/lib/thumb/v7e-m+fp/hard/libc_nano.a(libc_a-signal.o)
                0x0800ef48                raise
 .text._kill_r  0x0800ef58       0x24 /Users/choqy/workspace/xiaomi_dog/.toolchains/arm-gnu-15.3/bin/../lib/gcc/arm-none-eabi/15.3.1/../../../../arm-none-eabi/lib/thumb/v7e-m+fp/hard/libc_nano.a(libc_a-signalr.o)
                0x0800ef58                _kill_r
 .text._getpid_r
                0x0800ef7c        0x4 /Users/choqy/workspace/xiaomi_dog/.toolchains/arm-gnu-15.3/bin/../lib/gcc/arm-none-eabi/15.3.1/../../../../arm-none-eabi/lib/thumb/v7e-m+fp/hard/libc_nano.a(libc_a-signalr.o)
                0x0800ef7c                _getpid_r
 .text.fmodf    0x0800ef80       0x58 /Users/choqy/workspace/xiaomi_dog/.toolchains/arm-gnu-15.3/bin/../lib/gcc/arm-none-eabi/15.3.1/../../../../arm-none-eabi/lib/thumb/v7e-m+fp/hard/libm.a(libm_a-wf_fmod.o)
                0x0800ef80                fmodf
 .text.exp      0x0800efd8       0xa0 /Users/choqy/workspace/xiaomi_dog/.toolchains/arm-gnu-15.3/bin/../lib/gcc/arm-none-eabi/15.3.1/../../../../arm-none-eabi/lib/thumb/v7e-m+fp/hard/libm.a(libm_a-w_exp.o)
                0x0800efd8                exp
 .text.sqrtf    0x0800f078       0x50 /Users/choqy/workspace/xiaomi_dog/.toolchains/arm-gnu-15.3/bin/../lib/gcc/arm-none-eabi/15.3.1/../../../../arm-none-eabi/lib/thumb/v7e-m+fp/hard/libm.a(libm_a-wf_sqrt.o)
                0x0800f078                sqrtf
 .text.finite   0x0800f0c8       0x18 /Users/choqy/workspace/xiaomi_dog/.toolchains/arm-gnu-15.3/bin/../lib/gcc/arm-none-eabi/15.3.1/../../../../arm-none-eabi/lib/thumb/v7e-m+fp/hard/libm.a(libm_a-s_finite.o)
                0x0800f0c8                finite
 .text.__ieee754_sqrtf
                0x0800f0e0        0x8 /Users/choqy/workspace/xiaomi_dog/.toolchains/arm-gnu-15.3/bin/../lib/gcc/arm-none-eabi/15.3.1/../../../../arm-none-eabi/lib/thumb/v7e-m+fp/hard/libm.a(libm_a-ef_sqrt.o)
                0x0800f0e0                __ieee754_sqrtf
 .text.__ieee754_exp
                0x0800f0e8      0x3a4 /Users/choqy/workspace/xiaomi_dog/.toolchains/arm-gnu-15.3/bin/../lib/gcc/arm-none-eabi/15.3.1/../../../../arm-none-eabi/lib/thumb/v7e-m+fp/hard/libm.a(libm_a-e_exp.o)
                0x0800f0e8                __ieee754_exp
 .text.__ieee754_fmodf
                0x0800f48c      0x188 /Users/choqy/workspace/xiaomi_dog/.toolchains/arm-gnu-15.3/bin/../lib/gcc/arm-none-eabi/15.3.1/../../../../arm-none-eabi/lib/thumb/v7e-m+fp/hard/libm.a(libm_a-ef_fmod.o)
                0x0800f48c                __ieee754_fmodf
 .text.fmaxf    0x0800f614       0x50 /Users/choqy/workspace/xiaomi_dog/.toolchains/arm-gnu-15.3/bin/../lib/gcc/arm-none-eabi/15.3.1/../../../../arm-none-eabi/lib/thumb/v7e-m+fp/hard/libm.a(libm_a-sf_fmax.o)
                0x0800f614                fmaxf
 .text.fminf    0x0800f664       0x50 /Users/choqy/workspace/xiaomi_dog/.toolchains/arm-gnu-15.3/bin/../lib/gcc/arm-none-eabi/15.3.1/../../../../arm-none-eabi/lib/thumb/v7e-m+fp/hard/libm.a(libm_a-sf_fmin.o)
                0x0800f664                fminf
 .text.__fpclassifyf
                0x0800f6b4       0x38 /Users/choqy/workspace/xiaomi_dog/.toolchains/arm-gnu-15.3/bin/../lib/gcc/arm-none-eabi/15.3.1/../../../../arm-none-eabi/lib/thumb/v7e-m+fp/hard/libm.a(libm_a-sf_fpclassify.o)
                0x0800f6b4                __fpclassifyf
 .text.lroundf  0x0800f6ec       0x5c /Users/choqy/workspace/xiaomi_dog/.toolchains/arm-gnu-15.3/bin/../lib/gcc/arm-none-eabi/15.3.1/../../../../arm-none-eabi/lib/thumb/v7e-m+fp/hard/libm.a(libm_a-sf_lround.o)
                0x0800f6ec                lroundf
 .text.with_errno
                0x0800f748       0x18 /Users/choqy/workspace/xiaomi_dog/.toolchains/arm-gnu-15.3/bin/../lib/gcc/arm-none-eabi/15.3.1/../../../../arm-none-eabi/lib/thumb/v7e-m+fp/hard/libm.a(libm_a-math_err.o)
 .text.xflow    0x0800f760       0x34 /Users/choqy/workspace/xiaomi_dog/.toolchains/arm-gnu-15.3/bin/../lib/gcc/arm-none-eabi/15.3.1/../../../../arm-none-eabi/lib/thumb/v7e-m+fp/hard/libm.a(libm_a-math_err.o)
 *fill*         0x0800f794        0x4 
 .text.__math_uflow
                0x0800f798       0x10 /Users/choqy/workspace/xiaomi_dog/.toolchains/arm-gnu-15.3/bin/../lib/gcc/arm-none-eabi/15.3.1/../../../../arm-none-eabi/lib/thumb/v7e-m+fp/hard/libm.a(libm_a-math_err.o)
                0x0800f798                __math_uflow
 .text.__math_oflow
                0x0800f7a8       0x10 /Users/choqy/workspace/xiaomi_dog/.toolchains/arm-gnu-15.3/bin/../lib/gcc/arm-none-eabi/15.3.1/../../../../arm-none-eabi/lib/thumb/v7e-m+fp/hard/libm.a(libm_a-math_err.o)
                0x0800f7a8                __math_oflow
 .text.__paritysi2
                0x0800f7b8       0x20 /Users/choqy/workspace/xiaomi_dog/.toolchains/arm-gnu-15.3/bin/../lib/gcc/arm-none-eabi/15.3.1/thumb/v7e-m+fp/hard/libgcc.a(_paritysi2.o)
                0x0800f7b8                __paritysi2
 .text.__fixdfdi
                0x0800f7d8       0x30 /Users/choqy/workspace/xiaomi_dog/.toolchains/arm-gnu-15.3/bin/../lib/gcc/arm-none-eabi/15.3.1/thumb/v7e-m+fp/hard/libgcc.a(_fixdfdi.o)
                0x0800f7d8                __aeabi_d2lz
                0x0800f7d8                __fixdfdi
 .text.__fixunsdfdi
                0x0800f808       0x3c /Users/choqy/workspace/xiaomi_dog/.toolchains/arm-gnu-15.3/bin/../lib/gcc/arm-none-eabi/15.3.1/thumb/v7e-m+fp/hard/libgcc.a(_fixunsdfdi.o)
                0x0800f808                __aeabi_d2ulz
                0x0800f808                __fixunsdfdi
 *(.glue_7)
 .glue_7        0x0800f844        0x0 linker stubs
 *(.glue_7t)
 .glue_7t       0x0800f844        0x0 linker stubs
 *(.eh_frame)
 .eh_frame      0x0800f844        0x0 /Users/choqy/workspace/xiaomi_dog/.toolchains/arm-gnu-15.3/bin/../lib/gcc/arm-none-eabi/15.3.1/thumb/v7e-m+fp/hard/crtbegin.o
 *(.init)
 .init          0x0800f844        0x4 /Users/choqy/workspace/xiaomi_dog/.toolchains/arm-gnu-15.3/bin/../lib/gcc/arm-none-eabi/15.3.1/thumb/v7e-m+fp/hard/crti.o
                0x0800f844                _init
 .init          0x0800f848        0x8 /Users/choqy/workspace/xiaomi_dog/.toolchains/arm-gnu-15.3/bin/../lib/gcc/arm-none-eabi/15.3.1/thumb/v7e-m+fp/hard/crtn.o
 *(.fini)
 .fini          0x0800f850        0x4 /Users/choqy/workspace/xiaomi_dog/.toolchains/arm-gnu-15.3/bin/../lib/gcc/arm-none-eabi/15.3.1/thumb/v7e-m+fp/hard/crti.o
                0x0800f850                _fini
 .fini          0x0800f854        0x8 /Users/choqy/workspace/xiaomi_dog/.toolchains/arm-gnu-15.3/bin/../lib/gcc/arm-none-eabi/15.3.1/thumb/v7e-m+fp/hard/crtn.o
                0x0800f85c                        . = ALIGN (0x4)
                0x0800f85c                        _etext = .

.vfp11_veneer   0x0800f85c        0x0
 .vfp11_veneer  0x0800f85c        0x0 linker stubs

.v4_bx          0x0800f85c        0x0
 .v4_bx         0x0800f85c        0x0 linker stubs

.iplt           0x0800f85c        0x0
 .iplt          0x0800f85c        0x0 /Users/choqy/workspace/xiaomi_dog/.toolchains/arm-gnu-15.3/bin/../lib/gcc/arm-none-eabi/15.3.1/thumb/v7e-m+fp/hard/crtbegin.o

.rodata         0x0800f860     0x18f0
                0x0800f860                        . = ALIGN (0x4)
 *(.rodata)
 .rodata        0x0800f860      0x100 build/release-normal/unsafe/diag_protocol.o
 .rodata        0x0800f960       0x18 build/release-normal/unsafe/gd32f30x_rcu.o
 *(.rodata*)
 .rodata.main.str1.4
                0x0800f978      0xaff build/release-normal/unsafe/main.o
                                0x11d (size before relaxing)
 *fill*         0x08010477        0x1 
 .rodata.config_fields
                0x08010478       0x34 build/release-normal/unsafe/diagnostics.o
 .rodata.order_phases.str1.4
                0x080104ac        0x0 build/release-normal/unsafe/calibration.o
                                0x10a (size before relaxing)
 .rodata.calibrate_encoder.str1.4
                0x080104ac        0x0 build/release-normal/unsafe/calibration.o
                                 0x71 (size before relaxing)
 .rodata.drv_print_faults.str1.4
                0x080104ac        0x0 build/release-normal/unsafe/drv8323.o
                                 0xf9 (size before relaxing)
 .rodata.registers.0
                0x080104ac        0x5 build/release-normal/unsafe/drv8323.o
 .rodata.enter_menu_state.str1.4
                0x080104b1        0x0 build/release-normal/unsafe/fsm.o
                                 0x99 (size before relaxing)
 .rodata.enter_setup_state.str1.4
                0x080104b1        0x0 build/release-normal/unsafe/fsm.o
                                0x3a2 (size before relaxing)
 .rodata.run_fsm.str1.4
                0x080104b1        0x0 build/release-normal/unsafe/fsm.o
                                 0x83 (size before relaxing)
 .rodata.process_user_input.str1.4
                0x080104b1        0x0 build/release-normal/unsafe/fsm.o
                                0x1a3 (size before relaxing)
 .rodata.update_fsm.str1.4
                0x080104b1        0x0 build/release-normal/unsafe/fsm.o
                                 0x55 (size before relaxing)
 *fill*         0x080104b1        0x3 
 .rodata.sin_tab
                0x080104b4      0x800 build/release-normal/unsafe/math_ops.o
                0x080104b4                sin_tab
 .rodata.ps_print.str1.4
                0x08010cb4        0x0 build/release-normal/unsafe/position_sensor.o
                                 0xa7 (size before relaxing)
 .rodata._printf_float.str1.1
                0x08010cb4      0x210 /Users/choqy/workspace/xiaomi_dog/.toolchains/arm-gnu-15.3/bin/../lib/gcc/arm-none-eabi/15.3.1/../../../../arm-none-eabi/lib/thumb/v7e-m+fp/hard/libc_nano.a(libc_a-nano-vfprintf_float.o)
                                 0x12 (size before relaxing)
 .rodata._printf_i.str1.1
                0x08010ec4        0x0 /Users/choqy/workspace/xiaomi_dog/.toolchains/arm-gnu-15.3/bin/../lib/gcc/arm-none-eabi/15.3.1/../../../../arm-none-eabi/lib/thumb/v7e-m+fp/hard/libc_nano.a(libc_a-nano-vfprintf_i.o)
                                 0x22 (size before relaxing)
 .rodata._strtod_l.str1.1
                0x08010ec4        0x0 /Users/choqy/workspace/xiaomi_dog/.toolchains/arm-gnu-15.3/bin/../lib/gcc/arm-none-eabi/15.3.1/../../../../arm-none-eabi/lib/thumb/v7e-m+fp/hard/libc_nano.a(libc_a-strtod.o)
                                  0xf (size before relaxing)
 .rodata.fpinan.0
                0x08010ec4       0x14 /Users/choqy/workspace/xiaomi_dog/.toolchains/arm-gnu-15.3/bin/../lib/gcc/arm-none-eabi/15.3.1/../../../../arm-none-eabi/lib/thumb/v7e-m+fp/hard/libc_nano.a(libc_a-strtod.o)
 .rodata.fpi.1  0x08010ed8       0x14 /Users/choqy/workspace/xiaomi_dog/.toolchains/arm-gnu-15.3/bin/../lib/gcc/arm-none-eabi/15.3.1/../../../../arm-none-eabi/lib/thumb/v7e-m+fp/hard/libc_nano.a(libc_a-strtod.o)
 *fill*         0x08010eec        0x4 
 .rodata.tinytens
                0x08010ef0       0x28 /Users/choqy/workspace/xiaomi_dog/.toolchains/arm-gnu-15.3/bin/../lib/gcc/arm-none-eabi/15.3.1/../../../../arm-none-eabi/lib/thumb/v7e-m+fp/hard/libc_nano.a(libc_a-strtod.o)
 .rodata._setlocale_r.str1.1
                0x08010f18        0x0 /Users/choqy/workspace/xiaomi_dog/.toolchains/arm-gnu-15.3/bin/../lib/gcc/arm-none-eabi/15.3.1/../../../../arm-none-eabi/lib/thumb/v7e-m+fp/hard/libc_nano.a(libc_a-locale.o)
                                  0x9 (size before relaxing)
 .rodata.str1.1
                0x08010f18        0x0 /Users/choqy/workspace/xiaomi_dog/.toolchains/arm-gnu-15.3/bin/../lib/gcc/arm-none-eabi/15.3.1/../../../../arm-none-eabi/lib/thumb/v7e-m+fp/hard/libc_nano.a(libc_a-locale.o)
                                  0x2 (size before relaxing)
 .rodata._ctype_
                0x08010f18      0x101 /Users/choqy/workspace/xiaomi_dog/.toolchains/arm-gnu-15.3/bin/../lib/gcc/arm-none-eabi/15.3.1/../../../../arm-none-eabi/lib/thumb/v7e-m+fp/hard/libc_nano.a(libc_a-ctype_.o)
                0x08010f18                _ctype_
 .rodata._dtoa_r.str1.1
                0x08011019        0x0 /Users/choqy/workspace/xiaomi_dog/.toolchains/arm-gnu-15.3/bin/../lib/gcc/arm-none-eabi/15.3.1/../../../../arm-none-eabi/lib/thumb/v7e-m+fp/hard/libc_nano.a(libc_a-dtoa.o)
                                 0xa4 (size before relaxing)
 .rodata.__gethex.str1.1
                0x08011019        0x0 /Users/choqy/workspace/xiaomi_dog/.toolchains/arm-gnu-15.3/bin/../lib/gcc/arm-none-eabi/15.3.1/../../../../arm-none-eabi/lib/thumb/v7e-m+fp/hard/libc_nano.a(libc_a-gdtoa-gethex.o)
                                 0x88 (size before relaxing)
 .rodata._vfprintf_r.str1.1
                0x08011019        0x0 /Users/choqy/workspace/xiaomi_dog/.toolchains/arm-gnu-15.3/bin/../lib/gcc/arm-none-eabi/15.3.1/../../../../arm-none-eabi/lib/thumb/v7e-m+fp/hard/libc_nano.a(libc_a-nano-vfprintf.o)
                                 0x11 (size before relaxing)
 .rodata._Balloc.str1.1
                0x08011019        0x0 /Users/choqy/workspace/xiaomi_dog/.toolchains/arm-gnu-15.3/bin/../lib/gcc/arm-none-eabi/15.3.1/../../../../arm-none-eabi/lib/thumb/v7e-m+fp/hard/libc_nano.a(libc_a-mprec.o)
                                 0x85 (size before relaxing)
 .rodata.__multadd.str1.1
                0x08011019        0x0 /Users/choqy/workspace/xiaomi_dog/.toolchains/arm-gnu-15.3/bin/../lib/gcc/arm-none-eabi/15.3.1/../../../../arm-none-eabi/lib/thumb/v7e-m+fp/hard/libc_nano.a(libc_a-mprec.o)
                                 0x11 (size before relaxing)
 *fill*         0x08011019        0x3 
 .rodata.p05.0  0x0801101c        0xc /Users/choqy/workspace/xiaomi_dog/.toolchains/arm-gnu-15.3/bin/../lib/gcc/arm-none-eabi/15.3.1/../../../../arm-none-eabi/lib/thumb/v7e-m+fp/hard/libc_nano.a(libc_a-mprec.o)
 .rodata.__mprec_bigtens
                0x08011028       0x28 /Users/choqy/workspace/xiaomi_dog/.toolchains/arm-gnu-15.3/bin/../lib/gcc/arm-none-eabi/15.3.1/../../../../arm-none-eabi/lib/thumb/v7e-m+fp/hard/libc_nano.a(libc_a-mprec.o)
                0x08011028                __mprec_bigtens
 .rodata.__mprec_tens