Archive member included to satisfy reference by file (symbol)

/Users/choqy/workspace/xiaomi_dog/.toolchains/arm-gnu-15.3/bin/../lib/gcc/arm-none-eabi/15.3.1/../../../../arm-none-eabi/lib/thumb/v7e-m+fp/hard/libc_nano.a(libc_a-atof.o)
                              build/release-normal/unsafe/fsm.o (atof)
/Users/choqy/workspace/xiaomi_dog/.toolchains/arm-gnu-15.3/bin/../lib/gcc/arm-none-eabi/15.3.1/../../../../arm-none-eabi/lib/thumb/v7e-m+fp/hard/libc_nano.a(libc_a-atoi.o)
                              build/release-normal/unsafe/fsm.o (atoi)
/Users/choqy/workspace/xiaomi_dog/.toolchains/arm-gnu-15.3/bin/../lib/gcc/arm-none-eabi/15.3.1/../../../../arm-none-eabi/lib/thumb/v7e-m+fp/hard/libc_nano.a(libc_a-exit.o)
                              /Users/choqy/workspace/xiaomi_dog/.toolchains/arm-gnu-15.3/bin/../lib/gcc/arm-none-eabi/15.3.1/../../../../arm-none-eabi/lib/thumb/v7e-m+fp/hard/crt0.o (exit)
/Users/choqy/workspace/xiaomi_dog/.toolchains/arm-gnu-15.3/bin/../lib/gcc/arm-none-eabi/15.3.1/../../../../arm-none-eabi/lib/thumb/v7e-m+fp/hard/libc_nano.a(libc_a-nano-vfprintf_float.o)
                              (_printf_float)
/Users/choqy/workspace/xiaomi_dog/.toolchains/arm-gnu-15.3/bin/../lib/gcc/arm-none-eabi/15.3.1/../../../../arm-none-eabi/lib/thumb/v7e-m+fp/hard/libc_nano.a(libc_a-nano-vfprintf_i.o)
                              /Users/choqy/workspace/xiaomi_dog/.toolchains/arm-gnu-15.3/bin/../lib/gcc/arm-none-eabi/15.3.1/../../../../arm-none-eabi/lib/thumb/v7e-m+fp/hard/libc_nano.a(libc_a-nano-vfprintf_float.o) (_printf_common)
/Users/choqy/workspace/xiaomi_dog/.toolchains/arm-gnu-15.3/bin/../lib/gcc/arm-none-eabi/15.3.1/../../../../arm-none-eabi/lib/thumb/v7e-m+fp/hard/libc_nano.a(libc_a-findfp.o)
                              /Users/choqy/workspace/xiaomi_dog/.toolchains/arm-gnu-15.3/bin/../lib/gcc/arm-none-eabi/15.3.1/../../../../arm-none-eabi/lib/thumb/v7e-m+fp/hard/libc_nano.a(libc_a-exit.o) (__stdio_exit_handler)
/Users/choqy/workspace/xiaomi_dog/.toolchains/arm-gnu-15.3/bin/../lib/gcc/arm-none-eabi/15.3.1/../../../../arm-none-eabi/lib/thumb/v7e-m+fp/hard/libc_nano.a(libc_a-strtod.o)
                              /Users/choqy/workspace/xiaomi_dog/.toolchains/arm-gnu-15.3/bin/../lib/gcc/arm-none-eabi/15.3.1/../../../../arm-none-eabi/lib/thumb/v7e-m+fp/hard/libc_nano.a(libc_a-atof.o) (strtod)
/Users/choqy/workspace/xiaomi_dog/.toolchains/arm-gnu-15.3/bin/../lib/gcc/arm-none-eabi/15.3.1/../../../../arm-none-eabi/lib/thumb/v7e-m+fp/hard/libc_nano.a(libc_a-strtol.o)
                              /Users/choqy/workspace/xiaomi_dog/.toolchains/arm-gnu-15.3/bin/../lib/gcc/arm-none-eabi/15.3.1/../../../../arm-none-eabi/lib/thumb/v7e-m+fp/hard/libc_nano.a(libc_a-atoi.o) (_strtol_r)
/Users/choqy/workspace/xiaomi_dog/.toolchains/arm-gnu-15.3/bin/../lib/gcc/arm-none-eabi/15.3.1/../../../../arm-none-eabi/lib/thumb/v7e-m+fp/hard/libc_nano.a(libc_a-fwalk.o)
                              /Users/choqy/workspace/xiaomi_dog/.toolchains/arm-gnu-15.3/bin/../lib/gcc/arm-none-eabi/15.3.1/../../../../arm-none-eabi/lib/thumb/v7e-m+fp/hard/libc_nano.a(libc_a-findfp.o) (_fwalk_sglue)
/Users/choqy/workspace/xiaomi_dog/.toolchains/arm-gnu-15.3/bin/../lib/gcc/arm-none-eabi/15.3.1/../../../../arm-none-eabi/lib/thumb/v7e-m+fp/hard/libc_nano.a(libc_a-printf.o)
                              build/release-normal/unsafe/main.o (printf)
/Users/choqy/workspace/xiaomi_dog/.toolchains/arm-gnu-15.3/bin/../lib/gcc/arm-none-eabi/15.3.1/../../../../arm-none-eabi/lib/thumb/v7e-m+fp/hard/libc_nano.a(libc_a-puts.o)
                              build/release-normal/unsafe/main.o (puts)
/Users/choqy/workspace/xiaomi_dog/.toolchains/arm-gnu-15.3/bin/../lib/gcc/arm-none-eabi/15.3.1/../../../../arm-none-eabi/lib/thumb/v7e-m+fp/hard/libc_nano.a(libc_a-memmove.o)
                              build/release-normal/unsafe/position_sensor.o (memmove)
/Users/choqy/workspace/xiaomi_dog/.toolchains/arm-gnu-15.3/bin/../lib/gcc/arm-none-eabi/15.3.1/../../../../arm-none-eabi/lib/thumb/v7e-m+fp/hard/libc_nano.a(libc_a-memset.o)
                              /Users/choqy/workspace/xiaomi_dog/.toolchains/arm-gnu-15.3/bin/../lib/gcc/arm-none-eabi/15.3.1/../../../../arm-none-eabi/lib/thumb/v7e-m+fp/hard/crt0.o (memset)
/Users/choqy/workspace/xiaomi_dog/.toolchains/arm-gnu-15.3/bin/../lib/gcc/arm-none-eabi/15.3.1/../../../../arm-none-eabi/lib/thumb/v7e-m+fp/hard/libc_nano.a(libc_a-strncmp.o)
                              /Users/choqy/workspace/xiaomi_dog/.toolchains/arm-gnu-15.3/bin/../lib/gcc/arm-none-eabi/15.3.1/../../../../arm-none-eabi/lib/thumb/v7e-m+fp/hard/libc_nano.a(libc_a-strtod.o) (strncmp)
/Users/choqy/workspace/xiaomi_dog/.toolchains/arm-gnu-15.3/bin/../lib/gcc/arm-none-eabi/15.3.1/../../../../arm-none-eabi/lib/thumb/v7e-m+fp/hard/libc_nano.a(libc_a-errno.o)
                              build/release-normal/unsafe/syscalls.o (__errno)
[...]
Memory Configuration

Name             Origin             Length             Attributes
RAM              0x20000000         0x00010000         xrw
FLASH            0x08000000         0x0003c000         xr
CONFIG           0x0803c000         0x00001000         r
*default*        0x00000000         0xffffffff

Linker script and memory map

LOAD /Users/choqy/workspace/xiaomi_dog/.toolchains/arm-gnu-15.3/bin/../lib/gcc/arm-none-eabi/15.3.1/thumb/v7e-m+fp/hard/crti.o
LOAD /Users/choqy/workspace/xiaomi_dog/.toolchains/arm-gnu-15.3/bin/../lib/gcc/arm-none-eabi/15.3.1/thumb/v7e-m+fp/hard/crtbegin.o
LOAD /Users/choqy/workspace/xiaomi_dog/.toolchains/arm-gnu-15.3/bin/../lib/gcc/arm-none-eabi/15.3.1/../../../../arm-none-eabi/lib/thumb/v7e-m+fp/hard/crt0.o
LOAD build/release-normal/unsafe/main.o
LOAD build/release-normal/unsafe/safety.o
LOAD build/release-normal/unsafe/ivt_protection.o
LOAD build/release-normal/unsafe/gpio.o
LOAD build/release-normal/unsafe/adc.o
LOAD build/release-normal/unsafe/can.o
LOAD build/release-normal/unsafe/config_store.o
LOAD build/release-normal/unsafe/normal_can_protocol.o
LOAD build/release-normal/unsafe/as5047_protocol.o
LOAD build/release-normal/unsafe/diag_protocol.o
LOAD build/release-normal/unsafe/diagnostics.o
LOAD build/release-normal/unsafe/spi.o
LOAD build/release-normal/unsafe/tim.o
LOAD build/release-normal/unsafe/usart.o
LOAD build/release-normal/unsafe/calibration.o
LOAD build/release-normal/unsafe/drv8323.o
LOAD build/release-normal/unsafe/flash_writer.o
LOAD build/release-normal/unsafe/foc.o
LOAD build/release-normal/unsafe/fsm.o
LOAD build/release-normal/unsafe/math_ops.o
LOAD build/release-normal/unsafe/position_sensor.o
LOAD build/release-normal/unsafe/preference_writer.o
LOAD build/release-normal/unsafe/motor_gate.o
LOAD build/release-normal/unsafe/syscalls.o
LOAD build/release-normal/unsafe/sysmem.o
LOAD build/release-normal/unsafe/systick.o
LOAD build/release-normal/unsafe/runtime_watchdog.o
LOAD build/release-normal/unsafe/gd32f30x_it.o
LOAD build/release-normal/unsafe/gd32f30x_adc.o
LOAD build/release-normal/unsafe/gd32f30x_bkp.o
LOAD build/release-normal/unsafe/gd32f30x_can.o
LOAD build/release-normal/unsafe/gd32f30x_crc.o
LOAD build/release-normal/unsafe/gd32f30x_ctc.o
LOAD build/release-normal/unsafe/gd32f30x_dac.o
LOAD build/release-normal/unsafe/gd32f30x_dbg.o
LOAD build/release-normal/unsafe/gd32f30x_dma.o
LOAD build/release-normal/unsafe/gd32f30x_enet.o
LOAD build/release-normal/unsafe/gd32f30x_exmc.o
LOAD build/release-normal/unsafe/gd32f30x_exti.o
LOAD build/release-normal/unsafe/gd32f30x_fmc.o
LOAD build/release-normal/unsafe/gd32f30x_fwdgt.o
LOAD build/release-normal/unsafe/gd32f30x_gpio.o
LOAD build/release-normal/unsafe/gd32f30x_i2c.o
LOAD build/release-normal/unsafe/gd32f30x_misc.o
LOAD build/release-normal/unsafe/gd32f30x_pmu.o
LOAD build/release-normal/unsafe/gd32f30x_rcu.o
LOAD build/release-normal/unsafe/gd32f30x_rtc.o
LOAD build/release-normal/unsafe/gd32f30x_sdio.o
LOAD build/release-normal/unsafe/gd32f30x_spi.o
LOAD build/release-normal/unsafe/gd32f30x_timer.o
LOAD build/release-normal/unsafe/gd32f30x_usart.o
LOAD build/release-normal/unsafe/gd32f30x_wwdgt.o
LOAD build/release-normal/unsafe/system_gd32f30x.o
LOAD build/release-normal/unsafe/startup_gd32f30x_hd.o
LOAD /Users/choqy/workspace/xiaomi_dog/.toolchains/arm-gnu-15.3/bin/../lib/gcc/arm-none-eabi/15.3.1/../../../../arm-none-eabi/lib/thumb/v7e-m+fp/hard/libc_nano.a
LOAD /Users/choqy/workspace/xiaomi_dog/.toolchains/arm-gnu-15.3/bin/../lib/gcc/arm-none-eabi/15.3.1/../../../../arm-none-eabi/lib/thumb/v7e-m+fp/hard/libm.a
LOAD /Users/choqy/workspace/xiaomi_dog/.toolchains/arm-gnu-15.3/bin/../lib/gcc/arm-none-eabi/15.3.1/../../../../arm-none-eabi/lib/thumb/v7e-m+fp/hard/libnosys.a
START GROUP
LOAD /Users/choqy/workspace/xiaomi_dog/.toolchains/arm-gnu-15.3/bin/../lib/gcc/arm-none-eabi/15.3.1/thumb/v7e-m+fp/hard/libgcc.a
LOAD /Users/choqy/workspace/xiaomi_dog/.toolchains/arm-gnu-15.3/bin/../lib/gcc/arm-none-eabi/15.3.1/../../../../arm-none-eabi/lib/thumb/v7e-m+fp/hard/libc_nano.a
END GROUP
START GROUP
LOAD /Users/choqy/workspace/xiaomi_dog/.toolchains/arm-gnu-15.3/bin/../lib/gcc/arm-none-eabi/15.3.1/thumb/v7e-m+fp/hard/libgcc.a
LOAD /Users/choqy/workspace/xiaomi_dog/.toolchains/arm-gnu-15.3/bin/../lib/gcc/arm-none-eabi/15.3.1/../../../../arm-none-eabi/lib/thumb/v7e-m+fp/hard/libc_nano.a
END GROUP
LOAD /Users/choqy/workspace/xiaomi_dog/.toolchains/arm-gnu-15.3/bin/../lib/gcc/arm-none-eabi/15.3.1/thumb/v7e-m+fp/hard/crtend.o
LOAD /Users/choqy/workspace/xiaomi_dog/.toolchains/arm-gnu-15.3/bin/../lib/gcc/arm-none-eabi/15.3.1/thumb/v7e-m+fp/hard/crtn.o
                0x20010000                        _estack = (ORIGIN (RAM) + LENGTH (RAM))
                0x00000200                        _Min_Heap_Size = 0x200
                0x00000400                        _Min_Stack_Size = 0x400

.isr_vector     0x08000000      0x130
                0x08000000                        . = ALIGN (0x4)
 *(.isr_vector)
 .isr_vector    0x08000000      0x130 build/release-normal/unsafe/startup_gd32f30x_hd.o
                0x08000000                g_pfnVectors
                0x08000130                        . = ALIGN (0x4)

.text           0x08000130     0xdad4
                0x08000130                        . = ALIGN (0x4)
 *(.text)
 .text          0x08000130       0xa0 /Users/choqy/workspace/xiaomi_dog/.toolchains/arm-gnu-15.3/bin/../lib/gcc/arm-none-eabi/15.3.1/../../../../arm-none-eabi/lib/thumb/v7e-m+fp/hard/libc_nano.a(libc_a-memchr.o)
                0x08000130                memchr
 .text          0x080001d0       0x10 /Users/choqy/workspace/xiaomi_dog/.toolchains/arm-gnu-15.3/bin/../lib/gcc/arm-none-eabi/15.3.1/../../../../arm-none-eabi/lib/thumb/v7e-m+fp/hard/libc_nano.a(libc_a-strlen.o)
                0x080001d0                strlen
 .text          0x080001e0      0x378 /Users/choqy/workspace/xiaomi_dog/.toolchains/arm-gnu-15.3/bin/../lib/gcc/arm-none-eabi/15.3.1/thumb/v7e-m+fp/hard/libgcc.a(_arm_addsubdf3.o)
                0x080001e0                __aeabi_drsub
                0x080001e8                __subdf3
                0x080001e8                __aeabi_dsub
                0x080001ec                __aeabi_dadd
                0x080001ec                __adddf3
                0x08000464                __aeabi_ui2d
                0x08000464                __floatunsidf
                0x08000484                __floatsidf
                0x08000484                __aeabi_i2d
                0x080004a8                __extendsfdf2
                0x080004a8                __aeabi_f2d
                0x080004ec                __aeabi_ul2d
                0x080004ec                __floatundidf
                0x080004fc                __aeabi_l2d
                0x080004fc                __floatdidf
 .text          0x08000558      0x424 /Users/choqy/workspace/xiaomi_dog/.toolchains/arm-gnu-15.3/bin/../lib/gcc/arm-none-eabi/15.3.1/thumb/v7e-m+fp/hard/libgcc.a(_arm_muldivdf3.o)
                0x08000558                __aeabi_dmul
                0x08000558                __muldf3
                0x080007ac                __aeabi_ddiv
                0x080007ac                __divdf3
 .text          0x0800097c      0x110 /Users/choqy/workspace/xiaomi_dog/.toolchains/arm-gnu-15.3/bin/../lib/gcc/arm-none-eabi/15.3.1/thumb/v7e-m+fp/hard/libgcc.a(_arm_cmpdf2.o)
                0x0800097c                __gedf2
                0x0800097c                __gtdf2
                0x08000984                __ledf2
                0x08000984                __ltdf2
                0x0800098c                __cmpdf2
                0x0800098c                __eqdf2
                0x0800098c                __nedf2
                0x08000a08                __aeabi_cdrcmple
                0x08000a18                __aeabi_cdcmple
                0x08000a18                __aeabi_cdcmpeq
                0x08000a28                __aeabi_dcmpeq
                0x08000a3c                __aeabi_dcmplt
                0x08000a50                __aeabi_dcmple
                0x08000a64                __aeabi_dcmpge
                0x08000a78                __aeabi_dcmpgt
 .text          0x08000a8c       0x2c /Users/choqy/workspace/xiaomi_dog/.toolchains/arm-gnu-15.3/bin/../lib/gcc/arm-none-eabi/15.3.1/thumb/v7e-m+fp/hard/libgcc.a(_arm_unorddf2.o)
                0x08000a8c                __aeabi_dcmpun
                0x08000a8c                __unorddf2
 .text          0x08000ab8       0x50 /Users/choqy/workspace/xiaomi_dog/.toolchains/arm-gnu-15.3/bin/../lib/gcc/arm-none-eabi/15.3.1/thumb/v7e-m+fp/hard/libgcc.a(_arm_fixdfsi.o)
                0x08000ab8                __fixdfsi
                0x08000ab8                __aeabi_d2iz
 .text          0x08000b08       0x40 /Users/choqy/workspace/xiaomi_dog/.toolchains/arm-gnu-15.3/bin/../lib/gcc/arm-none-eabi/15.3.1/thumb/v7e-m+fp/hard/libgcc.a(_arm_fixunsdfsi.o)
                0x08000b08                __fixunsdfsi
                0x08000b08                __aeabi_d2uiz
 .text          0x08000b48       0xa0 /Users/choqy/workspace/xiaomi_dog/.toolchains/arm-gnu-15.3/bin/../lib/gcc/arm-none-eabi/15.3.1/thumb/v7e-m+fp/hard/libgcc.a(_arm_truncdfsf2.o)
                0x08000b48                __aeabi_d2f
                0x08000b48                __truncdfsf2
 *(.text*)
 .text.deregister_tm_clones
                0x08000be8       0x1c /Users/choqy/workspace/xiaomi_dog/.toolchains/arm-gnu-15.3/bin/../lib/gcc/arm-none-eabi/15.3.1/thumb/v7e-m+fp/hard/crtbegin.o
 .text.register_tm_clones
                0x08000c04       0x24 /Users/choqy/workspace/xiaomi_dog/.toolchains/arm-gnu-15.3/bin/../lib/gcc/arm-none-eabi/15.3.1/thumb/v7e-m+fp/hard/crtbegin.o
 .text.__do_global_dtors_aux
                0x08000c28       0x28 /Users/choqy/workspace/xiaomi_dog/.toolchains/arm-gnu-15.3/bin/../lib/gcc/arm-none-eabi/15.3.1/thumb/v7e-m+fp/hard/crtbegin.o
 .text.frame_dummy
                0x08000c50       0x24 /Users/choqy/workspace/xiaomi_dog/.toolchains/arm-gnu-15.3/bin/../lib/gcc/arm-none-eabi/15.3.1/thumb/v7e-m+fp/hard/crtbegin.o
 .text.MX_RCU_Init
                0x08000c74       0x7c build/release-normal/unsafe/main.o
                0x08000c74                MX_RCU_Init
 .text.startup.main
                0x08000cf0      0x404 build/release-normal/unsafe/main.o
                0x08000cf0                main
 .text.safety_outputs_off
                0x080010f4       0x5c build/release-normal/unsafe/safety.o
                0x080010f4                safety_outputs_off
 .text.safety_force_outputs_off
                0x08001150       0x10 build/release-normal/unsafe/safety.o
                0x08001150                safety_force_outputs_off
 .text.safety_get_faults
                0x08001160        0xc build/release-normal/unsafe/safety.o
                0x08001160                safety_get_faults
 .text.safety_clear_faults
                0x0800116c       0x10 build/release-normal/unsafe/safety.o
                0x0800116c                safety_clear_faults
 .text.ivt_protection_evaluate
                0x0800117c      0x17c build/release-normal/unsafe/ivt_protection.o
                0x0800117c                ivt_protection_evaluate
 .text.MX_GPIO_Init
                0x080012f8      0x158 build/release-normal/unsafe/gpio.o
                0x080012f8                MX_GPIO_Init
 .text.MX_ADC01_Init
                0x08001450      0x1dc build/release-normal/unsafe/adc.o
                0x08001450                MX_ADC01_Init
 .text.MX_ADC2_Init
                0x0800162c       0xf4 build/release-normal/unsafe/adc.o
                0x0800162c                MX_ADC2_Init
 .text.MX_CAN0_Init
                0x08001720       0x40 build/release-normal/unsafe/can.o
                0x08001720                MX_CAN0_Init
 .text.can_rx_init
                0x08001760       0x34 build/release-normal/unsafe/can.o
                0x08001760                can_rx_init
 .text.can_tx_init
                0x08001794       0x28 build/release-normal/unsafe/can.o
                0x08001794                can_tx_init
 .text.pack_reply
                0x080017bc       0x7c build/release-normal/unsafe/can.o
                0x080017bc                pack_reply
 .text.unpack_cmd
                0x08001838       0xdc build/release-normal/unsafe/can.o
                0x08001838                unpack_cmd
 .text.config_apply_defaults
                0x08001914       0xc8 build/release-normal/unsafe/config_store.o
                0x08001914                config_apply_defaults
 .text.config_payload_crc32
                0x080019dc       0x84 build/release-normal/unsafe/config_store.o
                0x080019dc                config_payload_crc32
 .text.config_payload_valid
                0x08001a60      0x590 build/release-normal/unsafe/config_store.o
                0x08001a60                config_payload_valid
 .text.config_metadata_valid
                0x08001ff0       0x44 build/release-normal/unsafe/config_store.o
                0x08001ff0                config_metadata_valid
 .text.config_sequence_newer
                0x08002034        0xc build/release-normal/unsafe/config_store.o
                0x08002034                config_sequence_newer
 .text.config_select_slot
                0x08002040       0x20 build/release-normal/unsafe/config_store.o
                0x08002040                config_select_slot
 .text.normal_can_frame_matches
                0x08002060       0x24 build/release-normal/unsafe/normal_can_protocol.o
                0x08002060                normal_can_frame_matches
 .text.normal_can_special_command
                0x08002084       0x28 build/release-normal/unsafe/normal_can_protocol.o
                0x08002084                normal_can_special_command
 .text.as5047_make_read_command
                0x080020ac       0x20 build/release-normal/unsafe/as5047_protocol.o
                0x080020ac                as5047_make_read_command
 .text.as5047_make_write_command
                0x080020cc       0x18 build/release-normal/unsafe/as5047_protocol.o
                0x080020cc                as5047_make_write_command
 .text.as5047_response_status
                0x080020e4       0x1c build/release-normal/unsafe/as5047_protocol.o
                0x080020e4                as5047_response_status
 .text.as5047_wrapped_delta
                0x08002100       0x28 build/release-normal/unsafe/as5047_protocol.o
                0x08002100                as5047_wrapped_delta
 .text.diag_protocol_parse
                0x08002128       0x6c build/release-normal/unsafe/diag_protocol.o
                0x08002128                diag_protocol_parse
 .text.diag_protocol_response
                0x08002194       0x30 build/release-normal/unsafe/diag_protocol.o
                0x08002194                diag_protocol_response
 .text.config_stage_begin.part.0
                0x080021c4       0x38 build/release-normal/unsafe/diagnostics.o
 .text.diagnostics_debug_record
                0x080021fc       0x70 build/release-normal/unsafe/diagnostics.o
                0x080021fc                diagnostics_debug_record
 .text.diagnostics_handle_can
                0x0800226c     0x1600 build/release-normal/unsafe/diagnostics.o
                0x0800226c                diagnostics_handle_can
 .text.diagnostics_drv_wake_service
                0x0800386c       0xac build/release-normal/unsafe/diagnostics.o
                0x0800386c                diagnostics_drv_wake_service
 .text.diagnostics_drv_wake_window_active
                0x08003918        0xc build/release-normal/unsafe/diagnostics.o
                0x08003918                diagnostics_drv_wake_window_active
 *fill*         0x08003924        0x4 
 .text.MX_SPI1_Init
                0x08003928       0x4c build/release-normal/unsafe/spi.o
                0x08003928                MX_SPI1_Init
 *fill*         0x08003974        0x4 
 .text.MX_SPI2_Init
                0x08003978       0x4c build/release-normal/unsafe/spi.o
                0x08003978                MX_SPI2_Init
 .text.MX_TIM0_Init
                0x080039c4      0x128 build/release-normal/unsafe/tim.o
                0x080039c4                MX_TIM0_Init
 .text.MX_USART1_Init
                0x08003aec       0x3c build/release-normal/unsafe/usart.o
                0x08003aec                MX_USART1_Init
 .text.__io_putchar
                0x08003b28       0x40 build/release-normal/unsafe/usart.o
                0x08003b28                __io_putchar
 .text.order_phases
                0x08003b68      0x2b0 build/release-normal/unsafe/calibration.o
                0x08003b68                order_phases
 .text.calibrate_encoder
                0x08003e18      0x3e4 build/release-normal/unsafe/calibration.o
                0x08003e18                calibrate_encoder
 .text.drv_init_window_active
                0x080041fc       0x10 build/release-normal/unsafe/drv8323.o
                0x080041fc                drv_init_window_active
 .text.drv_init_record_nfault_edge
                0x0800420c       0x1c build/release-normal/unsafe/drv8323.o
                0x0800420c                drv_init_record_nfault_edge
 .text.drv_init_reason
                0x08004228        0xc build/release-normal/unsafe/drv8323.o
                0x08004228                drv_init_reason
 .text.drv_init_pre_fsr
                0x08004234        0xc build/release-normal/unsafe/drv8323.o
                0x08004234                drv_init_pre_fsr
 .text.drv_init_final_fsr
                0x08004240        0xc build/release-normal/unsafe/drv8323.o
                0x08004240                drv_init_final_fsr
 .text.drv_init_readback_dcr_csacr
                0x0800424c        0xc build/release-normal/unsafe/drv8323.o
                0x0800424c                drv_init_readback_dcr_csacr
 .text.drv_init_readback_ocpcr
                0x08004258        0xc build/release-normal/unsafe/drv8323.o
                0x08004258                drv_init_readback_ocpcr
 .text.drv_init_spi_rx
                0x08004264       0x14 build/release-normal/unsafe/drv8323.o
                0x08004264                drv_init_spi_rx
 .text.drv_enable_evidence
                0x08004278       0x14 build/release-normal/unsafe/drv8323.o
                0x08004278                drv_enable_evidence
 .text.drv_runtime_fault_evidence
                0x0800428c       0x14 build/release-normal/unsafe/drv8323.o
                0x0800428c                drv_runtime_fault_evidence
 .text.drv_enable_window_active
                0x080042a0       0x10 build/release-normal/unsafe/drv8323.o
                0x080042a0                drv_enable_window_active
 .text.drv_enable_record_nfault_edge
                0x080042b0        0xc build/release-normal/unsafe/drv8323.o
                0x080042b0                drv_enable_record_nfault_edge
 .text.drv_spi_transfer
                0x080042bc       0xf0 build/release-normal/unsafe/drv8323.o
                0x080042bc                drv_spi_transfer
 .text.drv_capture_fsr_pair
                0x080043ac       0x6c build/release-normal/unsafe/drv8323.o
 .text.drv_capture_runtime_fault
                0x08004418       0xf8 build/release-normal/unsafe/drv8323.o
                0x08004418                drv_capture_runtime_fault
 .text.drv_verify_configuration
                0x08004510      0x124 build/release-normal/unsafe/drv8323.o
 .text.drv_read_FSR1
                0x08004634       0x20 build/release-normal/unsafe/drv8323.o
                0x08004634                drv_read_FSR1
 .text.drv_read_FSR2
                0x08004654       0x20 build/release-normal/unsafe/drv8323.o
                0x08004654                drv_read_FSR2
 .text.drv_enable_gd
                0x08004674       0x7c build/release-normal/unsafe/drv8323.o
                0x08004674                drv_enable_gd
 .text.drv_enable_ready
                0x080046f0       0x20 build/release-normal/unsafe/drv8323.o
                0x080046f0                drv_enable_ready
 .text.drv_disable_gd
                0x08004710       0x68 build/release-normal/unsafe/drv8323.o
                0x08004710                drv_disable_gd
 .text.drv_service_enable
                0x08004778      0x2cc build/release-normal/unsafe/drv8323.o
                0x08004778                drv_service_enable
 .text.drv_print_faults
                0x08004a44      0x1d4 build/release-normal/unsafe/drv8323.o
                0x08004a44                drv_print_faults
 .text.drv_init_config
                0x08004c18      0x214 build/release-normal/unsafe/drv8323.o
                0x08004c18                drv_init_config
 .text.MX_EXTI_Init
                0x08004e2c       0x24 build/release-normal/unsafe/drv8323.o
                0x08004e2c                MX_EXTI_Init
 .text.flash_writer_init
                0x08004e50       0x18 build/release-normal/unsafe/flash_writer.o
                0x08004e50                flash_writer_init
 .text.flash_writer_open
                0x08004e68       0x1c build/release-normal/unsafe/flash_writer.o
                0x08004e68                flash_writer_open
 .text.flash_writer_write_int
                0x08004e84       0x18 build/release-normal/unsafe/flash_writer.o
                0x08004e84                flash_writer_write_int
 .text.flash_writer_write_uint
                0x08004e9c       0x18 build/release-normal/unsafe/flash_writer.o
                0x08004e9c                flash_writer_write_uint
 .text.flash_writer_write_float
                0x08004eb4       0x1c build/release-normal/unsafe/flash_writer.o
                0x08004eb4                flash_writer_write_float
 .text.flash_writer_close
                0x08004ed0       0x14 build/release-normal/unsafe/flash_writer.o
                0x08004ed0                flash_writer_close
 .text.flash_read_int
                0x08004ee4       0x14 build/release-normal/unsafe/flash_writer.o
                0x08004ee4                flash_read_int
 .text.flash_read_uint
                0x08004ef8       0x14 build/release-normal/unsafe/flash_writer.o
                0x08004ef8                flash_read_uint
 .text.flash_read_float
                0x08004f0c       0x18 build/release-normal/unsafe/flash_writer.o
                0x08004f0c                flash_read_float
 .text.set_dtc  0x08004f24       0x88 build/release-normal/unsafe/foc.o
                0x08004f24                set_dtc
 .text.analog_sample
                0x08004fac      0x18c build/release-normal/unsafe/foc.o
                0x08004fac                analog_sample
 .text.abc      0x08005138       0x98 build/release-normal/unsafe/foc.o
                0x08005138                abc
 .text.dq0      0x080051d0       0xa8 build/release-normal/unsafe/foc.o
                0x080051d0                dq0
 .text.svm      0x08005278       0xf0 build/release-normal/unsafe/foc.o
                0x08005278                svm
 .text.zero_current
                0x08005368       0x4c build/release-normal/unsafe/foc.o
                0x08005368                zero_current
 .text.zero_current_live
                0x080053b4       0x60 build/release-normal/unsafe/foc.o
                0x080053b4                zero_current_live
 .text.init_controller_params
                0x08005414      0x110 build/release-normal/unsafe/foc.o
                0x08005414                init_controller_params
 .text.reset_foc
                0x08005524       0x68 build/release-normal/unsafe/foc.o
                0x08005524                reset_foc
 .text.field_weaken
                0x0800558c       0x90 build/release-normal/unsafe/foc.o
                0x0800558c                field_weaken
 .text.commutate
                0x0800561c      0x2e4 build/release-normal/unsafe/foc.o
                0x0800561c                commutate
 .text.torque_control
                0x08005900       0xb0 build/release-normal/unsafe/foc.o
                0x08005900                torque_control
 .text.zero_commands
                0x080059b0       0x24 build/release-normal/unsafe/foc.o
                0x080059b0                zero_commands
 .text.motor_gate_preflight
                0x080059d4       0x44 build/release-normal/unsafe/fsm.o
 .text.fsm_save_preferences
                0x08005a18       0x34 build/release-normal/unsafe/fsm.o
                0x08005a18                fsm_save_preferences
 .text.fsm_exit_state
                0x08005a4c       0xa4 build/release-normal/unsafe/fsm.o
                0x08005a4c                fsm_exit_state
 .text.enter_menu_state
                0x08005af0       0x58 build/release-normal/unsafe/fsm.o
                0x08005af0                enter_menu_state
 .text.enter_setup_state
                0x08005b48      0x2b0 build/release-normal/unsafe/fsm.o
                0x08005b48                enter_setup_state
 .text.fsm_enter_state
                0x08005df8      0x110 build/release-normal/unsafe/fsm.o
                0x08005df8                fsm_enter_state
 .text.run_fsm  0x08005f08      0x324 build/release-normal/unsafe/fsm.o
                0x08005f08                run_fsm
 .text.process_user_input
                0x0800622c      0x3b4 build/release-normal/unsafe/fsm.o
                0x0800622c                process_user_input
 .text.update_fsm
                0x080065e0      0x128 build/release-normal/unsafe/fsm.o
                0x080065e0                update_fsm
 .text.fast_fmaxf
                0x08006708       0x10 build/release-normal/unsafe/math_ops.o
                0x08006708                fast_fmaxf
 .text.fast_fminf
                0x08006718       0x10 build/release-normal/unsafe/math_ops.o
                0x08006718                fast_fminf
 .text.fmaxf3   0x08006728       0x30 build/release-normal/unsafe/math_ops.o
                0x08006728                fmaxf3
 .text.fminf3   0x08006758       0x30 build/release-normal/unsafe/math_ops.o
                0x08006758                fminf3
 .text.limit_norm
                0x08006788       0x3c build/release-normal/unsafe/math_ops.o
                0x08006788                limit_norm
 .text.float_to_uint
                0x080067c4       0x28 build/release-normal/unsafe/math_ops.o
                0x080067c4                float_to_uint
 .text.uint_to_float
                0x080067ec       0x28 build/release-normal/unsafe/math_ops.o
                0x080067ec                uint_to_float
 .text.sin_lut  0x08006814       0x4c build/release-normal/unsafe/math_ops.o
                0x08006814                sin_lut
 .text.cos_lut  0x08006860       0x58 build/release-normal/unsafe/math_ops.o
                0x08006860                cos_lut
 .text.as5047_exchange
                0x080068b8       0xe4 build/release-normal/unsafe/position_sensor.o
 .text.as5047_read_register
                0x0800699c       0x90 build/release-normal/unsafe/position_sensor.o
 .text.ps_clear_errors
                0x08006a2c       0x50 build/release-normal/unsafe/position_sensor.o
                0x08006a2c                ps_clear_errors
 .text.ps_read_diagnostics
                0x08006a7c       0x5c build/release-normal/unsafe/position_sensor.o
                0x08006a7c                ps_read_diagnostics
 .text.ps_warmup
                0x08006ad8      0x15c build/release-normal/unsafe/position_sensor.o
                0x08006ad8                ps_warmup
 .text.ps_sample
                0x08006c34      0x2e4 build/release-normal/unsafe/position_sensor.o
                0x08006c34                ps_sample
 .text.ps_print
                0x08006f18       0xb8 build/release-normal/unsafe/position_sensor.o
                0x08006f18                ps_print
 .text.preference_read_payload
                0x08006fd0       0x4c build/release-normal/unsafe/preference_writer.o
 .text.preference_slot_valid
                0x0800701c       0x64 build/release-normal/unsafe/preference_writer.o
 .text.preference_writer_init
                0x08007080       0x1c build/release-normal/unsafe/preference_writer.o
                0x08007080                preference_writer_init
 .text.preference_writer_open
                0x0800709c       0x68 build/release-normal/unsafe/preference_writer.o
                0x0800709c                preference_writer_open
 .text.preference_writer_flush
                0x08007104      0x150 build/release-normal/unsafe/preference_writer.o
                0x08007104                preference_writer_flush
 .text.preference_writer_load
                0x08007254      0x178 build/release-normal/unsafe/preference_writer.o
                0x08007254                preference_writer_load
 .text.preference_writer_close
                0x080073cc        0x8 build/release-normal/unsafe/preference_writer.o
                0x080073cc                preference_writer_close
 .text.motor_gate_check
                0x080073d4       0x24 build/release-normal/unsafe/motor_gate.o
                0x080073d4                motor_gate_check
 .text.motor_gate_precharge_complete
                0x080073f8        0xc build/release-normal/unsafe/motor_gate.o
                0x080073f8                motor_gate_precharge_complete
 .text._getpid  0x08007404        0x4 build/release-normal/unsafe/syscalls.o
                0x08007404                _getpid
 .text._kill    0x08007408       0x10 build/release-normal/unsafe/syscalls.o
                0x08007408                _kill
 .text._exit    0x08007418        0xc build/release-normal/unsafe/syscalls.o
                0x08007418                _exit
 .text._read    0x08007424       0x1c build/release-normal/unsafe/syscalls.o
                0x08007424                _read
 .text._write   0x08007440       0x1c build/release-normal/unsafe/syscalls.o
                0x08007440                _write
 .text._close   0x0800745c        0x8 build/release-normal/unsafe/syscalls.o
                0x0800745c                _close
 .text._fstat   0x08007464        0xc build/release-normal/unsafe/syscalls.o
                0x08007464                _fstat
 .text._isatty  0x08007470        0x4 build/release-normal/unsafe/syscalls.o
                0x08007470                _isatty
 .text._lseek   0x08007474        0x4 build/release-normal/unsafe/syscalls.o
                0x08007474                _lseek
 .text._sbrk    0x08007478       0x3c build/release-normal/unsafe/sysmem.o
                0x08007478                _sbrk
 .text.systick_config
                0x080074b4       0x44 build/release-normal/unsafe/systick.o
                0x080074b4                systick_config
 .text.delay_1ms
                0x080074f8       0x10 build/release-normal/unsafe/systick.o
                0x080074f8                delay_1ms
 .text.delay_decrement
                0x08007508       0x20 build/release-normal/unsafe/systick.o
                0x08007508                delay_decrement
 .text.systick_uptime_ms
                0x08007528        0xc build/release-normal/unsafe/systick.o
                0x08007528                systick_uptime_ms
 .text.runtime_watchdog_init
                0x08007534       0x44 build/release-normal/unsafe/runtime_watchdog.o
                0x08007534                runtime_watchdog_init
 .text.runtime_watchdog_main_heartbeat
                0x08007578       0x10 build/release-normal/unsafe/runtime_watchdog.o
                0x08007578                runtime_watchdog_main_heartbeat
 .text.runtime_watchdog_timer_service
                0x08007588       0x28 build/release-normal/unsafe/runtime_watchdog.o
                0x08007588                runtime_watchdog_timer_service
 .text.NMI_Handler
                0x080075b0        0x4 build/release-normal/unsafe/gd32f30x_it.o
                0x080075b0                NMI_Handler
 .text.HardFault_Handler
                0x080075b4        0xc build/release-normal/unsafe/gd32f30x_it.o
                0x080075b4                HardFault_Handler
 .text.MemManage_Handler
                0x080075c0        0xc build/release-normal/unsafe/gd32f30x_it.o
                0x080075c0                MemManage_Handler
 .text.BusFault_Handler
                0x080075cc        0xc build/release-normal/unsafe/gd32f30x_it.o
                0x080075cc                BusFault_Handler
 .text.UsageFault_Handler
                0x080075d8        0xc build/release-normal/unsafe/gd32f30x_it.o
                0x080075d8                UsageFault_Handler
 .text.SVC_Handler
                0x080075e4        0x4 build/release-normal/unsafe/gd32f30x_it.o
                0x080075e4                SVC_Handler
 .text.DebugMon_Handler
                0x080075e8        0x4 build/release-normal/unsafe/gd32f30x_it.o
                0x080075e8                DebugMon_Handler
 .text.PendSV_Handler
                0x080075ec        0x4 build/release-normal/unsafe/gd32f30x_it.o
                0x080075ec                PendSV_Handler
 .text.SysTick_Handler
                0x080075f0        0x4 build/release-normal/unsafe/gd32f30x_it.o
                0x080075f0                SysTick_Handler
 .text.USBD_LP_CAN0_RX0_IRQHandler
                0x080075f4      0x180 build/release-normal/unsafe/gd32f30x_it.o
                0x080075f4                USBD_LP_CAN0_RX0_IRQHandler
 .text.TIMER0_UP_IRQHandler
                0x08007774       0x88 build/release-normal/unsafe/gd32f30x_it.o
                0x08007774                TIMER0_UP_IRQHandler
 .text.EXTI10_15_IRQHandler
                0x080077fc       0x74 build/release-normal/unsafe/gd32f30x_it.o
                0x080077fc                EXTI10_15_IRQHandler
 .text.USART1_IRQHandler
                0x08007870       0x2c build/release-normal/unsafe/gd32f30x_it.o
                0x08007870                USART1_IRQHandler
 .text.adc_deinit
                0x0800789c       0x5c build/release-normal/unsafe/gd32f30x_adc.o
                0x0800789c                adc_deinit
 .text.adc_enable
                0x080078f8       0x10 build/release-normal/unsafe/gd32f30x_adc.o
                0x080078f8                adc_enable
 .text.adc_calibration_enable
                0x08007908       0x24 build/release-normal/unsafe/gd32f30x_adc.o
                0x08007908                adc_calibration_enable
 .text.adc_dma_mode_enable
                0x0800792c        0xc build/release-normal/unsafe/gd32f30x_adc.o
                0x0800792c                adc_dma_mode_enable
 .text.adc_mode_config
                0x08007938       0x20 build/release-normal/unsafe/gd32f30x_adc.o
                0x08007938                adc_mode_config
 .text.adc_special_function_config
                0x08007958       0x50 build/release-normal/unsafe/gd32f30x_adc.o
                0x08007958                adc_special_function_config
 .text.adc_data_alignment_config
                0x080079a8       0x14 build/release-normal/unsafe/gd32f30x_adc.o
                0x080079a8                adc_data_alignment_config
 .text.adc_channel_length_config
                0x080079bc       0x3c build/release-normal/unsafe/gd32f30x_adc.o
                0x080079bc                adc_channel_length_config
 .text.adc_regular_channel_config
                0x080079f8       0xb0 build/release-normal/unsafe/gd32f30x_adc.o
                0x080079f8                adc_regular_channel_config
 .text.adc_inserted_channel_config
                0x08007aa8       0x70 build/release-normal/unsafe/gd32f30x_adc.o
                0x08007aa8                adc_inserted_channel_config
 .text.adc_external_trigger_config
                0x08007b18       0x38 build/release-normal/unsafe/gd32f30x_adc.o
                0x08007b18                adc_external_trigger_config
 .text.adc_external_trigger_source_config
                0x08007b50       0x2c build/release-normal/unsafe/gd32f30x_adc.o
                0x08007b50                adc_external_trigger_source_config
 .text.adc_software_trigger_enable
                0x08007b7c       0x1c build/release-normal/unsafe/gd32f30x_adc.o
                0x08007b7c                adc_software_trigger_enable
 .text.adc_inserted_data_read
                0x08007b98       0x28 build/release-normal/unsafe/gd32f30x_adc.o
                0x08007b98                adc_inserted_data_read
 .text.adc_flag_get
                0x08007bc0        0xc build/release-normal/unsafe/gd32f30x_adc.o
                0x08007bc0                adc_flag_get
 .text.adc_flag_clear
                0x08007bcc        0xc build/release-normal/unsafe/gd32f30x_adc.o
                0x08007bcc                adc_flag_clear
 .text.can_deinit
                0x08007bd8       0x24 build/release-normal/unsafe/gd32f30x_can.o
                0x08007bd8                can_deinit
 .text.can_struct_para_init
                0x08007bfc       0x64 build/release-normal/unsafe/gd32f30x_can.o
                0x08007bfc                can_struct_para_init
 .text.can_init
                0x08007c60      0x124 build/release-normal/unsafe/gd32f30x_can.o
                0x08007c60                can_init
 .text.can_filter_init
                0x08007d84       0xf4 build/release-normal/unsafe/gd32f30x_can.o
                0x08007d84                can_filter_init
 .text.can_message_transmit
                0x08007e78       0xa8 build/release-normal/unsafe/gd32f30x_can.o
                0x08007e78                can_message_transmit
 .text.can_message_receive
                0x08007f20       0xc0 build/release-normal/unsafe/gd32f30x_can.o
                0x08007f20                can_message_receive
 .text.can_interrupt_enable
                0x08007fe0        0x8 build/release-normal/unsafe/gd32f30x_can.o
                0x08007fe0                can_interrupt_enable
 .text.dma_deinit
                0x08007fe8       0x3c build/release-normal/unsafe/gd32f30x_dma.o
                0x08007fe8                dma_deinit
 .text.dma_init
                0x08008024       0x7c build/release-normal/unsafe/gd32f30x_dma.o
                0x08008024                dma_init
 .text.dma_circulation_enable
                0x080080a0       0x24 build/release-normal/unsafe/gd32f30x_dma.o
                0x080080a0                dma_circulation_enable
 .text.dma_channel_enable
                0x080080c4       0x24 build/release-normal/unsafe/gd32f30x_dma.o
                0x080080c4                dma_channel_enable
 .text.exti_init
                0x080080e8       0xb0 build/release-normal/unsafe/gd32f30x_exti.o
                0x080080e8                exti_init
 .text.exti_interrupt_flag_clear
                0x08008198        0xc build/release-normal/unsafe/gd32f30x_exti.o
                0x08008198                exti_interrupt_flag_clear
 .text.fmc_unlock
                0x080081a4       0x40 build/release-normal/unsafe/gd32f30x_fmc.o
                0x080081a4                fmc_unlock
 .text.fmc_lock
                0x080081e4       0x28 build/release-normal/unsafe/gd32f30x_fmc.o
                0x080081e4                fmc_lock
 .text.fmc_page_erase
                0x0800820c      0x140 build/release-normal/unsafe/gd32f30x_fmc.o
                0x0800820c                fmc_page_erase
 .text.fmc_word_program
                0x0800834c      0x128 build/release-normal/unsafe/gd32f30x_fmc.o
                0x0800834c                fmc_word_program
 .text.fmc_flag_clear
                0x08008474       0x1c build/release-normal/unsafe/gd32f30x_fmc.o
                0x08008474                fmc_flag_clear
 .text.fwdgt_enable
                0x08008490       0x10 build/release-normal/unsafe/gd32f30x_fwdgt.o
                0x08008490                fwdgt_enable
 .text.fwdgt_counter_reload
                0x080084a0       0x10 build/release-normal/unsafe/gd32f30x_fwdgt.o
                0x080084a0                fwdgt_counter_reload
 .text.fwdgt_config
                0x080084b0       0x60 build/release-normal/unsafe/gd32f30x_fwdgt.o
                0x080084b0                fwdgt_config
 .text.gpio_init
                0x08008510       0xac build/release-normal/unsafe/gd32f30x_gpio.o
                0x08008510                gpio_init
 .text.gpio_bit_set
                0x080085bc        0x4 build/release-normal/unsafe/gd32f30x_gpio.o
                0x080085bc                gpio_bit_set
 .text.gpio_bit_reset
                0x080085c0        0x4 build/release-normal/unsafe/gd32f30x_gpio.o
                0x080085c0                gpio_bit_reset
 .text.gpio_bit_write
                0x080085c4        0xc build/release-normal/unsafe/gd32f30x_gpio.o
                0x080085c4                gpio_bit_write
 .text.gpio_input_bit_get
                0x080085d0        0xc build/release-normal/unsafe/gd32f30x_gpio.o
                0x080085d0                gpio_input_bit_get
 .text.gpio_output_bit_get
                0x080085dc        0xc build/release-normal/unsafe/gd32f30x_gpio.o
                0x080085dc                gpio_output_bit_get
 .text.gpio_pin_remap_config
                0x080085e8       0x84 build/release-normal/unsafe/gd32f30x_gpio.o
                0x080085e8                gpio_pin_remap_config
 .text.gpio_exti_source_select
                0x0800866c       0x64 build/release-normal/unsafe/gd32f30x_gpio.o
                0x0800866c                gpio_exti_source_select
 .text.nvic_irq_enable
                0x080086d0       0xa4 build/release-normal/unsafe/gd32f30x_misc.o
                0x080086d0                nvic_irq_enable
 .text.rcu_periph_clock_enable
                0x08008774       0x1c build/release-normal/unsafe/gd32f30x_rcu.o
                0x08008774                rcu_periph_clock_enable
 .text.rcu_periph_reset_enable
                0x08008790       0x1c build/release-normal/unsafe/gd32f30x_rcu.o
                0x08008790                rcu_periph_reset_enable
 .text.rcu_periph_reset_disable
                0x080087ac       0x1c build/release-normal/unsafe/gd32f30x_rcu.o
                0x080087ac                rcu_periph_reset_disable
 .text.rcu_adc_clock_config
                0x080087c8       0x6c build/release-normal/unsafe/gd32f30x_rcu.o
                0x080087c8                rcu_adc_clock_config
 .text.rcu_clock_freq_get
                0x08008834       0xec build/release-normal/unsafe/gd32f30x_rcu.o
                0x08008834                rcu_clock_freq_get
 .text.spi_i2s_deinit
                0x08008920       0x5c build/release-normal/unsafe/gd32f30x_spi.o
                0x08008920                spi_i2s_deinit
 .text.spi_init
                0x0800897c       0x34 build/release-normal/unsafe/gd32f30x_spi.o
                0x0800897c                spi_init
 .text.spi_enable
                0x080089b0        0xc build/release-normal/unsafe/gd32f30x_spi.o
                0x080089b0                spi_enable
 .text.spi_i2s_data_transmit
                0x080089bc        0x4 build/release-normal/unsafe/gd32f30x_spi.o
                0x080089bc                spi_i2s_data_transmit
 .text.spi_i2s_data_receive
                0x080089c0        0x8 build/release-normal/unsafe/gd32f30x_spi.o
                0x080089c0                spi_i2s_data_receive
 .text.spi_i2s_flag_get
                0x080089c8        0xc build/release-normal/unsafe/gd32f30x_spi.o
                0x080089c8                spi_i2s_flag_get
 .text.timer_deinit
                0x080089d4       0xec build/release-normal/unsafe/gd32f30x_timer.o
                0x080089d4                timer_deinit
 .text.timer_struct_para_init
                0x08008ac0       0x10 build/release-normal/unsafe/gd32f30x_timer.o
                0x08008ac0                timer_struct_para_init
 .text.timer_init
                0x08008ad0       0xa4 build/release-normal/unsafe/gd32f30x_timer.o
                0x08008ad0                timer_init
 .text.timer_enable
                0x08008b74        0xc build/release-normal/unsafe/gd32f30x_timer.o
                0x08008b74                timer_enable
 .text.timer_auto_reload_shadow_enable
                0x08008b80        0xc build/release-normal/unsafe/gd32f30x_timer.o
                0x08008b80                timer_auto_reload_shadow_enable
 .text.timer_interrupt_enable
                0x08008b8c        0x8 build/release-normal/unsafe/gd32f30x_timer.o
                0x08008b8c                timer_interrupt_enable
 .text.timer_interrupt_flag_clear
                0x08008b94        0x8 build/release-normal/unsafe/gd32f30x_timer.o
                0x08008b94                timer_interrupt_flag_clear
 .text.timer_break_struct_para_init
                0x08008b9c        0xc build/release-normal/unsafe/gd32f30x_timer.o
                0x08008b9c                timer_break_struct_para_init
 .text.timer_break_config
                0x08008ba8       0x2c build/release-normal/unsafe/gd32f30x_timer.o
                0x08008ba8                timer_break_config
 .text.timer_primary_output_config
                0x08008bd4       0x14 build/release-normal/unsafe/gd32f30x_timer.o
                0x08008bd4                timer_primary_output_config
 .text.timer_channel_output_struct_para_init
                0x08008be8        0xc build/release-normal/unsafe/gd32f30x_timer.o
                0x08008be8                timer_channel_output_struct_para_init
 .text.timer_channel_output_config
                0x08008bf4      0x204 build/release-normal/unsafe/gd32f30x_timer.o
                0x08008bf4                timer_channel_output_config
 .text.timer_channel_output_mode_config
                0x08008df8       0x50 build/release-normal/unsafe/gd32f30x_timer.o
                0x08008df8                timer_channel_output_mode_config
 .text.timer_channel_output_pulse_value_config
                0x08008e48       0x1c build/release-normal/unsafe/gd32f30x_timer.o
                0x08008e48                timer_channel_output_pulse_value_config
 .text.timer_channel_output_shadow_config
                0x08008e64       0x50 build/release-normal/unsafe/gd32f30x_timer.o
                0x08008e64                timer_channel_output_shadow_config
 .text.timer_channel_output_fast_config
                0x08008eb4       0x50 build/release-normal/unsafe/gd32f30x_timer.o
                0x08008eb4                timer_channel_output_fast_config
 .text.timer_channel_output_state_config
                0x08008f04       0x54 build/release-normal/unsafe/gd32f30x_timer.o
                0x08008f04                timer_channel_output_state_config
 .text.timer_master_output_trigger_source_select
                0x08008f58       0x10 build/release-normal/unsafe/gd32f30x_timer.o
                0x08008f58                timer_master_output_trigger_source_select
 .text.timer_master_slave_mode_config
                0x08008f68       0x1c build/release-normal/unsafe/gd32f30x_timer.o
                0x08008f68                timer_master_slave_mode_config
 .text.timer_internal_clock_config
                0x08008f84        0xc build/release-normal/unsafe/gd32f30x_timer.o
                0x08008f84                timer_internal_clock_config
 .text.usart_deinit
                0x08008f90       0x98 build/release-normal/unsafe/gd32f30x_usart.o
                0x08008f90                usart_deinit
 .text.usart_baudrate_set
                0x08009028       0x68 build/release-normal/unsafe/gd32f30x_usart.o
                0x08009028                usart_baudrate_set
 .text.usart_enable
                0x08009090        0xc build/release-normal/unsafe/gd32f30x_usart.o
                0x08009090                usart_enable
 .text.usart_transmit_config
                0x0800909c        0xc build/release-normal/unsafe/gd32f30x_usart.o
                0x0800909c                usart_transmit_config
 .text.usart_receive_config
                0x080090a8        0xc build/release-normal/unsafe/gd32f30x_usart.o
                0x080090a8                usart_receive_config
 .text.usart_data_transmit
                0x080090b4        0x8 build/release-normal/unsafe/gd32f30x_usart.o
                0x080090b4                usart_data_transmit
 .text.usart_data_receive
                0x080090bc        0x8 build/release-normal/unsafe/gd32f30x_usart.o
                0x080090bc                usart_data_receive
 .text.usart_flag_get
                0x080090c4       0x10 build/release-normal/unsafe/gd32f30x_usart.o
                0x080090c4                usart_flag_get
 .text.usart_interrupt_enable
                0x080090d4       0x18 build/release-normal/unsafe/gd32f30x_usart.o
                0x080090d4                usart_interrupt_enable
 .text.usart_interrupt_flag_get
                0x080090ec       0x34 build/release-normal/unsafe/gd32f30x_usart.o
                0x080090ec                usart_interrupt_flag_get
 .text.SystemInit
                0x08009120      0x118 build/release-normal/unsafe/system_gd32f30x.o
                0x08009120                SystemInit
 .text.Reset_Handler
                0x08009238       0x50 build/release-normal/unsafe/startup_gd32f30x_hd.o
                0x08009238                Reset_Handler
 .text.Default_Handler
                0x08009288        0x2 build/release-normal/unsafe/startup_gd32f30x_hd.o
                0x08009288                DMA0_Channel4_IRQHandler
                0x08009288                EXTI2_IRQHandler
                0x08009288                TIMER2_IRQHandler
                0x08009288                TIMER5_IRQHandler
                0x08009288                LVD_IRQHandler
                0x08009288                TIMER0_BRK_IRQHandler
                0x08009288                ADC0_1_IRQHandler
                0x08009288                SDIO_IRQHandler
                0x08009288                EXTI3_IRQHandler
                0x08009288                TIMER3_IRQHandler
                0x08009288                DMA0_Channel6_IRQHandler
                0x08009288                I2C0_EV_IRQHandler
                0x08009288                EXTI0_IRQHandler
                0x08009288                TIMER4_IRQHandler
                0x08009288                SPI1_IRQHandler
                0x08009288                DMA0_Channel0_IRQHandler
                0x08009288                TAMPER_IRQHandler
                0x08009288                DMA1_Channel0_IRQHandler
                0x08009288                TIMER6_IRQHandler
                0x08009288                DMA0_Channel3_IRQHandler
                0x08009288                I2C0_ER_IRQHandler
                0x08009288                RTC_IRQHandler
                0x08009288                TIMER7_UP_IRQHandler
                0x08009288                DMA0_Channel2_IRQHandler
                0x08009288                USART0_IRQHandler
                0x08009288                TIMER1_IRQHandler
                0x08009288                TIMER7_TRG_CMT_IRQHandler
                0x08009288                TIMER0_TRG_CMT_IRQHandler
                0x08009288                I2C1_EV_IRQHandler
                0x08009288                UART4_IRQHandler
                0x08009288                DMA1_Channel1_IRQHandler
                0x08009288                Default_Handler
                0x08009288                TIMER7_Channel_IRQHandler
                0x08009288                WWDGT_IRQHandler
                0x08009288                EXMC_IRQHandler
                0x08009288                ADC2_IRQHandler
                0x08009288                SPI2_IRQHandler
                0x08009288                USBD_WKUP_IRQHandler
                0x08009288                RCU_CTC_IRQHandler
                0x08009288                TIMER7_BRK_IRQHandler
                0x08009288                EXTI4_IRQHandler
                0x08009288                USBD_HP_CAN0_TX_IRQHandler
                0x08009288                CAN0_RX1_IRQHandler
                0x08009288                DMA0_Channel5_IRQHandler
                0x08009288                EXTI5_9_IRQHandler
                0x08009288                DMA0_Channel1_IRQHandler
                0x08009288                TIMER0_Channel_IRQHandler
                0x08009288                EXTI1_IRQHandler
                0x08009288                SPI0_IRQHandler
                0x08009288                DMA1_Channel3_4_IRQHandler
                0x08009288                USART2_IRQHandler
                0x08009288                CAN0_EWMC_IRQHandler
                0x08009288                DMA1_Channel2_IRQHandler
                0x08009288                UART3_IRQHandler
                0x08009288                I2C1_ER_IRQHandler
                0x08009288                FMC_IRQHandler
                0x08009288                RTC_Alarm_IRQHandler
 .text.atof     0x0800928a        0x6 /Users/choqy/workspace/xiaomi_dog/.toolchains/arm-gnu-15.3/bin/../lib/gcc/arm-none-eabi/15.3.1/../../../../arm-none-eabi/lib/thumb/v7e-m+fp/hard/libc_nano.a(libc_a-atof.o)
                0x0800928a                atof
 .text.atoi     0x08009290        0x8 /Users/choqy/workspace/xiaomi_dog/.toolchains/arm-gnu-15.3/bin/../lib/gcc/arm-none-eabi/15.3.1/../../../../arm-none-eabi/lib/thumb/v7e-m+fp/hard/libc_nano.a(libc_a-atoi.o)
                0x08009290                atoi
 .text.__cvt    0x08009298       0xbe /Users/choqy/workspace/xiaomi_dog/.toolchains/arm-gnu-15.3/bin/../lib/gcc/arm-none-eabi/15.3.1/../../../../arm-none-eabi/lib/thumb/v7e-m+fp/hard/libc_nano.a(libc_a-nano-vfprintf_float.o)
                0x08009298                __cvt
 .text.__exponent
                0x08009356       0x76 /Users/choqy/workspace/xiaomi_dog/.toolchains/arm-gnu-15.3/bin/../lib/gcc/arm-none-eabi/15.3.1/../../../../arm-none-eabi/lib/thumb/v7e-m+fp/hard/libc_nano.a(libc_a-nano-vfprintf_float.o)
                0x08009356                __exponent
 .text._printf_float
                0x080093cc      0x448 /Users/choqy/workspace/xiaomi_dog/.toolchains/arm-gnu-15.3/bin/../lib/gcc/arm-none-eabi/15.3.1/../../../../arm-none-eabi/lib/thumb/v7e-m+fp/hard/libc_nano.a(libc_a-nano-vfprintf_float.o)
                0x080093cc                _printf_float
 .text._printf_common
                0x08009814       0xea /Users/choqy/workspace/xiaomi_dog/.toolchains/arm-gnu-15.3/bin/../lib/gcc/arm-none-eabi/15.3.1/../../../../arm-none-eabi/lib/thumb/v7e-m+fp/hard/libc_nano.a(libc_a-nano-vfprintf_i.o)
                0x08009814                _printf_common
 *fill*         0x080098fe        0x2 
 .text._printf_i
                0x08009900      0x254 /Users/choqy/workspace/xiaomi_dog/.toolchains/arm-gnu-15.3/bin/../lib/gcc/arm-none-eabi/15.3.1/../../../../arm-none-eabi/lib/thumb/v7e-m+fp/hard/libc_nano.a(libc_a-nano-vfprintf_i.o)
                0x08009900                _printf_i
 .text.std      0x08009b54       0x6c /Users/choqy/workspace/xiaomi_dog/.toolchains/arm-gnu-15.3/bin/../lib/gcc/arm-none-eabi/15.3.1/../../../../arm-none-eabi/lib/thumb/v7e-m+fp/hard/libc_nano.a(libc_a-findfp.o)
 .text.stdio_exit_handler
                0x08009bc0       0x18 /Users/choqy/workspace/xiaomi_dog/.toolchains/arm-gnu-15.3/bin/../lib/gcc/arm-none-eabi/15.3.1/../../../../arm-none-eabi/lib/thumb/v7e-m+fp/hard/libc_nano.a(libc_a-findfp.o)
 .text.cleanup_stdio
                0x08009bd8       0x40 /Users/choqy/workspace/xiaomi_dog/.toolchains/arm-gnu-15.3/bin/../lib/gcc/arm-none-eabi/15.3.1/../../../../arm-none-eabi/lib/thumb/v7e-m+fp/hard/libc_nano.a(libc_a-findfp.o)
 .text.global_stdio_init.part.0
                0x08009c18       0x40 /Users/choqy/workspace/xiaomi_dog/.toolchains/arm-gnu-15.3/bin/../lib/gcc/arm-none-eabi/15.3.1/../../../../arm-none-eabi/lib/thumb/v7e-m+fp/hard/libc_nano.a(libc_a-findfp.o)
 .text.__sfp_lock_acquire
                0x08009c58        0xc /Users/choqy/workspace/xiaomi_dog/.toolchains/arm-gnu-15.3/bin/../lib/gcc/arm-none-eabi/15.3.1/../../../../arm-none-eabi/lib/thumb/v7e-m+fp/hard/libc_nano.a(libc_a-findfp.o)
                0x08009c58                __sfp_lock_acquire
 .text.__sfp_lock_release
                0x08009c64        0xc /Users/choqy/workspace/xiaomi_dog/.toolchains/arm-gnu-15.3/bin/../lib/gcc/arm-none-eabi/15.3.1/../../../../arm-none-eabi/lib/thumb/v7e-m+fp/hard/libc_nano.a(libc_a-findfp.o)
                0x08009c64                __sfp_lock_release
 .text.__sinit  0x08009c70       0x30 /Users/choqy/workspace/xiaomi_dog/.toolchains/arm-gnu-15.3/bin/../lib/gcc/arm-none-eabi/15.3.1/../../../../arm-none-eabi/lib/thumb/v7e-m+fp/hard/libc_nano.a(libc_a-findfp.o)
                0x08009c70                __sinit
 .text.sulp     0x08009ca0       0x3c /Users/choqy/workspace/xiaomi_dog/.toolchains/arm-gnu-15.3/bin/../lib/gcc/arm-none-eabi/15.3.1/../../../../arm-none-eabi/lib/thumb/v7e-m+fp/hard/libc_nano.a(libc_a-strtod.o)
 *fill*         0x08009cdc        0x4 
 .text._strtod_l
                0x08009ce0      0xbe0 /Users/choqy/workspace/xiaomi_dog/.toolchains/arm-gnu-15.3/bin/../lib/gcc/arm-none-eabi/15.3.1/../../../../arm-none-eabi/lib/thumb/v7e-m+fp/hard/libc_nano.a(libc_a-strtod.o)
                0x08009ce0                _strtod_l
 .text.strtod   0x0800a8c0       0x18 /Users/choqy/workspace/xiaomi_dog/.toolchains/arm-gnu-15.3/bin/../lib/gcc/arm-none-eabi/15.3.1/../../../../arm-none-eabi/lib/thumb/v7e-m+fp/hard/libc_nano.a(libc_a-strtod.o)
                0x0800a8c0                strtod
 .text._strtol_l.isra.0
                0x0800a8d8       0xf4 /Users/choqy/workspace/xiaomi_dog/.toolchains/arm-gnu-15.3/bin/../lib/gcc/arm-none-eabi/15.3.1/../../../../arm-none-eabi/lib/thumb/v7e-m+fp/hard/libc_nano.a(libc_a-strtol.o)
 .text.strtol   0x0800a9cc       0x14 /Users/choqy/workspace/xiaomi_dog/.toolchains/arm-gnu-15.3/bin/../lib/gcc/arm-none-eabi/15.3.1/../../../../arm-none-eabi/lib/thumb/v7e-m+fp/hard/libc_nano.a(libc_a-strtol.o)
                0x0800a9cc                strtol
 .text._fwalk_sglue
                0x0800a9e0       0x3a /Users/choqy/workspace/xiaomi_dog/.toolchains/arm-gnu-15.3/bin/../lib/gcc/arm-none-eabi/15.3.1/../../../../arm-none-eabi/lib/thumb/v7e-m+fp/hard/libc_nano.a(libc_a-fwalk.o)
                0x0800a9e0                _fwalk_sglue
 *fill*         0x0800aa1a        0x2 
 .text.printf   0x0800aa1c       0x24 /Users/choqy/workspace/xiaomi_dog/.toolchains/arm-gnu-15.3/bin/../lib/gcc/arm-none-eabi/15.3.1/../../../../arm-none-eabi/lib/thumb/v7e-m+fp/hard/libc_nano.a(libc_a-printf.o)
                0x0800aa1c                printf
                0x0800aa1c                iprintf
 .text._puts_r  0x0800aa40       0xaa /Users/choqy/workspace/xiaomi_dog/.toolchains/arm-gnu-15.3/bin/../lib/gcc/arm-none-eabi/15.3.1/../../../../arm-none-eabi/lib/thumb/v7e-m+fp/hard/libc_nano.a(libc_a-puts.o)
                0x0800aa40                _puts_r
 *fill*         0x0800aaea        0x2 
 .text.puts     0x0800aaec       0x10 /Users/choqy/workspace/xiaomi_dog/.toolchains/arm-gnu-15.3/bin/../lib/gcc/arm-none-eabi/15.3.1/../../../../arm-none-eabi/lib/thumb/v7e-m+fp/hard/libc_nano.a(libc_a-puts.o)
                0x0800aaec                puts
 .text.memmove  0x0800aafc       0x32 /Users/choqy/workspace/xiaomi_dog/.toolchains/arm-gnu-15.3/bin/../lib/gcc/arm-none-eabi/15.3.1/../../../../arm-none-eabi/lib/thumb/v7e-m+fp/hard/libc_nano.a(libc_a-memmove.o)
                0x0800aafc                memmove
 .text.memset   0x0800ab2e       0x10 /Users/choqy/workspace/xiaomi_dog/.toolchains/arm-gnu-15.3/bin/../lib/gcc/arm-none-eabi/15.3.1/../../../../arm-none-eabi/lib/thumb/v7e-m+fp/hard/libc_nano.a(libc_a-memset.o)
                0x0800ab2e                memset
 .text.strncmp  0x0800ab3e       0x24 /Users/choqy/workspace/xiaomi_dog/.toolchains/arm-gnu-15.3/bin/../lib/gcc/arm-none-eabi/15.3.1/../../../../arm-none-eabi/lib/thumb/v7e-m+fp/hard/libc_nano.a(libc_a-strncmp.o)
                0x0800ab3e                strncmp
 *fill*         0x0800ab62        0x2 
 .text.__errno  0x0800ab64        0xc /Users/choqy/workspace/xiaomi_dog/.toolchains/arm-gnu-15.3/bin/../lib/gcc/arm-none-eabi/15.3.1/../../../../arm-none-eabi/lib/thumb/v7e-m+fp/hard/libc_nano.a(libc_a-errno.o)
                0x0800ab64                __errno
 .text.__libc_init_array
                0x0800ab70       0x48 /Users/choqy/workspace/xiaomi_dog/.toolchains/arm-gnu-15.3/bin/../lib/gcc/arm-none-eabi/15.3.1/../../../../arm-none-eabi/lib/thumb/v7e-m+fp/hard/libc_nano.a(libc_a-init.o)
                0x0800ab70                __libc_init_array
 .text.__retarget_lock_init_recursive
                0x0800abb8        0x2 /Users/choqy/workspace/xiaomi_dog/.toolchains/arm-gnu-15.3/bin/../lib/gcc/arm-none-eabi/15.3.1/../../../../arm-none-eabi/lib/thumb/v7e-m+fp/hard/libc_nano.a(libc_a-lock.o)
                0x0800abb8                __retarget_lock_init_recursive
 .text.__retarget_lock_acquire_recursive
                0x0800abba        0x2 /Users/choqy/workspace/xiaomi_dog/.toolchains/arm-gnu-15.3/bin/../lib/gcc/arm-none-eabi/15.3.1/../../../../arm-none-eabi/lib/thumb/v7e-m+fp/hard/libc_nano.a(libc_a-lock.o)
                0x0800abba                __retarget_lock_acquire_recursive
 .text.__retarget_lock_release_recursive
                0x0800abbc        0x2 /Users/choqy/workspace/xiaomi_dog/.toolchains/arm-gnu-15.3/bin/../lib/gcc/arm-none-eabi/15.3.1/../../../../arm-none-eabi/lib/thumb/v7e-m+fp/hard/libc_nano.a(libc_a-lock.o)
                0x0800abbc                __retarget_lock_release_recursive
 *fill*         0x0800abbe        0x2 
 .text._localeconv_r
                0x0800abc0        0x8 /Users/choqy/workspace/xiaomi_dog/.toolchains/arm-gnu-15.3/bin/../lib/gcc/arm-none-eabi/15.3.1/../../../../arm-none-eabi/lib/thumb/v7e-m+fp/hard/libc_nano.a(libc_a-localeconv.o)
                0x0800abc0                _localeconv_r
 .text.memcpy   0x0800abc8       0x1c /Users/choqy/workspace/xiaomi_dog/.toolchains/arm-gnu-15.3/bin/../lib/gcc/arm-none-eabi/15.3.1/../../../../arm-none-eabi/lib/thumb/v7e-m+fp/hard/libc_nano.a(libc_a-memcpy-stub.o)
                0x0800abc8                memcpy
 *fill*         0x0800abe4        0x4 
 .text.nan      0x0800abe8       0x10 /Users/choqy/workspace/xiaomi_dog/.toolchains/arm-gnu-15.3/bin/../lib/gcc/arm-none-eabi/15.3.1/../../../../arm-none-eabi/lib/thumb/v7e-m+fp/hard/libc_nano.a(libm_a-s_nan.o)
                0x0800abe8                nan
 .text.quorem   0x0800abf8      0x110 /Users/choqy/workspace/xiaomi_dog/.toolchains/arm-gnu-15.3/bin/../lib/gcc/arm-none-eabi/15.3.1/../../../../arm-none-eabi/lib/thumb/v7e-m+fp/hard/libc_nano.a(libc_a-dtoa.o)
 .text._dtoa_r  0x0800ad08      0xbac /Users/choqy/workspace/xiaomi_dog/.toolchains/arm-gnu-15.3/bin/../lib/gcc/arm-none-eabi/15.3.1/../../../../arm-none-eabi/lib/thumb/v7e-m+fp/hard/libc_nano.a(libc_a-dtoa.o)
                0x0800ad08                _dtoa_r
 .text.rshift   0x0800b8b4       0xa0 /Users/choqy/workspace/xiaomi_dog/.toolchains/arm-gnu-15.3/bin/../lib/gcc/arm-none-eabi/15.3.1/../../../../arm-none-eabi/lib/thumb/v7e-m+fp/hard/libc_nano.a(libc_a-gdtoa-gethex.o)
 .text.__hexdig_fun
                0x0800b954       0x2a /Users/choqy/workspace/xiaomi_dog/.toolchains/arm-gnu-15.3/bin/../lib/gcc/arm-none-eabi/15.3.1/../../../../arm-none-eabi/lib/thumb/v7e-m+fp/hard/libc_nano.a(libc_a-gdtoa-gethex.o)
                0x0800b954                __hexdig_fun
 *fill*         0x0800b97e        0x2 
 .text.__gethex
                0x0800b980      0x418 /Users/choqy/workspace/xiaomi_dog/.toolchains/arm-gnu-15.3/bin/../lib/gcc/arm-none-eabi/15.3.1/../../../../arm-none-eabi/lib/thumb/v7e-m+fp/hard/libc_nano.a(libc_a-gdtoa-gethex.o)
                0x0800b980                __gethex
 .text.L_shift  0x0800bd98       0x24 /Users/choqy/workspace/xiaomi_dog/.toolchains/arm-gnu-15.3/bin/../lib/gcc/arm-none-eabi/15.3.1/../../../../arm-none-eabi/lib/thumb/v7e-m+fp/hard/libc_nano.a(libc_a-gdtoa-hexnan.o)
 .text.__match  0x0800bdbc       0x2a /Users/choqy/workspace/xiaomi_dog/.toolchains/arm-gnu-15.3/bin/../lib/gcc/arm-none-eabi/15.3.1/../../../../arm-none-eabi/lib/thumb/v7e-m+fp/hard/libc_nano.a(libc_a-gdtoa-hexnan.o)
                0x0800bdbc                __match
 .text.__hexnan
                0x0800bde6      0x138 /Users/choqy/workspace/xiaomi_dog/.toolchains/arm-gnu-15.3/bin/../lib/gcc/arm-none-eabi/15.3.1/../../../../arm-none-eabi/lib/thumb/v7e-m+fp/hard/libc_nano.a(libc_a-gdtoa-hexnan.o)
                0x0800bde6                __hexnan
 *fill*         0x0800bf1e        0x2 
 .text.malloc   0x0800bf20       0x10 /Users/choqy/workspace/xiaomi_dog/.toolchains/arm-gnu-15.3/bin/../lib/gcc/arm-none-eabi/15.3.1/../../../../arm-none-eabi/lib/thumb/v7e-m+fp/hard/libc_nano.a(libc_a-malloc.o)
                0x0800bf20                malloc
 .text.sbrk_aligned
                0x0800bf30       0x44 /Users/choqy/workspace/xiaomi_dog/.toolchains/arm-gnu-15.3/bin/../lib/gcc/arm-none-eabi/15.3.1/../../../../arm-none-eabi/lib/thumb/v7e-m+fp/hard/libc_nano.a(libc_a-mallocr.o)
 .text._malloc_r
                0x0800bf74       0xf8 /Users/choqy/workspace/xiaomi_dog/.toolchains/arm-gnu-15.3/bin/../lib/gcc/arm-none-eabi/15.3.1/../../../../arm-none-eabi/lib/thumb/v7e-m+fp/hard/libc_nano.a(libc_a-mallocr.o)
                0x0800bf74                _malloc_r
 .text.__ascii_mbtowc
                0x0800c06c       0x24 /Users/choqy/workspace/xiaomi_dog/.toolchains/arm-gnu-15.3/bin/../lib/gcc/arm-none-eabi/15.3.1/../../../../arm-none-eabi/lib/thumb/v7e-m+fp/hard/libc_nano.a(libc_a-mbtowc_r.o)
                0x0800c06c                __ascii_mbtowc
 .text.__sfputc_r
                0x0800c090       0x2a /Users/choqy/workspace/xiaomi_dog/.toolchains/arm-gnu-15.3/bin/../lib/gcc/arm-none-eabi/15.3.1/../../../../arm-none-eabi/lib/thumb/v7e-m+fp/hard/libc_nano.a(libc_a-nano-vfprintf.o)
 .text.__sfputs_r
                0x0800c0ba       0x24 /Users/choqy/workspace/xiaomi_dog/.toolchains/arm-gnu-15.3/bin/../lib/gcc/arm-none-eabi/15.3.1/../../../../arm-none-eabi/lib/thumb/v7e-m+fp/hard/libc_nano.a(libc_a-nano-vfprintf.o)
                0x0800c0ba                __sfputs_r
 *fill*         0x0800c0de        0x2 
 .text._vfprintf_r
                0x0800c0e0      0x228 /Users/choqy/workspace/xiaomi_dog/.toolchains/arm-gnu-15.3/bin/../lib/gcc/arm-none-eabi/15.3.1/../../../../arm-none-eabi/lib/thumb/v7e-m+fp/hard/libc_nano.a(libc_a-nano-vfprintf.o)
                0x0800c0e0                _vfiprintf_r
                0x0800c0e0                _vfprintf_r
 .text.__malloc_lock
                0x0800c308        0xc /Users/choqy/workspace/xiaomi_dog/.toolchains/arm-gnu-15.3/bin/../lib/gcc/arm-none-eabi/15.3.1/../../../../arm-none-eabi/lib/thumb/v7e-m+fp/hard/libc_nano.a(libc_a-mlock.o)
                0x0800c308                __malloc_lock
 .text.__malloc_unlock
                0x0800c314        0xc /Users/choqy/workspace/xiaomi_dog/.toolchains/arm-gnu-15.3/bin/../lib/gcc/arm-none-eabi/15.3.1/../../../../arm-none-eabi/lib/thumb/v7e-m+fp/hard/libc_nano.a(libc_a-mlock.o)
                0x0800c314                __malloc_unlock
 .text._Balloc  0x0800c320       0x7c /Users/choqy/workspace/xiaomi_dog/.toolchains/arm-gnu-15.3/bin/../lib/gcc/arm-none-eabi/15.3.1/../../../../arm-none-eabi/lib/thumb/v7e-m+fp/hard/libc_nano.a(libc_a-mprec.o)
                0x0800c320                _Balloc
 .text._Bfree   0x0800c39c       0x44 /Users/choqy/workspace/xiaomi_dog/.toolchains/arm-gnu-15.3/bin/../lib/gcc/arm-none-eabi/15.3.1/../../../../arm-none-eabi/lib/thumb/v7e-m+fp/hard/libc_nano.a(libc_a-mprec.o)
                0x0800c39c                _Bfree
 .text.__multadd
                0x0800c3e0       0x8c /Users/choqy/workspace/xiaomi_dog/.toolchains/arm-gnu-15.3/bin/../lib/gcc/arm-none-eabi/15.3.1/../../../../arm-none-eabi/lib/thumb/v7e-m+fp/hard/libc_nano.a(libc_a-mprec.o)
                0x0800c3e0                __multadd
 .text.__s2b    0x0800c46c       0x94 /Users/choqy/workspace/xiaomi_dog/.toolchains/arm-gnu-15.3/bin/../lib/gcc/arm-none-eabi/15.3.1/../../../../arm-none-eabi/lib/thumb/v7e-m+fp/hard/libc_nano.a(libc_a-mprec.o)
                0x0800c46c                __s2b
 .text.__hi0bits
                0x0800c500       0x3c /Users/choqy/workspace/xiaomi_dog/.toolchains/arm-gnu-15.3/bin/../lib/gcc/arm-none-eabi/15.3.1/../../../../arm-none-eabi/lib/thumb/v7e-m+fp/hard/libc_nano.a(libc_a-mprec.o)
                0x0800c500                __hi0bits
 .text.__lo0bits
                0x0800c53c       0x5c /Users/choqy/workspace/xiaomi_dog/.toolchains/arm-gnu-15.3/bin/../lib/gcc/arm-none-eabi/15.3.1/../../../../arm-none-eabi/lib/thumb/v7e-m+fp/hard/libc_nano.a(libc_a-mprec.o)
                0x0800c53c                __lo0bits
 .text.__i2b    0x0800c598       0x2c /Users/choqy/workspace/xiaomi_dog/.toolchains/arm-gnu-15.3/bin/../lib/gcc/arm-none-eabi/15.3.1/../../../../arm-none-eabi/lib/thumb/v7e-m+fp/hard/libc_nano.a(libc_a-mprec.o)
                0x0800c598                __i2b
 .text.__multiply
                0x0800c5c4      0x16c /Users/choqy/workspace/xiaomi_dog/.toolchains/arm-gnu-15.3/bin/../lib/gcc/arm-none-eabi/15.3.1/../../../../arm-none-eabi/lib/thumb/v7e-m+fp/hard/libc_nano.a(libc_a-mprec.o)
                0x0800c5c4                __multiply
 .text.__pow5mult
                0x0800c730       0xb8 /Users/choqy/workspace/xiaomi_dog/.toolchains/arm-gnu-15.3/bin/../lib/gcc/arm-none-eabi/15.3.1/../../../../arm-none-eabi/lib/thumb/v7e-m+fp/hard/libc_nano.a(libc_a-mprec.o)
                0x0800c730                __pow5mult
 .text.__lshift
                0x0800c7e8       0xe4 /Users/choqy/workspace/xiaomi_dog/.toolchains/arm-gnu-15.3/bin/../lib/gcc/arm-none-eabi/15.3.1/../../../../arm-none-eabi/lib/thumb/v7e-m+fp/hard/libc_nano.a(libc_a-mprec.o)
                0x0800c7e8                __lshift
 .text.__mcmp   0x0800c8cc       0x36 /Users/choqy/workspace/xiaomi_dog/.toolchains/arm-gnu-15.3/bin/../lib/gcc/arm-none-eabi/15.3.1/../../../../arm-none-eabi/lib/thumb/v7e-m+fp/hard/libc_nano.a(libc_a-mprec.o)
                0x0800c8cc                __mcmp
 *fill*         0x0800c902        0x2 
 .text.__mdiff  0x0800c904      0x130 /Users/choqy/workspace/xiaomi_dog/.toolchains/arm-gnu-15.3/bin/../lib/gcc/arm-none-eabi/15.3.1/../../../../arm-none-eabi/lib/thumb/v7e-m+fp/hard/libc_nano.a(libc_a-mprec.o)
                0x0800c904                __mdiff
 .text.__ulp    0x0800ca34       0x4c /Users/choqy/workspace/xiaomi_dog/.toolchains/arm-gnu-15.3/bin/../lib/gcc/arm-none-eabi/15.3.1/../../../../arm-none-eabi/lib/thumb/v7e-m+fp/hard/libc_nano.a(libc_a-mprec.o)
                0x0800ca34                __ulp
 .text.__b2d    0x0800ca80       0x92 /Users/choqy/workspace/xiaomi_dog/.toolchains/arm-gnu-15.3/bin/../lib/gcc/arm-none-eabi/15.3.1/../../../../arm-none-eabi/lib/thumb/v7e-m+fp/hard/libc_nano.a(libc_a-mprec.o)
                0x0800ca80                __b2d
 *fill*         0x0800cb12        0x2 
 .text.__d2b    0x0800cb14       0xb0 /Users/choqy/workspace/xiaomi_dog/.toolchains/arm-gnu-15.3/bin/../lib/gcc/arm-none-eabi/15.3.1/../../../../arm-none-eabi/lib/thumb/v7e-m+fp/hard/libc_nano.a(libc_a-mprec.o)
                0x0800cb14                __d2b
 .text.__ratio  0x0800cbc4       0x62 /Users/choqy/workspace/xiaomi_dog/.toolchains/arm-gnu-15.3/bin/../lib/gcc/arm-none-eabi/15.3.1/../../../../arm-none-eabi/lib/thumb/v7e-m+fp/hard/libc_nano.a(libc_a-mprec.o)
                0x0800cbc4                __ratio
 .text.__copybits
                0x0800cc26       0x46 /Users/choqy/workspace/xiaomi_dog/.toolchains/arm-gnu-15.3/bin/../lib/gcc/arm-none-eabi/15.3.1/../../../../arm-none-eabi/lib/thumb/v7e-m+fp/hard/libc_nano.a(libc_a-mprec.o)
                0x0800cc26                __copybits
 .text.__any_on
                0x0800cc6c       0x42 /Users/choqy/workspace/xiaomi_dog/.toolchains/arm-gnu-15.3/bin/../lib/gcc/arm-none-eabi/15.3.1/../../../../arm-none-eabi/lib/thumb/v7e-m+fp/hard/libc_nano.a(libc_a-mprec.o)
                0x0800cc6c                __any_on
 .text.__sread  0x0800ccae       0x22 /Users/choqy/workspace/xiaomi_dog/.toolchains/arm-gnu-15.3/bin/../lib/gcc/arm-none-eabi/15.3.1/../../../../arm-none-eabi/lib/thumb/v7e-m+fp/hard/libc_nano.a(libc_a-stdio.o)
                0x0800ccae                __sread
 .text.__swrite
                0x0800ccd0       0x38 /Users/choqy/workspace/xiaomi_dog/.toolchains/arm-gnu-15.3/bin/../lib/gcc/arm-none-eabi/15.3.1/../../../../arm-none-eabi/lib/thumb/v7e-m+fp/hard/libc_nano.a(libc_a-stdio.o)
                0x0800ccd0                __swrite
 .text.__sseek  0x0800cd08       0x26 /Users/choqy/workspace/xiaomi_dog/.toolchains/arm-gnu-15.3/bin/../lib/gcc/arm-none-eabi/15.3.1/../../../../arm-none-eabi/lib/thumb/v7e-m+fp/hard/libc_nano.a(libc_a-stdio.o)
                0x0800cd08                __sseek
 .text.__sclose
                0x0800cd2e        0x8 /Users/choqy/workspace/xiaomi_dog/.toolchains/arm-gnu-15.3/bin/../lib/gcc/arm-none-eabi/15.3.1/../../../../arm-none-eabi/lib/thumb/v7e-m+fp/hard/libc_nano.a(libc_a-stdio.o)
                0x0800cd2e                __sclose
 *fill*         0x0800cd36        0x2 
 .text.__sflush_r
                0x0800cd38      0x100 /Users/choqy/workspace/xiaomi_dog/.toolchains/arm-gnu-15.3/bin/../lib/gcc/arm-none-eabi/15.3.1/../../../../arm-none-eabi/lib/thumb/v7e-m+fp/hard/libc_nano.a(libc_a-fflush.o)
                0x0800cd38                __sflush_r
 .text._fflush_r
                0x0800ce38       0x50 /Users/choqy/workspace/xiaomi_dog/.toolchains/arm-gnu-15.3/bin/../lib/gcc/arm-none-eabi/15.3.1/../../../../arm-none-eabi/lib/thumb/v7e-m+fp/hard/libc_nano.a(libc_a-fflush.o)
                0x0800ce38                _fflush_r
 .text.__swbuf_r
                0x0800ce88       0x7a /Users/choqy/workspace/xiaomi_dog/.toolchains/arm-gnu-15.3/bin/../lib/gcc/arm-none-eabi/15.3.1/../../../../arm-none-eabi/lib/thumb/v7e-m+fp/hard/libc_nano.a(libc_a-wbuf.o)
                0x0800ce88                __swbuf_r
 *fill*         0x0800cf02        0x2 
 .text.__swsetup_r
                0x0800cf04       0xa8 /Users/choqy/workspace/xiaomi_dog/.toolchains/arm-gnu-15.3/bin/../lib/gcc/arm-none-eabi/15.3.1/../../../../arm-none-eabi/lib/thumb/v7e-m+fp/hard/libc_nano.a(libc_a-wsetup.o)
                0x0800cf04                __swsetup_r
 .text.__ascii_wctomb
                0x0800cfac       0x1a /Users/choqy/workspace/xiaomi_dog/.toolchains/arm-gnu-15.3/bin/../lib/gcc/arm-none-eabi/15.3.1/../../../../arm-none-eabi/lib/thumb/v7e-m+fp/hard/libc_nano.a(libc_a-wctomb_r.o)
                0x0800cfac                __ascii_wctomb
 .text.__swhatbuf_r
                0x0800cfc6       0x48 /Users/choqy/workspace/xiaomi_dog/.toolchains/arm-gnu-15.3/bin/../lib/gcc/arm-none-eabi/15.3.1/../../../../arm-none-eabi/lib/thumb/v7e-m+fp/hard/libc_nano.a(libc_a-makebuf.o)
                0x0800cfc6                __swhatbuf_r
 .text.__smakebuf_r
                0x0800d00e       0x72 /Users/choqy/workspace/xiaomi_dog/.toolchains/arm-gnu-15.3/bin/../lib/gcc/arm-none-eabi/15.3.1/../../../../arm-none-eabi/lib/thumb/v7e-m+fp/hard/libc_nano.a(libc_a-makebuf.o)
                0x0800d00e                __smakebuf_r
 .text._isatty_r
                0x0800d080       0x20 /Users/choqy/workspace/xiaomi_dog/.toolchains/arm-gnu-15.3/bin/../lib/gcc/arm-none-eabi/15.3.1/../../../../arm-none-eabi/lib/thumb/v7e-m+fp/hard/libc_nano.a(libc_a-isattyr.o)
                0x0800d080                _isatty_r
 .text._lseek_r
                0x0800d0a0       0x24 /Users/choqy/workspace/xiaomi_dog/.toolchains/arm-gnu-15.3/bin/../lib/gcc/arm-none-eabi/15.3.1/../../../../arm-none-eabi/lib/thumb/v7e-m+fp/hard/libc_nano.a(libc_a-lseekr.o)
                0x0800d0a0                _lseek_r
 .text._read_r  0x0800d0c4       0x24 /Users/choqy/workspace/xiaomi_dog/.toolchains/arm-gnu-15.3/bin/../lib/gcc/arm-none-eabi/15.3.1/../../../../arm-none-eabi/lib/thumb/v7e-m+fp/hard/libc_nano.a(libc_a-readr.o)
                0x0800d0c4                _read_r
 .text._sbrk_r  0x0800d0e8       0x20 /Users/choqy/workspace/xiaomi_dog/.toolchains/arm-gnu-15.3/bin/../lib/gcc/arm-none-eabi/15.3.1/../../../../arm-none-eabi/lib/thumb/v7e-m+fp/hard/libc_nano.a(libc_a-sbrkr.o)
                0x0800d0e8                _sbrk_r
 .text._write_r
                0x0800d108       0x24 /Users/choqy/workspace/xiaomi_dog/.toolchains/arm-gnu-15.3/bin/../lib/gcc/arm-none-eabi/15.3.1/../../../../arm-none-eabi/lib/thumb/v7e-m+fp/hard/libc_nano.a(libc_a-writer.o)
                0x0800d108                _write_r
 .text._close_r
                0x0800d12c       0x20 /Users/choqy/workspace/xiaomi_dog/.toolchains/arm-gnu-15.3/bin/../lib/gcc/arm-none-eabi/15.3.1/../../../../arm-none-eabi/lib/thumb/v7e-m+fp/hard/libc_nano.a(libc_a-closer.o)
                0x0800d12c                _close_r
 .text._fstat_r
                0x0800d14c       0x24 /Users/choqy/workspace/xiaomi_dog/.toolchains/arm-gnu-15.3/bin/../lib/gcc/arm-none-eabi/15.3.1/../../../../arm-none-eabi/lib/thumb/v7e-m+fp/hard/libc_nano.a(libc_a-fstatr.o)
                0x0800d14c                _fstat_r
 .text.__assert_func
                0x0800d170       0x3c /Users/choqy/workspace/xiaomi_dog/.toolchains/arm-gnu-15.3/bin/../lib/gcc/arm-none-eabi/15.3.1/../../../../arm-none-eabi/lib/thumb/v7e-m+fp/hard/libc_nano.a(libc_a-assert.o)
                0x0800d170                __assert_func
 .text._calloc_r
                0x0800d1ac       0x28 /Users/choqy/workspace/xiaomi_dog/.toolchains/arm-gnu-15.3/bin/../lib/gcc/arm-none-eabi/15.3.1/../../../../arm-none-eabi/lib/thumb/v7e-m+fp/hard/libc_nano.a(libc_a-callocr.o)
                0x0800d1ac                _calloc_r
 .text._free_r  0x0800d1d4       0x98 /Users/choqy/workspace/xiaomi_dog/.toolchains/arm-gnu-15.3/bin/../lib/gcc/arm-none-eabi/15.3.1/../../../../arm-none-eabi/lib/thumb/v7e-m+fp/hard/libc_nano.a(libc_a-freer.o)
                0x0800d1d4                _free_r
 .text.fprintf  0x0800d26c       0x24 /Users/choqy/workspace/xiaomi_dog/.toolchains/arm-gnu-15.3/bin/../lib/gcc/arm-none-eabi/15.3.1/../../../../arm-none-eabi/lib/thumb/v7e-m+fp/hard/libc_nano.a(libc_a-fprintf.o)
                0x0800d26c                fprintf
                0x0800d26c                fiprintf
 .text.abort    0x0800d290        0xe /Users/choqy/workspace/xiaomi_dog/.toolchains/arm-gnu-15.3/bin/../lib/gcc/arm-none-eabi/15.3.1/../../../../arm-none-eabi/lib/thumb/v7e-m+fp/hard/libc_nano.a(libc_a-abort.o)
                0x0800d290                abort
 .text._raise_r
                0x0800d29e       0x50 /Users/choqy/workspace/xiaomi_dog/.toolchains/arm-gnu-15.3/bin/../lib/gcc/arm-none-eabi/15.3.1/../../../../arm-none-eabi/lib/thumb/v7e-m+fp/hard/libc_nano.a(libc_a-signal.o)
                0x0800d29e                _raise_r
 *fill*         0x0800d2ee        0x2 
 .text.raise    0x0800d2f0       0x10 /Users/choqy/workspace/xiaomi_dog/.toolchains/arm-gnu-15.3/bin/../lib/gcc/arm-none-eabi/15.3.1/../../../../arm-none-eabi/lib/thumb/v7e-m+fp/hard/libc_nano.a(libc_a-signal.o)
                0x0800d2f0                raise
 .text._kill_r  0x0800d300       0x24 /Users/choqy/workspace/xiaomi_dog/.toolchains/arm-gnu-15.3/bin/../lib/gcc/arm-none-eabi/15.3.1/../../../../arm-none-eabi/lib/thumb/v7e-m+fp/hard/libc_nano.a(libc_a-signalr.o)
                0x0800d300                _kill_r
 .text._getpid_r
                0x0800d324        0x4 /Users/choqy/workspace/xiaomi_dog/.toolchains/arm-gnu-15.3/bin/../lib/gcc/arm-none-eabi/15.3.1/../../../../arm-none-eabi/lib/thumb/v7e-m+fp/hard/libc_nano.a(libc_a-signalr.o)
                0x0800d324                _getpid_r
 .text.fmodf    0x0800d328       0x58 /Users/choqy/workspace/xiaomi_dog/.toolchains/arm-gnu-15.3/bin/../lib/gcc/arm-none-eabi/15.3.1/../../../../arm-none-eabi/lib/thumb/v7e-m+fp/hard/libm.a(libm_a-wf_fmod.o)
                0x0800d328                fmodf
 .text.exp      0x0800d380       0xa0 /Users/choqy/workspace/xiaomi_dog/.toolchains/arm-gnu-15.3/bin/../lib/gcc/arm-none-eabi/15.3.1/../../../../arm-none-eabi/lib/thumb/v7e-m+fp/hard/libm.a(libm_a-w_exp.o)
                0x0800d380                exp
 .text.sqrtf    0x0800d420       0x50 /Users/choqy/workspace/xiaomi_dog/.toolchains/arm-gnu-15.3/bin/../lib/gcc/arm-none-eabi/15.3.1/../../../../arm-none-eabi/lib/thumb/v7e-m+fp/hard/libm.a(libm_a-wf_sqrt.o)
                0x0800d420                sqrtf
 .text.finite   0x0800d470       0x18 /Users/choqy/workspace/xiaomi_dog/.toolchains/arm-gnu-15.3/bin/../lib/gcc/arm-none-eabi/15.3.1/../../../../arm-none-eabi/lib/thumb/v7e-m+fp/hard/libm.a(libm_a-s_finite.o)
                0x0800d470                finite
 .text.__ieee754_sqrtf
                0x0800d488        0x8 /Users/choqy/workspace/xiaomi_dog/.toolchains/arm-gnu-15.3/bin/../lib/gcc/arm-none-eabi/15.3.1/../../../../arm-none-eabi/lib/thumb/v7e-m+fp/hard/libm.a(libm_a-ef_sqrt.o)
                0x0800d488                __ieee754_sqrtf
 .text.__ieee754_exp
                0x0800d490      0x3a4 /Users/choqy/workspace/xiaomi_dog/.toolchains/arm-gnu-15.3/bin/../lib/gcc/arm-none-eabi/15.3.1/../../../../arm-none-eabi/lib/thumb/v7e-m+fp/hard/libm.a(libm_a-e_exp.o)
                0x0800d490                __ieee754_exp
 .text.__ieee754_fmodf
                0x0800d834      0x188 /Users/choqy/workspace/xiaomi_dog/.toolchains/arm-gnu-15.3/bin/../lib/gcc/arm-none-eabi/15.3.1/../../../../arm-none-eabi/lib/thumb/v7e-m+fp/hard/libm.a(libm_a-ef_fmod.o)
                0x0800d834                __ieee754_fmodf
 .text.fmaxf    0x0800d9bc       0x50 /Users/choqy/workspace/xiaomi_dog/.toolchains/arm-gnu-15.3/bin/../lib/gcc/arm-none-eabi/15.3.1/../../../../arm-none-eabi/lib/thumb/v7e-m+fp/hard/libm.a(libm_a-sf_fmax.o)
                0x0800d9bc                fmaxf
 .text.fminf    0x0800da0c       0x50 /Users/choqy/workspace/xiaomi_dog/.toolchains/arm-gnu-15.3/bin/../lib/gcc/arm-none-eabi/15.3.1/../../../../arm-none-eabi/lib/thumb/v7e-m+fp/hard/libm.a(libm_a-sf_fmin.o)
                0x0800da0c                fminf
 .text.__fpclassifyf
                0x0800da5c       0x38 /Users/choqy/workspace/xiaomi_dog/.toolchains/arm-gnu-15.3/bin/../lib/gcc/arm-none-eabi/15.3.1/../../../../arm-none-eabi/lib/thumb/v7e-m+fp/hard/libm.a(libm_a-sf_fpclassify.o)
                0x0800da5c                __fpclassifyf
 .text.lroundf  0x0800da94       0x5c /Users/choqy/workspace/xiaomi_dog/.toolchains/arm-gnu-15.3/bin/../lib/gcc/arm-none-eabi/15.3.1/../../../../arm-none-eabi/lib/thumb/v7e-m+fp/hard/libm.a(libm_a-sf_lround.o)
                0x0800da94                lroundf
 .text.with_errno
                0x0800daf0       0x18 /Users/choqy/workspace/xiaomi_dog/.toolchains/arm-gnu-15.3/bin/../lib/gcc/arm-none-eabi/15.3.1/../../../../arm-none-eabi/lib/thumb/v7e-m+fp/hard/libm.a(libm_a-math_err.o)
 .text.xflow    0x0800db08       0x34 /Users/choqy/workspace/xiaomi_dog/.toolchains/arm-gnu-15.3/bin/../lib/gcc/arm-none-eabi/15.3.1/../../../../arm-none-eabi/lib/thumb/v7e-m+fp/hard/libm.a(libm_a-math_err.o)
 *fill*         0x0800db3c        0x4 
 .text.__math_uflow
                0x0800db40       0x10 /Users/choqy/workspace/xiaomi_dog/.toolchains/arm-gnu-15.3/bin/../lib/gcc/arm-none-eabi/15.3.1/../../../../arm-none-eabi/lib/thumb/v7e-m+fp/hard/libm.a(libm_a-math_err.o)
                0x0800db40                __math_uflow
 .text.__math_oflow
                0x0800db50       0x10 /Users/choqy/workspace/xiaomi_dog/.toolchains/arm-gnu-15.3/bin/../lib/gcc/arm-none-eabi/15.3.1/../../../../arm-none-eabi/lib/thumb/v7e-m+fp/hard/libm.a(libm_a-math_err.o)
                0x0800db50                __math_oflow
 .text.__paritysi2
                0x0800db60       0x20 /Users/choqy/workspace/xiaomi_dog/.toolchains/arm-gnu-15.3/bin/../lib/gcc/arm-none-eabi/15.3.1/thumb/v7e-m+fp/hard/libgcc.a(_paritysi2.o)
                0x0800db60                __paritysi2
 .text.__fixdfdi
                0x0800db80       0x30 /Users/choqy/workspace/xiaomi_dog/.toolchains/arm-gnu-15.3/bin/../lib/gcc/arm-none-eabi/15.3.1/thumb/v7e-m+fp/hard/libgcc.a(_fixdfdi.o)
                0x0800db80                __aeabi_d2lz
                0x0800db80                __fixdfdi
 .text.__fixunsdfdi
                0x0800dbb0       0x3c /Users/choqy/workspace/xiaomi_dog/.toolchains/arm-gnu-15.3/bin/../lib/gcc/arm-none-eabi/15.3.1/thumb/v7e-m+fp/hard/libgcc.a(_fixunsdfdi.o)
                0x0800dbb0                __aeabi_d2ulz
                0x0800dbb0                __fixunsdfdi
 *(.glue_7)
 .glue_7        0x0800dbec        0x0 linker stubs
 *(.glue_7t)
 .glue_7t       0x0800dbec        0x0 linker stubs
 *(.eh_frame)
 .eh_frame      0x0800dbec        0x0 /Users/choqy/workspace/xiaomi_dog/.toolchains/arm-gnu-15.3/bin/../lib/gcc/arm-none-eabi/15.3.1/thumb/v7e-m+fp/hard/crtbegin.o
 *(.init)
 .init          0x0800dbec        0x4 /Users/choqy/workspace/xiaomi_dog/.toolchains/arm-gnu-15.3/bin/../lib/gcc/arm-none-eabi/15.3.1/thumb/v7e-m+fp/hard/crti.o
                0x0800dbec                _init
 .init          0x0800dbf0        0x8 /Users/choqy/workspace/xiaomi_dog/.toolchains/arm-gnu-15.3/bin/../lib/gcc/arm-none-eabi/15.3.1/thumb/v7e-m+fp/hard/crtn.o
 *(.fini)
 .fini          0x0800dbf8        0x4 /Users/choqy/workspace/xiaomi_dog/.toolchains/arm-gnu-15.3/bin/../lib/gcc/arm-none-eabi/15.3.1/thumb/v7e-m+fp/hard/crti.o
                0x0800dbf8                _fini
 .fini          0x0800dbfc        0x8 /Users/choqy/workspace/xiaomi_dog/.toolchains/arm-gnu-15.3/bin/../lib/gcc/arm-none-eabi/15.3.1/thumb/v7e-m+fp/hard/crtn.o
                0x0800dc04                        . = ALIGN (0x4)
                0x0800dc04                        _etext = .

.vfp11_veneer   0x0800dc04        0x0
 .vfp11_veneer  0x0800dc04        0x0 linker stubs

.v4_bx          0x0800dc04        0x0
 .v4_bx         0x0800dc04        0x0 linker stubs

.iplt           0x0800dc04        0x0
 .iplt          0x0800dc04        0x0 /Users/choqy/workspace/xiaomi_dog/.toolchains/arm-gnu-15.3/bin/../lib/gcc/arm-none-eabi/15.3.1/thumb/v7e-m+fp/hard/crtbegin.o

.rodata         0x0800dc08     0x18e0
                0x0800dc08                        . = ALIGN (0x4)
 *(.rodata)
 .rodata        0x0800dc08      0x100 build/release-normal/unsafe/diag_protocol.o
 .rodata        0x0800dd08       0x18 build/release-normal/unsafe/gd32f30x_rcu.o
 *(.rodata*)
 .rodata.main.str1.4
                0x0800dd20      0xaf3 build/release-normal/unsafe/main.o
                                0x11d (size before relaxing)
 *fill*         0x0800e813        0x1 
 .rodata.config_fields
                0x0800e814       0x34 build/release-normal/unsafe/diagnostics.o
 .rodata.order_phases.str1.4
                0x0800e848        0x0 build/release-normal/unsafe/calibration.o
                                 0xfe (size before relaxing)
 .rodata.calibrate_encoder.str1.4
                0x0800e848        0x0 build/release-normal/unsafe/calibration.o
                                 0x71 (size before relaxing)
 .rodata.drv_print_faults.str1.4
                0x0800e848        0x0 build/release-normal/unsafe/drv8323.o
                                 0xf9 (size before relaxing)
 .rodata.registers.0
                0x0800e848        0x5 build/release-normal/unsafe/drv8323.o
 .rodata.enter_menu_state.str1.4
                0x0800e84d        0x0 build/release-normal/unsafe/fsm.o
                                 0x99 (size before relaxing)
 .rodata.enter_setup_state.str1.4
                0x0800e84d        0x0 build/release-normal/unsafe/fsm.o
                                0x3a2 (size before relaxing)
 .rodata.run_fsm.str1.4
                0x0800e84d        0x0 build/release-normal/unsafe/fsm.o
                                 0x83 (size before relaxing)
 .rodata.process_user_input.str1.4
                0x0800e84d        0x0 build/release-normal/unsafe/fsm.o
                                0x1a3 (size before relaxing)
 .rodata.update_fsm.str1.4
                0x0800e84d        0x0 build/release-normal/unsafe/fsm.o
                                 0x55 (size before relaxing)
 *fill*         0x0800e84d        0x3 
 .rodata.sin_tab
                0x0800e850      0x800 build/release-normal/unsafe/math_ops.o
                0x0800e850                sin_tab
 .rodata.ps_print.str1.4
                0x0800f050        0x0 build/release-normal/unsafe/position_sensor.o
                                 0xa7 (size before relaxing)
 .rodata._printf_float.str1.1
                0x0800f050      0x210 /Users/choqy/workspace/xiaomi_dog/.toolchains/arm-gnu-15.3/bin/../lib/gcc/arm-none-eabi/15.3.1/../../../../arm-none-eabi/lib/thumb/v7e-m+fp/hard/libc_nano.a(libc_a-nano-vfprintf_float.o)
                                 0x12 (size before relaxing)
 .rodata._printf_i.str1.1
                0x0800f260        0x0 /Users/choqy/workspace/xiaomi_dog/.toolchains/arm-gnu-15.3/bin/../lib/gcc/arm-none-eabi/15.3.1/../../../../arm-none-eabi/lib/thumb/v7e-m+fp/hard/libc_nano.a(libc_a-nano-vfprintf_i.o)
                                 0x22 (size before relaxing)
 .rodata._strtod_l.str1.1
                0x0800f260        0x0 /Users/choqy/workspace/xiaomi_dog/.toolchains/arm-gnu-15.3/bin/../lib/gcc/arm-none-eabi/15.3.1/../../../../arm-none-eabi/lib/thumb/v7e-m+fp/hard/libc_nano.a(libc_a-strtod.o)
                                  0xf (size before relaxing)
 .rodata.fpinan.0
                0x0800f260       0x14 /Users/choqy/workspace/xiaomi_dog/.toolchains/arm-gnu-15.3/bin/../lib/gcc/arm-none-eabi/15.3.1/../../../../arm-none-eabi/lib/thumb/v7e-m+fp/hard/libc_nano.a(libc_a-strtod.o)
 .rodata.fpi.1  0x0800f274       0x14 /Users/choqy/workspace/xiaomi_dog/.toolchains/arm-gnu-15.3/bin/../lib/gcc/arm-none-eabi/15.3.1/../../../../arm-none-eabi/lib/thumb/v7e-m+fp/hard/libc_nano.a(libc_a-strtod.o)
 .rodata.tinytens
                0x0800f288       0x28 /Users/choqy/workspace/xiaomi_dog/.toolchains/arm-gnu-15.3/bin/../lib/gcc/arm-none-eabi/15.3.1/../../../../arm-none-eabi/lib/thumb/v7e-m+fp/hard/libc_nano.a(libc_a-strtod.o)
 .rodata._setlocale_r.str1.1
                0x0800f2b0        0x0 /Users/choqy/workspace/xiaomi_dog/.toolchains/arm-gnu-15.3/bin/../lib/gcc/arm-none-eabi/15.3.1/../../../../arm-none-eabi/lib/thumb/v7e-m+fp/hard/libc_nano.a(libc_a-locale.o)
                                  0x9 (size before relaxing)
 .rodata.str1.1
                0x0800f2b0        0x0 /Users/choqy/workspace/xiaomi_dog/.toolchains/arm-gnu-15.3/bin/../lib/gcc/arm-none-eabi/15.3.1/../../../../arm-none-eabi/lib/thumb/v7e-m+fp/hard/libc_nano.a(libc_a-locale.o)
                                  0x2 (size before relaxing)
 .rodata._ctype_
                0x0800f2b0      0x101 /Users/choqy/workspace/xiaomi_dog/.toolchains/arm-gnu-15.3/bin/../lib/gcc/arm-none-eabi/15.3.1/../../../../arm-none-eabi/lib/thumb/v7e-m+fp/hard/libc_nano.a(libc_a-ctype_.o)
                0x0800f2b0                _ctype_
 .rodata._dtoa_r.str1.1
                0x0800f3b1        0x0 /Users/choqy/workspace/xiaomi_dog/.toolchains/arm-gnu-15.3/bin/../lib/gcc/arm-none-eabi/15.3.1/../../../../arm-none-eabi/lib/thumb/v7e-m+fp/hard/libc_nano.a(libc_a-dtoa.o)
                                 0xa4 (size before relaxing)
 .rodata.__gethex.str1.1
                0x0800f3b1        0x0 /Users/choqy/workspace/xiaomi_dog/.toolchains/arm-gnu-15.3/bin/../lib/gcc/arm-none-eabi/15.3.1/../../../../arm-none-eabi/lib/thumb/v7e-m+fp/hard/libc_nano.a(libc_a-gdtoa-gethex.o)
                                 0x88 (size before relaxing)
 .rodata._vfprintf_r.str1.1
                0x0800f3b1        0x0 /Users/choqy/workspace/xiaomi_dog/.toolchains/arm-gnu-15.3/bin/../lib/gcc/arm-none-eabi/15.3.1/../../../../arm-none-eabi/lib/thumb/v7e-m+fp/hard/libc_nano.a(libc_a-nano-vfprintf.o)
                                 0x11 (size before relaxing)
 .rodata._Balloc.str1.1
                0x0800f3b1        0x0 /Users/choqy/workspace/xiaomi_dog/.toolchains/arm-gnu-15.3/bin/../lib/gcc/arm-none-eabi/15.3.1/../../../../arm-none-eabi/lib/thumb/v7e-m+fp/hard/libc_nano.a(libc_a-mprec.o)
                                 0x85 (size before relaxing)
 .rodata.__multadd.str1.1
                0x0800f3b1        0x0 /Users/choqy/workspace/xiaomi_dog/.toolchains/arm-gnu-15.3/bin/../lib/gcc/arm-none-eabi/15.3.1/../../../../arm-none-eabi/lib/thumb/v7e-m+fp/hard/libc_nano.a(libc_a-mprec.o)
                                 0x11 (size before relaxing)
 *fill*         0x0800f3b1        0x3 
 .rodata.p05.0  0x0800f3b4        0xc /Users/choqy/workspace/xiaomi_dog/.toolchains/arm-gnu-15.3/bin/../lib/gcc/arm-none-eabi/15.3.1/../../../../arm-none-eabi/lib/thumb/v7e-m+fp/hard/libc_nano.a(libc_a-mprec.o)
 .rodata.__mprec_bigtens
                0x0800f3c0       0x28 /Users/choqy/workspace/xiaomi_dog/.toolchains/arm-gnu-15.3/bin/../lib/gcc/arm-none-eabi/15.3.1/../../../../arm-none-eabi/lib/thumb/v7e-m+fp/hard/libc_nano.a(libc_a-mprec.o)
                0x0800f3c0                __mprec_bigtens
 .rodata.__mprec_tens
                0x0800f3e8       0xc8 /Users/choqy/workspace/xiaomi_dog/.toolchains/arm-gnu-15.3/bin/../lib/gcc/arm-none-eabi/15.3.1/../../../../arm-none-eabi/lib/thumb/v7e-m+fp/hard/libc_nano.a(libc_a-mprec.o)
                0x0800f3e8                __mprec_tens
 .rodata.__assert_func.str1.1
                0x0800f4b0        0x0 /Users/choqy/workspace/xiaomi_dog/.toolchains/arm-gnu-15.3/bin/../lib/gcc/arm-none-eabi/15.3.1/../../../../arm-none-eabi/lib/thumb/v7e-m+fp/hard/libc_nano.a(libc_a-assert.o)
                                 0x3d (size before relaxing)
 .rodata.ln2LO  0x0800f4b0       0x10 /Users/choqy/workspace/xiaomi_dog/.toolchains/arm-gnu-15.3/bin/../lib/gcc/arm-none-eabi/15.3.1/../../../../arm-none-eabi/lib/thumb/v7e-m+fp/hard/libm.a(libm_a-e_exp.o)
 .rodata.ln2HI  0x0800f4c0       0x10 /Users/choqy/workspace/xiaomi_dog/.toolchains/arm-gnu-15.3/bin/../lib/gcc/arm-none-eabi/15.3.1/../../../../arm-none-eabi/lib/thumb/v7e-m+fp/hard/libm.a(libm_a-e_exp.o)
 .rodata.halF   0x0800f4d0       0x10 /Users/choqy/workspace/xiaomi_dog/.toolchains/arm-gnu-15.3/bin/../lib/gcc/arm-none-eabi/15.3.1/../../../../arm-none-eabi/lib/thumb/v7e-m+fp/hard/libm.a(libm_a-e_exp.o)
 .rodata.Zero   0x0800f4e0        0x8 /Users/choqy/workspace/xiaomi_dog/.toolchains/arm-gnu-15.3/bin/../lib/gcc/arm-none-eabi/15.3.1/../../../../arm-none-eabi/lib/thumb/v7e-m+fp/hard/libm.a(libm_a-ef_fmod.o)
                0x0800f4e8                        . = ALIGN (0x4)

.ARM.extab
 *(.ARM.extab* .gnu.linkonce.armextab.*)

.ARM            0x0800f4e8        0x8
                0x0800f4e8                        __exidx_start = .
 *(.ARM.exidx*)
 .ARM.exidx     0x0800f4e8        0x8 /Users/choqy/workspace/xiaomi_dog/.toolchains/arm-gnu-15.3/bin/../lib/gcc/arm-none-eabi/15.3.1/../../../../arm-none-eabi/lib/thumb/v7e-m+fp/hard/libc_nano.a(libc_a-memchr.o)
 .ARM.exidx     0x0800f4f0        0x0 /Users/choqy/workspace/xiaomi_dog/.toolchains/arm-gnu-15.3/bin/../lib/gcc/arm-none-eabi/15.3.1/../../../../arm-none-eabi/lib/thumb/v7e-m+fp/hard/libc_nano.a(libc_a-strlen.o)